143.106.89.246 - - [22/May/2024:02:43:50 +0700] "GET /usr/admin/developer HTTP/1.0" 403 622 "-" "Mozilla/5.0 (Linux; Android 10; ONEPLUS A6000) AppleWebKit/537.36 (KHTML, like Gecko) Chrome/87.0.4280.141 Mobile Safari/537.36" 1172
84.104.191.135 - - [22/May/2024:02:02:56 +0700] "DELETE /usr HTTP/1.0" 200 1166 "-" "Mozilla/5.0 (Windows NT 10.0; Win64; x64) AppleWebKit/537.36 (KHTML, like Gecko) Chrome/87.0.4280.88 Safari/537.36 OPR/73.0.3856.329" 2326
66.63.212.113 - - [22/May/2024:02:45:31 +0700] "PUT /usr HTTP/1.0" 502 1972 "https://martin.org/category/app/appindex.html" "Mozilla/5.0 (Linux; Android 10; ONEPLUS A6000) AppleWebKit/537.36 (KHTML, like Gecko) Chrome/86.0.4240.198 Mobile Safari/537.36 OPR/61.2.3076.56749" 2350
218.202.93.91 - - [22/May/2024:02:09:39 +0700] "DELETE /usr/login HTTP/1.0" 403 2732 "https://martin.org/category/app/appindex.html" "Mozilla/5.0 (Linux; Android 10; ONEPLUS A6000) AppleWebKit/537.36 (KHTML, like Gecko) Chrome/87.0.4280.141 Mobile Safari/537.36" 3978
200.177.71.253 - - [22/May/2024:02:16:21 +0700] "POST /usr HTTP/1.0" 304 3334 "https://martin.org/category/app/appindex.html" "Mozilla/5.0 (Macintosh; Intel Mac OS X 10_9_3) AppleWebKit/537.75.14 (KHTML, like Gecko) Version/7.0.3 Safari/7046A194A" 4886
35.203.220.171 - - [22/May/2024:02:12:26 +0700] "POST /usr HTTP/1.0" 304 2703 "-" "Mozilla/5.0 (Windows NT 10.0; Win64; x64) AppleWebKit/537.36 (KHTML, like Gecko) Chrome/87.0.4280.88 Safari/537.36 OPR/73.0.3856.329" 1496
66.63.212.113 - - [22/May/2024:02:30:02 +0700] "POST /usr/login HTTP/1.0" 304 4967 "https://martin.org/category/app/appindex.html" "Mozilla/5.0 (Windows NT 10.0; Win64; x64) AppleWebKit/537.36 (KHTML, like Gecko) Chrome/87.0.4280.141 Safari/537.36" 1897
80.127.106.125 - - [22/May/2024:02:21:54 +0700] "PUT /usr/register HTTP/1.0" 200 4844 "-" "Mozilla/5.0 (iPhone; CPU iPhone OS 12_4_9 like Mac OS X) AppleWebKit/605.1.15 (KHTML, like Gecko) Version/12.1.2 Mobile/15E148 Safari/604.1" 1465
41.211.66.128 - - [22/May/2024:02:44:39 +0700] "DELETE /usr HTTP/1.0" 502 1747 "https://martin.org/category/app/appindex.html" "Mozilla/5.0 (Linux; Android 10; ONEPLUS A6000) AppleWebKit/537.36 (KHTML, like Gecko) Chrome/77.0.3865.116 Mobile Safari/537.36 EdgA/45.12.4.5121" 4894
132.191.172.36 - - [22/May/2024:02:48:00 +0700] "POST /usr HTTP/1.0" 500 2555 "https://martin.org/category/app/appindex.html" "Mozilla/5.0 (Android 10; Mobile; rv:84.0) Gecko/84.0 Firefox/84.0" 4752
108.123.240.117 - - [22/May/2024:02:53:47 +0700] "PUT /usr/admin/developer HTTP/1.0" 303 4266 "https://martin.org/category/app/appindex.html" "Mozilla/5.0 (Linux; Android 10; ONEPLUS A6000) AppleWebKit/537.36 (KHTML, like Gecko) Chrome/86.0.4240.198 Mobile Safari/537.36 OPR/61.2.3076.56749" 4183
66.63.212.113 - - [22/May/2024:02:04:13 +0700] "PUT /usr/admin/developer HTTP/1.0" 404 1324 "https://martin.org/category/app/appindex.html" "Mozilla/5.0 (Windows NT 10.0; Win64; x64; rv:84.0) Gecko/20100101 Firefox/84.0" 1145
26.174.77.251 - - [22/May/2024:02:28:18 +0700] "POST /usr HTTP/1.0" 303 3987 "https://martin.org/category/app/appindex.html" "Mozilla/5.0 (iPhone; CPU iPhone OS 12_4_9 like Mac OS X) AppleWebKit/605.1.15 (KHTML, like Gecko) Version/12.1.2 Mobile/15E148 Safari/604.1" 3255
66.63.212.113 - - [22/May/2024:02:21:37 +0700] "PUT /usr/login HTTP/1.0" 200 3031 "-" "Mozilla/5.0 (Linux; Android 10; ONEPLUS A6000) AppleWebKit/537.36 (KHTML, like Gecko) Chrome/87.0.4280.141 Mobile Safari/537.36" 4968
138.170.70.238 - - [22/May/2024:02:12:03 +0700] "POST /usr HTTP/1.0" 404 3759 "-" "Mozilla/5.0 (Windows NT 10.0; Win64; x64; rv:84.0) Gecko/20100101 Firefox/84.0" 482
218.202.93.91 - - [22/May/2024:02:00:04 +0700] "POST /usr/login HTTP/1.0" 200 778 "-" "Mozilla/5.0 (iPhone; CPU iPhone OS 12_4_9 like Mac OS X) AppleWebKit/605.1.15 (KHTML, like Gecko) Version/12.1.2 Mobile/15E148 Safari/604.1" 3387
66.63.212.113 - - [22/May/2024:02:37:56 +0700] "PUT /usr/register HTTP/1.0" 500 294 "-" "Mozilla/5.0 (Windows NT 10.0; Win64; x64; rv:84.0) Gecko/20100101 Firefox/84.0" 119
111.179.174.61 - - [22/May/2024:02:22:26 +0700] "PUT /usr/admin/developer HTTP/1.0" 304 4584 "https://martin.org/category/app/appindex.html" "Mozilla/5.0 (Macintosh; Intel Mac OS X 10_9_3) AppleWebKit/537.75.14 (KHTML, like Gecko) Version/7.0.3 Safari/7046A194A" 4059
170.22.78.167 - - [22/May/2024:02:11:17 +0700] "PUT /usr/login HTTP/1.0" 404 3032 "-" "Mozilla/5.0 (Windows NT 10.0; Win64; x64) AppleWebKit/537.36 (KHTML, like Gecko) Chrome/87.0.4280.141 Safari/537.36" 3080
41.230.116.70 - - [22/May/2024:02:16:23 +0700] "POST /usr/login HTTP/1.0" 303 2339 "https://martin.org/category/app/appindex.html" "Mozilla/5.0 (Linux; Android 10; ONEPLUS A6000) AppleWebKit/537.36 (KHTML, like Gecko) Chrome/77.0.3865.116 Mobile Safari/537.36 EdgA/45.12.4.5121" 4470
212.118.114.85 - - [22/May/2024:02:33:10 +0700] "PUT /usr/register HTTP/1.0" 500 809 "https://martin.org/category/app/appindex.html" "Mozilla/5.0 (Linux; Android 10; ONEPLUS A6000) AppleWebKit/537.36 (KHTML, like Gecko) Chrome/87.0.4280.141 Mobile Safari/537.36" 3633
139.131.74.210 - - [22/May/2024:02:13:07 +0700] "POST /usr/register HTTP/1.0" 403 802 "-" "Mozilla/5.0 (Android 10; Mobile; rv:84.0) Gecko/84.0 Firefox/84.0" 914
16.25.184.140 - - [22/May/2024:02:13:03 +0700] "DELETE /usr HTTP/1.0" 304 1997 "-" "Mozilla/5.0 (Windows NT 10.0; Win64; x64) AppleWebKit/537.36 (KHTML, like Gecko) Chrome/87.0.4280.141 Safari/537.36" 1732
41.211.66.128 - - [22/May/2024:02:56:16 +0700] "DELETE /usr HTTP/1.0" 404 1722 "https://martin.org/category/app/appindex.html" "Mozilla/5.0 (iPhone; CPU iPhone OS 12_4_9 like Mac OS X) AppleWebKit/605.1.15 (KHTML, like Gecko) Version/12.1.2 Mobile/15E148 Safari/604.1" 4758
143.106.89.246 - - [22/May/2024:02:24:57 +0700] "GET /usr/register HTTP/1.0" 303 4529 "https://martin.org/category/app/appindex.html" "Mozilla/5.0 (Linux; Android 10; ONEPLUS A6000) AppleWebKit/537.36 (KHTML, like Gecko) Chrome/87.0.4280.141 Mobile Safari/537.36" 2898
218.25.1.114 - - [22/May/2024:02:25:02 +0700] "GET /usr/login HTTP/1.0" 404 2600 "https://martin.org/category/app/appindex.html" "Mozilla/5.0 (Windows NT 10.0; Win64; x64) AppleWebKit/537.36 (KHTML, like Gecko) Chrome/87.0.4280.141 Safari/537.36" 2069
220.119.157.130 - - [22/May/2024:02:00:44 +0700] "GET /usr/admin HTTP/1.0" 500 148 "https://martin.org/category/app/appindex.html" "Mozilla/5.0 (Linux; Android 10; ONEPLUS A6000) AppleWebKit/537.36 (KHTML, like Gecko) Chrome/86.0.4240.198 Mobile Safari/537.36 OPR/61.2.3076.56749" 1102
198.183.70.108 - - [22/May/2024:02:06:28 +0700] "PUT /usr/admin/developer HTTP/1.0" 502 3453 "-" "Mozilla/5.0 (Android 10; Mobile; rv:84.0) Gecko/84.0 Firefox/84.0" 2189
138.170.70.238 - - [22/May/2024:02:30:34 +0700] "GET /usr/register HTTP/1.0" 502 2813 "https://martin.org/category/app/appindex.html" "Mozilla/5.0 (Windows NT 10.0; Win64; x64) AppleWebKit/537.36 (KHTML, like Gecko) Chrome/87.0.4280.88 Safari/537.36 OPR/73.0.3856.329" 3033
108.123.240.117 - - [22/May/2024:02:31:06 +0700] "GET /usr/login HTTP/1.0" 403 2377 "https://martin.org/category/app/appindex.html" "Mozilla/5.0 (Linux; Android 10; ONEPLUS A6000) AppleWebKit/537.36 (KHTML, like Gecko) Chrome/86.0.4240.198 Mobile Safari/537.36 OPR/61.2.3076.56749" 4953
138.170.70.238 - - [22/May/2024:02:32:57 +0700] "GET /usr/admin/developer HTTP/1.0" 403 3786 "-" "Mozilla/5.0 (Linux; Android 10; ONEPLUS A6000) AppleWebKit/537.36 (KHTML, like Gecko) Chrome/87.0.4280.141 Mobile Safari/537.36" 2084
132.191.172.36 - - [22/May/2024:02:56:44 +0700] "PUT /usr/login HTTP/1.0" 303 4137 "-" "Mozilla/5.0 (Windows NT 10.0; Win64; x64) AppleWebKit/537.36 (KHTML, like Gecko) Chrome/87.0.4280.88 Safari/537.36 OPR/73.0.3856.329" 2498
84.104.191.135 - - [22/May/2024:02:39:34 +0700] "PUT /usr/admin HTTP/1.0" 502 1690 "https://martin.org/category/app/appindex.html" "Mozilla/5.0 (Windows NT 10.0; Win64; x64) AppleWebKit/537.36 (KHTML, like Gecko) Chrome/87.0.4280.88 Safari/537.36 OPR/73.0.3856.329" 2898
80.127.106.125 - - [22/May/2024:02:55:03 +0700] "POST /usr/admin/developer HTTP/1.0" 404 4370 "-" "Mozilla/5.0 (Linux; Android 10; ONEPLUS A6000) AppleWebKit/537.36 (KHTML, like Gecko) Chrome/86.0.4240.198 Mobile Safari/537.36 OPR/61.2.3076.56749" 3182
84.104.191.135 - - [22/May/2024:02:49:55 +0700] "DELETE /usr/login HTTP/1.0" 200 2587 "https://martin.org/category/app/appindex.html" "Mozilla/5.0 (Windows NT 10.0; Win64; x64) AppleWebKit/537.36 (KHTML, like Gecko) Chrome/89.0.4380.0 Safari/537.36 Edg/89.0.759.0" 4799
108.123.240.117 - - [22/May/2024:02:41:19 +0700] "GET /usr/admin/developer HTTP/1.0" 200 3744 "https://martin.org/category/app/appindex.html" "Mozilla/5.0 (Linux; Android 10; ONEPLUS A6000) AppleWebKit/537.36 (KHTML, like Gecko) Chrome/77.0.3865.116 Mobile Safari/537.36 EdgA/45.12.4.5121" 3158
84.104.191.135 - - [22/May/2024:02:15:38 +0700] "DELETE /usr/admin/developer HTTP/1.0" 304 4941 "https://martin.org/category/app/appindex.html" "Mozilla/5.0 (Windows NT 10.0; Win64; x64; rv:84.0) Gecko/20100101 Firefox/84.0" 2441
80.127.106.125 - - [22/May/2024:02:32:42 +0700] "POST /usr/admin/developer HTTP/1.0" 500 1297 "https://martin.org/category/app/appindex.html" "Mozilla/5.0 (iPhone; CPU iPhone OS 12_4_9 like Mac OS X) AppleWebKit/605.1.15 (KHTML, like Gecko) Version/12.1.2 Mobile/15E148 Safari/604.1" 3051
35.203.220.171 - - [22/May/2024:02:46:15 +0700] "POST /usr/admin HTTP/1.0" 502 72 "https://martin.org/category/app/appindex.html" "Mozilla/5.0 (Windows NT 10.0; Win64; x64) AppleWebKit/537.36 (KHTML, like Gecko) Chrome/87.0.4280.141 Safari/537.36" 482
26.174.77.251 - - [22/May/2024:02:17:54 +0700] "DELETE /usr/admin HTTP/1.0" 500 1397 "-" "Mozilla/5.0 (Macintosh; Intel Mac OS X 10_9_3) AppleWebKit/537.75.14 (KHTML, like Gecko) Version/7.0.3 Safari/7046A194A" 2355
198.183.70.108 - - [22/May/2024:02:53:39 +0700] "PUT /usr HTTP/1.0" 303 4526 "-" "Mozilla/5.0 (Android 10; Mobile; rv:84.0) Gecko/84.0 Firefox/84.0" 2643
41.230.116.70 - - [22/May/2024:02:00:55 +0700] "DELETE /usr/register HTTP/1.0" 502 2769 "https://martin.org/category/app/appindex.html" "Mozilla/5.0 (Linux; Android 10; ONEPLUS A6000) AppleWebKit/537.36 (KHTML, like Gecko) Chrome/86.0.4240.198 Mobile Safari/537.36 OPR/61.2.3076.56749" 4761
138.170.70.238 - - [22/May/2024:02:05:45 +0700] "PUT /usr/register HTTP/1.0" 200 1469 "https://martin.org/category/app/appindex.html" "Mozilla/5.0 (Linux; Android 10; ONEPLUS A6000) AppleWebKit/537.36 (KHTML, like Gecko) Chrome/77.0.3865.116 Mobile Safari/537.36 EdgA/45.12.4.5121" 4709
26.134.198.19 - - [22/May/2024:02:09:12 +0700] "GET /usr/register HTTP/1.0" 304 3014 "https://martin.org/category/app/appindex.html" "Mozilla/5.0 (Windows NT 10.0; Win64; x64) AppleWebKit/537.36 (KHTML, like Gecko) Chrome/89.0.4380.0 Safari/537.36 Edg/89.0.759.0" 2273
41.211.66.128 - - [22/May/2024:02:17:38 +0700] "POST /usr/admin/developer HTTP/1.0" 404 1922 "-" "Mozilla/5.0 (Windows NT 10.0; Win64; x64) AppleWebKit/537.36 (KHTML, like Gecko) Chrome/89.0.4380.0 Safari/537.36 Edg/89.0.759.0" 1613
111.179.174.61 - - [22/May/2024:02:28:27 +0700] "PUT /usr/admin/developer HTTP/1.0" 500 987 "https://martin.org/category/app/appindex.html" "Mozilla/5.0 (Windows NT 10.0; Win64; x64) AppleWebKit/537.36 (KHTML, like Gecko) Chrome/87.0.4280.141 Safari/537.36" 2387
16.25.184.140 - - [22/May/2024:02:31:33 +0700] "POST /usr/register HTTP/1.0" 502 1729 "https://martin.org/category/app/appindex.html" "Mozilla/5.0 (Windows NT 10.0; Win64; x64) AppleWebKit/537.36 (KHTML, like Gecko) Chrome/87.0.4280.141 Safari/537.36" 2464
170.22.78.167 - - [22/May/2024:02:13:01 +0700] "PUT /usr/admin HTTP/1.0" 502 162 "https://martin.org/category/app/appindex.html" "Mozilla/5.0 (Linux; Android 10; ONEPLUS A6000) AppleWebKit/537.36 (KHTML, like Gecko) Chrome/87.0.4280.141 Mobile Safari/537.36" 2501
26.174.77.251 - - [22/May/2024:02:52:05 +0700] "POST /usr/register HTTP/1.0" 303 1787 "-" "Mozilla/5.0 (Windows NT 10.0; Win64; x64) AppleWebKit/537.36 (KHTML, like Gecko) Chrome/89.0.4380.0 Safari/537.36 Edg/89.0.759.0" 1243
139.131.74.210 - - [22/May/2024:02:42:07 +0700] "GET /usr/register HTTP/1.0" 200 1365 "-" "Mozilla/5.0 (iPhone; CPU iPhone OS 12_4_9 like Mac OS X) AppleWebKit/605.1.15 (KHTML, like Gecko) Version/12.1.2 Mobile/15E148 Safari/604.1" 2246
41.36.217.76 - - [22/May/2024:02:29:47 +0700] "PUT /usr/register HTTP/1.0" 304 4528 "-" "Mozilla/5.0 (Linux; Android 10; ONEPLUS A6000) AppleWebKit/537.36 (KHTML, like Gecko) Chrome/77.0.3865.116 Mobile Safari/537.36 EdgA/45.12.4.5121" 2201
3.237.6.150 - - [22/May/2024:02:38:40 +0700] "POST /usr HTTP/1.0" 404 3337 "-" "Mozilla/5.0 (Windows NT 10.0; Win64; x64; rv:84.0) Gecko/20100101 Firefox/84.0" 1099
106.49.89.176 - - [22/May/2024:02:18:04 +0700] "DELETE /usr HTTP/1.0" 303 2823 "https://martin.org/category/app/appindex.html" "Mozilla/5.0 (Windows NT 10.0; Win64; x64) AppleWebKit/537.36 (KHTML, like Gecko) Chrome/87.0.4280.88 Safari/537.36 OPR/73.0.3856.329" 1586
41.230.116.70 - - [22/May/2024:02:15:43 +0700] "GET /usr/admin/developer HTTP/1.0" 500 3910 "https://martin.org/category/app/appindex.html" "Mozilla/5.0 (Windows NT 10.0; Win64; x64) AppleWebKit/537.36 (KHTML, like Gecko) Chrome/89.0.4380.0 Safari/537.36 Edg/89.0.759.0" 674
170.22.78.167 - - [22/May/2024:02:51:01 +0700] "GET /usr/admin HTTP/1.0" 403 4311 "-" "Mozilla/5.0 (iPhone; CPU iPhone OS 12_4_9 like Mac OS X) AppleWebKit/605.1.15 (KHTML, like Gecko) Version/12.1.2 Mobile/15E148 Safari/604.1" 1349
170.22.78.167 - - [22/May/2024:02:01:48 +0700] "POST /usr/admin HTTP/1.0" 303 2741 "-" "Mozilla/5.0 (Macintosh; Intel Mac OS X 10_9_3) AppleWebKit/537.75.14 (KHTML, like Gecko) Version/7.0.3 Safari/7046A194A" 3095
170.22.78.167 - - [22/May/2024:02:43:53 +0700] "DELETE /usr/admin HTTP/1.0" 502 921 "-" "Mozilla/5.0 (Windows NT 10.0; Win64; x64) AppleWebKit/537.36 (KHTML, like Gecko) Chrome/87.0.4280.88 Safari/537.36 OPR/73.0.3856.329" 3508
212.118.114.85 - - [22/May/2024:02:23:33 +0700] "DELETE /usr HTTP/1.0" 304 2658 "-" "Mozilla/5.0 (Windows NT 10.0; Win64; x64; rv:84.0) Gecko/20100101 Firefox/84.0" 3139
212.118.114.85 - - [22/May/2024:02:09:04 +0700] "POST /usr/login HTTP/1.0" 500 911 "https://martin.org/category/app/appindex.html" "Mozilla/5.0 (Windows NT 10.0; Win64; x64) AppleWebKit/537.36 (KHTML, like Gecko) Chrome/89.0.4380.0 Safari/537.36 Edg/89.0.759.0" 2125
91.214.160.215 - - [22/May/2024:02:11:54 +0700] "PUT /usr HTTP/1.0" 200 4834 "https://martin.org/category/app/appindex.html" "Mozilla/5.0 (Linux; Android 10; ONEPLUS A6000) AppleWebKit/537.36 (KHTML, like Gecko) Chrome/87.0.4280.141 Mobile Safari/537.36" 4567
16.25.184.140 - - [22/May/2024:02:27:05 +0700] "POST /usr/register HTTP/1.0" 404 3118 "https://martin.org/category/app/appindex.html" "Mozilla/5.0 (Linux; Android 10; ONEPLUS A6000) AppleWebKit/537.36 (KHTML, like Gecko) Chrome/86.0.4240.198 Mobile Safari/537.36 OPR/61.2.3076.56749" 421
41.36.217.76 - - [22/May/2024:02:26:29 +0700] "GET /usr HTTP/1.0" 404 4830 "https://martin.org/category/app/appindex.html" "Mozilla/5.0 (Windows NT 10.0; Win64; x64) AppleWebKit/537.36 (KHTML, like Gecko) Chrome/87.0.4280.141 Safari/537.36" 2343
16.25.184.140 - - [22/May/2024:02:16:16 +0700] "GET /usr HTTP/1.0" 502 4269 "https://martin.org/category/app/appindex.html" "Mozilla/5.0 (Linux; Android 10; ONEPLUS A6000) AppleWebKit/537.36 (KHTML, like Gecko) Chrome/87.0.4280.141 Mobile Safari/537.36" 427
26.174.77.251 - - [22/May/2024:02:20:37 +0700] "DELETE /usr HTTP/1.0" 500 4294 "https://martin.org/category/app/appindex.html" "Mozilla/5.0 (Linux; Android 10; ONEPLUS A6000) AppleWebKit/537.36 (KHTML, like Gecko) Chrome/77.0.3865.116 Mobile Safari/537.36 EdgA/45.12.4.5121" 3131
143.106.89.246 - - [22/May/2024:02:01:09 +0700] "PUT /usr HTTP/1.0" 502 390 "-" "Mozilla/5.0 (Android 10; Mobile; rv:84.0) Gecko/84.0 Firefox/84.0" 1720
41.36.217.76 - - [22/May/2024:02:41:35 +0700] "DELETE /usr/login HTTP/1.0" 404 2667 "-" "Mozilla/5.0 (Windows NT 10.0; Win64; x64) AppleWebKit/537.36 (KHTML, like Gecko) Chrome/87.0.4280.88 Safari/537.36 OPR/73.0.3856.329" 1516
198.183.70.108 - - [22/May/2024:02:53:27 +0700] "POST /usr/admin/developer HTTP/1.0" 500 2011 "-" "Mozilla/5.0 (Macintosh; Intel Mac OS X 10_9_3) AppleWebKit/537.75.14 (KHTML, like Gecko) Version/7.0.3 Safari/7046A194A" 995
218.202.93.91 - - [22/May/2024:02:36:28 +0700] "POST /usr/admin/developer HTTP/1.0" 403 3479 "-" "Mozilla/5.0 (iPhone; CPU iPhone OS 12_4_9 like Mac OS X) AppleWebKit/605.1.15 (KHTML, like Gecko) Version/12.1.2 Mobile/15E148 Safari/604.1" 3716
212.118.114.85 - - [22/May/2024:02:32:50 +0700] "DELETE /usr/admin HTTP/1.0" 404 2775 "https://martin.org/category/app/appindex.html" "Mozilla/5.0 (Windows NT 10.0; Win64; x64; rv:84.0) Gecko/20100101 Firefox/84.0" 4715
41.36.217.76 - - [22/May/2024:02:49:58 +0700] "GET /usr/admin HTTP/1.0" 502 2020 "https://martin.org/category/app/appindex.html" "Mozilla/5.0 (Linux; Android 10; ONEPLUS A6000) AppleWebKit/537.36 (KHTML, like Gecko) Chrome/87.0.4280.141 Mobile Safari/537.36" 3897
26.134.198.19 - - [22/May/2024:02:34:58 +0700] "PUT /usr/login HTTP/1.0" 403 4914 "-" "Mozilla/5.0 (Windows NT 10.0; Win64; x64) AppleWebKit/537.36 (KHTML, like Gecko) Chrome/87.0.4280.88 Safari/537.36 OPR/73.0.3856.329" 1352
111.179.174.61 - - [22/May/2024:02:25:27 +0700] "GET /usr HTTP/1.0" 200 193 "-" "Mozilla/5.0 (Macintosh; Intel Mac OS X 10_9_3) AppleWebKit/537.75.14 (KHTML, like Gecko) Version/7.0.3 Safari/7046A194A" 2764
91.214.160.215 - - [22/May/2024:02:43:17 +0700] "POST /usr HTTP/1.0" 502 3813 "-" "Mozilla/5.0 (iPhone; CPU iPhone OS 12_4_9 like Mac OS X) AppleWebKit/605.1.15 (KHTML, like Gecko) Version/12.1.2 Mobile/15E148 Safari/604.1" 922
132.191.172.36 - - [22/May/2024:02:38:52 +0700] "DELETE /usr/register HTTP/1.0" 404 279 "-" "Mozilla/5.0 (iPhone; CPU iPhone OS 12_4_9 like Mac OS X) AppleWebKit/605.1.15 (KHTML, like Gecko) Version/12.1.2 Mobile/15E148 Safari/604.1" 968
132.191.172.36 - - [22/May/2024:02:00:38 +0700] "GET /usr/admin HTTP/1.0" 502 3601 "-" "Mozilla/5.0 (iPhone; CPU iPhone OS 12_4_9 like Mac OS X) AppleWebKit/605.1.15 (KHTML, like Gecko) Version/12.1.2 Mobile/15E148 Safari/604.1" 4624
41.230.116.70 - - [22/May/2024:02:14:35 +0700] "POST /usr/admin HTTP/1.0" 303 4912 "-" "Mozilla/5.0 (Android 10; Mobile; rv:84.0) Gecko/84.0 Firefox/84.0" 2716
106.49.89.176 - - [22/May/2024:02:25:36 +0700] "PUT /usr/admin HTTP/1.0" 403 4160 "-" "Mozilla/5.0 (Windows NT 10.0; Win64; x64) AppleWebKit/537.36 (KHTML, like Gecko) Chrome/87.0.4280.88 Safari/537.36 OPR/73.0.3856.329" 1093
41.36.217.76 - - [22/May/2024:02:43:49 +0700] "POST /usr/admin/developer HTTP/1.0" 200 2468 "https://martin.org/category/app/appindex.html" "Mozilla/5.0 (Linux; Android 10; ONEPLUS A6000) AppleWebKit/537.36 (KHTML, like Gecko) Chrome/77.0.3865.116 Mobile Safari/537.36 EdgA/45.12.4.5121" 614
200.177.71.253 - - [22/May/2024:02:06:45 +0700] "PUT /usr HTTP/1.0" 502 3200 "https://martin.org/category/app/appindex.html" "Mozilla/5.0 (Windows NT 10.0; Win64; x64) AppleWebKit/537.36 (KHTML, like Gecko) Chrome/89.0.4380.0 Safari/537.36 Edg/89.0.759.0" 4681
220.119.157.130 - - [22/May/2024:02:53:54 +0700] "POST /usr/register HTTP/1.0" 200 4056 "https://martin.org/category/app/appindex.html" "Mozilla/5.0 (iPhone; CPU iPhone OS 12_4_9 like Mac OS X) AppleWebKit/605.1.15 (KHTML, like Gecko) Version/12.1.2 Mobile/15E148 Safari/604.1" 961
111.179.174.61 - - [22/May/2024:02:59:27 +0700] "GET /usr/admin HTTP/1.0" 304 4740 "-" "Mozilla/5.0 (Windows NT 10.0; Win64; x64; rv:84.0) Gecko/20100101 Firefox/84.0" 1762
111.179.174.61 - - [22/May/2024:02:17:14 +0700] "DELETE /usr HTTP/1.0" 303 3353 "https://martin.org/category/app/appindex.html" "Mozilla/5.0 (Linux; Android 10; ONEPLUS A6000) AppleWebKit/537.36 (KHTML, like Gecko) Chrome/77.0.3865.116 Mobile Safari/537.36 EdgA/45.12.4.5121" 4562
212.118.114.85 - - [22/May/2024:02:49:17 +0700] "POST /usr/admin/developer HTTP/1.0" 502 3063 "https://martin.org/category/app/appindex.html" "Mozilla/5.0 (Macintosh; Intel Mac OS X 10_9_3) AppleWebKit/537.75.14 (KHTML, like Gecko) Version/7.0.3 Safari/7046A194A" 1675
132.191.172.36 - - [22/May/2024:02:01:05 +0700] "GET /usr/login HTTP/1.0" 403 3887 "https://martin.org/category/app/appindex.html" "Mozilla/5.0 (iPhone; CPU iPhone OS 12_4_9 like Mac OS X) AppleWebKit/605.1.15 (KHTML, like Gecko) Version/12.1.2 Mobile/15E148 Safari/604.1" 4268
35.203.220.171 - - [22/May/2024:02:11:23 +0700] "PUT /usr/login HTTP/1.0" 403 109 "https://martin.org/category/app/appindex.html" "Mozilla/5.0 (Windows NT 10.0; Win64; x64) AppleWebKit/537.36 (KHTML, like Gecko) Chrome/87.0.4280.141 Safari/537.36" 4331
139.131.74.210 - - [22/May/2024:02:13:48 +0700] "GET /usr/login HTTP/1.0" 404 402 "-" "Mozilla/5.0 (Android 10; Mobile; rv:84.0) Gecko/84.0 Firefox/84.0" 2147
143.106.89.246 - - [22/May/2024:02:59:06 +0700] "PUT /usr/login HTTP/1.0" 200 190 "https://martin.org/category/app/appindex.html" "Mozilla/5.0 (Linux; Android 10; ONEPLUS A6000) AppleWebKit/537.36 (KHTML, like Gecko) Chrome/77.0.3865.116 Mobile Safari/537.36 EdgA/45.12.4.5121" 1697
41.211.66.128 - - [22/May/2024:02:32:54 +0700] "DELETE /usr/register HTTP/1.0" 502 848 "-" "Mozilla/5.0 (Linux; Android 10; ONEPLUS A6000) AppleWebKit/537.36 (KHTML, like Gecko) Chrome/86.0.4240.198 Mobile Safari/537.36 OPR/61.2.3076.56749" 3650
33.218.122.205 - - [22/May/2024:02:47:28 +0700] "GET /usr HTTP/1.0" 303 279 "https://martin.org/category/app/appindex.html" "Mozilla/5.0 (iPhone; CPU iPhone OS 12_4_9 like Mac OS X) AppleWebKit/605.1.15 (KHTML, like Gecko) Version/12.1.2 Mobile/15E148 Safari/604.1" 3645
132.191.172.36 - - [22/May/2024:02:40:27 +0700] "POST /usr/register HTTP/1.0" 200 1245 "https://martin.org/category/app/appindex.html" "Mozilla/5.0 (Macintosh; Intel Mac OS X 10_9_3) AppleWebKit/537.75.14 (KHTML, like Gecko) Version/7.0.3 Safari/7046A194A" 963
108.123.240.117 - - [22/May/2024:02:37:40 +0700] "GET /usr/login HTTP/1.0" 303 1021 "-" "Mozilla/5.0 (Windows NT 10.0; Win64; x64; rv:84.0) Gecko/20100101 Firefox/84.0" 1701
80.127.106.125 - - [22/May/2024:02:07:10 +0700] "GET /usr/admin/developer HTTP/1.0" 403 4459 "-" "Mozilla/5.0 (Windows NT 10.0; Win64; x64) AppleWebKit/537.36 (KHTML, like Gecko) Chrome/87.0.4280.141 Safari/537.36" 104
218.25.1.114 - - [22/May/2024:02:56:46 +0700] "PUT /usr/admin/developer HTTP/1.0" 304 3217 "-" "Mozilla/5.0 (Windows NT 10.0; Win64; x64; rv:84.0) Gecko/20100101 Firefox/84.0" 504
26.174.77.251 - - [22/May/2024:02:59:29 +0700] "PUT /usr/login HTTP/1.0" 500 3230 "-" "Mozilla/5.0 (Linux; Android 10; ONEPLUS A6000) AppleWebKit/537.36 (KHTML, like Gecko) Chrome/87.0.4280.141 Mobile Safari/537.36" 2116
33.218.122.205 - - [22/May/2024:02:10:38 +0700] "DELETE /usr/register HTTP/1.0" 304 1653 "https://martin.org/category/app/appindex.html" "Mozilla/5.0 (iPhone; CPU iPhone OS 12_4_9 like Mac OS X) AppleWebKit/605.1.15 (KHTML, like Gecko) Version/12.1.2 Mobile/15E148 Safari/604.1" 213
138.170.70.238 - - [22/May/2024:02:59:36 +0700] "POST /usr/register HTTP/1.0" 404 353 "-" "Mozilla/5.0 (Linux; Android 10; ONEPLUS A6000) AppleWebKit/537.36 (KHTML, like Gecko) Chrome/87.0.4280.141 Mobile Safari/537.36" 48
26.134.198.19 - - [22/May/2024:02:10:31 +0700] "DELETE /usr HTTP/1.0" 404 3734 "-" "Mozilla/5.0 (Linux; Android 10; ONEPLUS A6000) AppleWebKit/537.36 (KHTML, like Gecko) Chrome/77.0.3865.116 Mobile Safari/537.36 EdgA/45.12.4.5121" 1537
212.175.100.17 - - [22/May/2024:02:27:14 +0700] "GET /usr/register HTTP/1.0" 500 934 "https://martin.org/category/app/appindex.html" "Mozilla/5.0 (Windows NT 10.0; Win64; x64) AppleWebKit/537.36 (KHTML, like Gecko) Chrome/87.0.4280.141 Safari/537.36" 3262
138.170.70.238 - - [22/May/2024:02:31:58 +0700] "PUT /usr/login HTTP/1.0" 500 4433 "https://martin.org/category/app/appindex.html" "Mozilla/5.0 (Macintosh; Intel Mac OS X 10_9_3) AppleWebKit/537.75.14 (KHTML, like Gecko) Version/7.0.3 Safari/7046A194A" 430
16.25.184.140 - - [22/May/2024:02:46:50 +0700] "DELETE /usr/admin HTTP/1.0" 502 2550 "-" "Mozilla/5.0 (iPhone; CPU iPhone OS 12_4_9 like Mac OS X) AppleWebKit/605.1.15 (KHTML, like Gecko) Version/12.1.2 Mobile/15E148 Safari/604.1" 937
143.106.89.246 - - [22/May/2024:02:34:57 +0700] "PUT /usr/admin/developer HTTP/1.0" 304 794 "-" "Mozilla/5.0 (Windows NT 10.0; Win64; x64) AppleWebKit/537.36 (KHTML, like Gecko) Chrome/87.0.4280.141 Safari/537.36" 1033
218.25.1.114 - - [22/May/2024:02:33:20 +0700] "POST /usr HTTP/1.0" 502 4178 "https://martin.org/category/app/appindex.html" "Mozilla/5.0 (Linux; Android 10; ONEPLUS A6000) AppleWebKit/537.36 (KHTML, like Gecko) Chrome/87.0.4280.141 Mobile Safari/537.36" 1014
35.203.220.171 - - [22/May/2024:02:57:03 +0700] "POST /usr/admin HTTP/1.0" 404 163 "https://martin.org/category/app/appindex.html" "Mozilla/5.0 (Windows NT 10.0; Win64; x64) AppleWebKit/537.36 (KHTML, like Gecko) Chrome/89.0.4380.0 Safari/537.36 Edg/89.0.759.0" 466
138.170.70.238 - - [22/May/2024:02:46:37 +0700] "PUT /usr/admin HTTP/1.0" 403 420 "https://martin.org/category/app/appindex.html" "Mozilla/5.0 (Linux; Android 10; ONEPLUS A6000) AppleWebKit/537.36 (KHTML, like Gecko) Chrome/87.0.4280.141 Mobile Safari/537.36" 1220
200.177.71.253 - - [22/May/2024:02:43:19 +0700] "GET /usr/admin HTTP/1.0" 403 176 "https://martin.org/category/app/appindex.html" "Mozilla/5.0 (Windows NT 10.0; Win64; x64; rv:84.0) Gecko/20100101 Firefox/84.0" 490
139.131.74.210 - - [22/May/2024:02:25:03 +0700] "GET /usr/admin HTTP/1.0" 303 2800 "https://martin.org/category/app/appindex.html" "Mozilla/5.0 (Linux; Android 10; ONEPLUS A6000) AppleWebKit/537.36 (KHTML, like Gecko) Chrome/77.0.3865.116 Mobile Safari/537.36 EdgA/45.12.4.5121" 4569
218.202.93.91 - - [22/May/2024:02:09:52 +0700] "GET /usr/admin HTTP/1.0" 200 2976 "https://martin.org/category/app/appindex.html" "Mozilla/5.0 (Windows NT 10.0; Win64; x64) AppleWebKit/537.36 (KHTML, like Gecko) Chrome/89.0.4380.0 Safari/537.36 Edg/89.0.759.0" 768
3.237.6.150 - - [22/May/2024:02:49:25 +0700] "DELETE /usr/admin HTTP/1.0" 502 2815 "-" "Mozilla/5.0 (Android 10; Mobile; rv:84.0) Gecko/84.0 Firefox/84.0" 3160
139.131.74.210 - - [22/May/2024:02:32:13 +0700] "GET /usr HTTP/1.0" 403 4699 "-" "Mozilla/5.0 (Windows NT 10.0; Win64; x64) AppleWebKit/537.36 (KHTML, like Gecko) Chrome/87.0.4280.88 Safari/537.36 OPR/73.0.3856.329" 2622
139.131.74.210 - - [22/May/2024:02:38:46 +0700] "PUT /usr HTTP/1.0" 304 1257 "-" "Mozilla/5.0 (Android 10; Mobile; rv:84.0) Gecko/84.0 Firefox/84.0" 654
41.211.66.128 - - [22/May/2024:02:42:21 +0700] "POST /usr/login HTTP/1.0" 500 3752 "-" "Mozilla/5.0 (Linux; Android 10; ONEPLUS A6000) AppleWebKit/537.36 (KHTML, like Gecko) Chrome/77.0.3865.116 Mobile Safari/537.36 EdgA/45.12.4.5121" 1153
3.237.6.150 - - [22/May/2024:02:19:08 +0700] "POST /usr HTTP/1.0" 304 698 "https://martin.org/category/app/appindex.html" "Mozilla/5.0 (Linux; Android 10; ONEPLUS A6000) AppleWebKit/537.36 (KHTML, like Gecko) Chrome/86.0.4240.198 Mobile Safari/537.36 OPR/61.2.3076.56749" 1482
220.119.157.130 - - [22/May/2024:02:17:18 +0700] "DELETE /usr/admin HTTP/1.0" 303 494 "https://martin.org/category/app/appindex.html" "Mozilla/5.0 (Windows NT 10.0; Win64; x64; rv:84.0) Gecko/20100101 Firefox/84.0" 3335
41.211.66.128 - - [22/May/2024:02:41:34 +0700] "POST /usr HTTP/1.0" 502 3090 "-" "Mozilla/5.0 (Linux; Android 10; ONEPLUS A6000) AppleWebKit/537.36 (KHTML, like Gecko) Chrome/86.0.4240.198 Mobile Safari/537.36 OPR/61.2.3076.56749" 2178
84.104.191.135 - - [22/May/2024:02:09:59 +0700] "DELETE /usr/login HTTP/1.0" 304 3061 "https://martin.org/category/app/appindex.html" "Mozilla/5.0 (Linux; Android 10; ONEPLUS A6000) AppleWebKit/537.36 (KHTML, like Gecko) Chrome/87.0.4280.141 Mobile Safari/537.36" 869
91.214.160.215 - - [22/May/2024:02:21:37 +0700] "DELETE /usr/admin HTTP/1.0" 304 4674 "-" "Mozilla/5.0 (Linux; Android 10; ONEPLUS A6000) AppleWebKit/537.36 (KHTML, like Gecko) Chrome/87.0.4280.141 Mobile Safari/537.36" 3987
33.218.122.205 - - [22/May/2024:02:53:06 +0700] "POST /usr/login HTTP/1.0" 500 3064 "https://martin.org/category/app/appindex.html" "Mozilla/5.0 (Windows NT 10.0; Win64; x64) AppleWebKit/537.36 (KHTML, like Gecko) Chrome/89.0.4380.0 Safari/537.36 Edg/89.0.759.0" 1159
3.237.6.150 - - [22/May/2024:02:44:28 +0700] "GET /usr/register HTTP/1.0" 303 869 "https://martin.org/category/app/appindex.html" "Mozilla/5.0 (Windows NT 10.0; Win64; x64) AppleWebKit/537.36 (KHTML, like Gecko) Chrome/87.0.4280.141 Safari/537.36" 1421
26.146.108.114 - - [22/May/2024:02:07:15 +0700] "GET /usr HTTP/1.0" 304 841 "-" "Mozilla/5.0 (Android 10; Mobile; rv:84.0) Gecko/84.0 Firefox/84.0" 4176
91.214.160.215 - - [22/May/2024:02:07:04 +0700] "DELETE /usr/admin/developer HTTP/1.0" 303 4081 "-" "Mozilla/5.0 (Linux; Android 10; ONEPLUS A6000) AppleWebKit/537.36 (KHTML, like Gecko) Chrome/86.0.4240.198 Mobile Safari/537.36 OPR/61.2.3076.56749" 2190
26.134.198.19 - - [22/May/2024:02:18:01 +0700] "POST /usr/admin/developer HTTP/1.0" 304 1391 "-" "Mozilla/5.0 (Linux; Android 10; ONEPLUS A6000) AppleWebKit/537.36 (KHTML, like Gecko) Chrome/87.0.4280.141 Mobile Safari/537.36" 3586
26.174.77.251 - - [22/May/2024:02:07:33 +0700] "POST /usr/register HTTP/1.0" 304 4631 "-" "Mozilla/5.0 (Linux; Android 10; ONEPLUS A6000) AppleWebKit/537.36 (KHTML, like Gecko) Chrome/86.0.4240.198 Mobile Safari/537.36 OPR/61.2.3076.56749" 1318
41.230.116.70 - - [22/May/2024:02:34:02 +0700] "DELETE /usr/register HTTP/1.0" 303 2783 "-" "Mozilla/5.0 (Windows NT 10.0; Win64; x64) AppleWebKit/537.36 (KHTML, like Gecko) Chrome/87.0.4280.88 Safari/537.36 OPR/73.0.3856.329" 3544
26.174.77.251 - - [22/May/2024:02:40:06 +0700] "DELETE /usr/admin/developer HTTP/1.0" 304 4490 "-" "Mozilla/5.0 (Windows NT 10.0; Win64; x64) AppleWebKit/537.36 (KHTML, like Gecko) Chrome/89.0.4380.0 Safari/537.36 Edg/89.0.759.0" 2009
41.230.116.70 - - [22/May/2024:02:29:20 +0700] "PUT /usr/admin HTTP/1.0" 500 4662 "https://martin.org/category/app/appindex.html" "Mozilla/5.0 (Linux; Android 10; ONEPLUS A6000) AppleWebKit/537.36 (KHTML, like Gecko) Chrome/77.0.3865.116 Mobile Safari/537.36 EdgA/45.12.4.5121" 2113
80.127.106.125 - - [22/May/2024:02:02:42 +0700] "GET /usr/admin HTTP/1.0" 200 2292 "-" "Mozilla/5.0 (Linux; Android 10; ONEPLUS A6000) AppleWebKit/537.36 (KHTML, like Gecko) Chrome/86.0.4240.198 Mobile Safari/537.36 OPR/61.2.3076.56749" 3674
3.237.6.150 - - [22/May/2024:02:27:52 +0700] "POST /usr/register HTTP/1.0" 502 2038 "https://martin.org/category/app/appindex.html" "Mozilla/5.0 (Android 10; Mobile; rv:84.0) Gecko/84.0 Firefox/84.0" 2628
21.182.137.165 - - [22/May/2024:02:20:44 +0700] "DELETE /usr/login HTTP/1.0" 404 2158 "-" "Mozilla/5.0 (Android 10; Mobile; rv:84.0) Gecko/84.0 Firefox/84.0" 1350
220.119.157.130 - - [22/May/2024:02:37:09 +0700] "POST /usr/login HTTP/1.0" 502 1689 "-" "Mozilla/5.0 (Windows NT 10.0; Win64; x64) AppleWebKit/537.36 (KHTML, like Gecko) Chrome/87.0.4280.88 Safari/537.36 OPR/73.0.3856.329" 3541
41.211.66.128 - - [22/May/2024:02:30:15 +0700] "GET /usr HTTP/1.0" 200 3669 "-" "Mozilla/5.0 (Linux; Android 10; ONEPLUS A6000) AppleWebKit/537.36 (KHTML, like Gecko) Chrome/87.0.4280.141 Mobile Safari/537.36" 4348
170.22.78.167 - - [22/May/2024:02:15:06 +0700] "PUT /usr/register HTTP/1.0" 500 4108 "https://martin.org/category/app/appindex.html" "Mozilla/5.0 (Windows NT 10.0; Win64; x64) AppleWebKit/537.36 (KHTML, like Gecko) Chrome/87.0.4280.141 Safari/537.36" 4291
41.230.116.70 - - [22/May/2024:02:02:04 +0700] "DELETE /usr/register HTTP/1.0" 200 1382 "https://martin.org/category/app/appindex.html" "Mozilla/5.0 (iPhone; CPU iPhone OS 12_4_9 like Mac OS X) AppleWebKit/605.1.15 (KHTML, like Gecko) Version/12.1.2 Mobile/15E148 Safari/604.1" 834
84.104.191.135 - - [22/May/2024:02:46:43 +0700] "PUT /usr/admin/developer HTTP/1.0" 500 4979 "-" "Mozilla/5.0 (Linux; Android 10; ONEPLUS A6000) AppleWebKit/537.36 (KHTML, like Gecko) Chrome/87.0.4280.141 Mobile Safari/537.36" 2469
16.25.184.140 - - [22/May/2024:02:26:43 +0700] "DELETE /usr HTTP/1.0" 200 3992 "https://martin.org/category/app/appindex.html" "Mozilla/5.0 (Linux; Android 10; ONEPLUS A6000) AppleWebKit/537.36 (KHTML, like Gecko) Chrome/77.0.3865.116 Mobile Safari/537.36 EdgA/45.12.4.5121" 4759
33.218.122.205 - - [22/May/2024:02:37:51 +0700] "DELETE /usr/register HTTP/1.0" 403 3656 "-" "Mozilla/5.0 (Linux; Android 10; ONEPLUS A6000) AppleWebKit/537.36 (KHTML, like Gecko) Chrome/77.0.3865.116 Mobile Safari/537.36 EdgA/45.12.4.5121" 168
108.123.240.117 - - [22/May/2024:02:58:23 +0700] "DELETE /usr/admin/developer HTTP/1.0" 304 4650 "-" "Mozilla/5.0 (Android 10; Mobile; rv:84.0) Gecko/84.0 Firefox/84.0" 545
132.191.172.36 - - [22/May/2024:02:39:36 +0700] "GET /usr/login HTTP/1.0" 303 122 "https://martin.org/category/app/appindex.html" "Mozilla/5.0 (iPhone; CPU iPhone OS 12_4_9 like Mac OS X) AppleWebKit/605.1.15 (KHTML, like Gecko) Version/12.1.2 Mobile/15E148 Safari/604.1" 1194
26.174.77.251 - - [22/May/2024:02:25:55 +0700] "PUT /usr/admin HTTP/1.0" 502 1546 "https://martin.org/category/app/appindex.html" "Mozilla/5.0 (Windows NT 10.0; Win64; x64) AppleWebKit/537.36 (KHTML, like Gecko) Chrome/87.0.4280.88 Safari/537.36 OPR/73.0.3856.329" 386
41.36.217.76 - - [22/May/2024:02:29:01 +0700] "DELETE /usr/admin/developer HTTP/1.0" 304 887 "https://martin.org/category/app/appindex.html" "Mozilla/5.0 (Windows NT 10.0; Win64; x64) AppleWebKit/537.36 (KHTML, like Gecko) Chrome/87.0.4280.88 Safari/537.36 OPR/73.0.3856.329" 368
139.131.74.210 - - [22/May/2024:02:34:04 +0700] "PUT /usr HTTP/1.0" 200 486 "https://martin.org/category/app/appindex.html" "Mozilla/5.0 (Windows NT 10.0; Win64; x64) AppleWebKit/537.36 (KHTML, like Gecko) Chrome/89.0.4380.0 Safari/537.36 Edg/89.0.759.0" 4419
106.49.89.176 - - [22/May/2024:02:23:50 +0700] "DELETE /usr/register HTTP/1.0" 502 1500 "https://martin.org/category/app/appindex.html" "Mozilla/5.0 (iPhone; CPU iPhone OS 12_4_9 like Mac OS X) AppleWebKit/605.1.15 (KHTML, like Gecko) Version/12.1.2 Mobile/15E148 Safari/604.1" 2643
111.179.174.61 - - [22/May/2024:02:35:25 +0700] "DELETE /usr/admin HTTP/1.0" 404 3451 "-" "Mozilla/5.0 (Macintosh; Intel Mac OS X 10_9_3) AppleWebKit/537.75.14 (KHTML, like Gecko) Version/7.0.3 Safari/7046A194A" 4431
218.25.1.114 - - [22/May/2024:02:51:25 +0700] "POST /usr/admin HTTP/1.0" 403 3808 "-" "Mozilla/5.0 (Android 10; Mobile; rv:84.0) Gecko/84.0 Firefox/84.0" 3995
84.104.191.135 - - [22/May/2024:02:17:48 +0700] "POST /usr/admin/developer HTTP/1.0" 404 3706 "https://martin.org/category/app/appindex.html" "Mozilla/5.0 (Windows NT 10.0; Win64; x64; rv:84.0) Gecko/20100101 Firefox/84.0" 1380
33.218.122.205 - - [22/May/2024:02:20:35 +0700] "DELETE /usr/admin/developer HTTP/1.0" 303 3913 "-" "Mozilla/5.0 (Android 10; Mobile; rv:84.0) Gecko/84.0 Firefox/84.0" 4250
16.25.184.140 - - [22/May/2024:02:43:06 +0700] "DELETE /usr/admin HTTP/1.0" 500 1315 "https://martin.org/category/app/appindex.html" "Mozilla/5.0 (Linux; Android 10; ONEPLUS A6000) AppleWebKit/537.36 (KHTML, like Gecko) Chrome/77.0.3865.116 Mobile Safari/537.36 EdgA/45.12.4.5121" 1892
21.182.137.165 - - [22/May/2024:02:39:26 +0700] "POST /usr HTTP/1.0" 404 965 "https://martin.org/category/app/appindex.html" "Mozilla/5.0 (iPhone; CPU iPhone OS 12_4_9 like Mac OS X) AppleWebKit/605.1.15 (KHTML, like Gecko) Version/12.1.2 Mobile/15E148 Safari/604.1" 2802
84.104.191.135 - - [22/May/2024:02:32:52 +0700] "POST /usr/admin HTTP/1.0" 404 3908 "https://martin.org/category/app/appindex.html" "Mozilla/5.0 (Linux; Android 10; ONEPLUS A6000) AppleWebKit/537.36 (KHTML, like Gecko) Chrome/86.0.4240.198 Mobile Safari/537.36 OPR/61.2.3076.56749" 2200
66.63.212.113 - - [22/May/2024:02:16:35 +0700] "POST /usr HTTP/1.0" 502 3939 "https://martin.org/category/app/appindex.html" "Mozilla/5.0 (Windows NT 10.0; Win64; x64; rv:84.0) Gecko/20100101 Firefox/84.0" 3907
212.175.100.17 - - [22/May/2024:02:00:20 +0700] "DELETE /usr/register HTTP/1.0" 403 4721 "-" "Mozilla/5.0 (Linux; Android 10; ONEPLUS A6000) AppleWebKit/537.36 (KHTML, like Gecko) Chrome/77.0.3865.116 Mobile Safari/537.36 EdgA/45.12.4.5121" 374
84.104.191.135 - - [22/May/2024:02:03:15 +0700] "GET /usr/register HTTP/1.0" 303 1363 "https://martin.org/category/app/appindex.html" "Mozilla/5.0 (Android 10; Mobile; rv:84.0) Gecko/84.0 Firefox/84.0" 452
35.203.220.171 - - [22/May/2024:02:18:23 +0700] "GET /usr HTTP/1.0" 403 1337 "https://martin.org/category/app/appindex.html" "Mozilla/5.0 (iPhone; CPU iPhone OS 12_4_9 like Mac OS X) AppleWebKit/605.1.15 (KHTML, like Gecko) Version/12.1.2 Mobile/15E148 Safari/604.1" 2831
21.182.137.165 - - [22/May/2024:02:57:25 +0700] "PUT /usr/login HTTP/1.0" 502 4327 "https://martin.org/category/app/appindex.html" "Mozilla/5.0 (Windows NT 10.0; Win64; x64; rv:84.0) Gecko/20100101 Firefox/84.0" 1366
212.175.100.17 - - [22/May/2024:02:49:58 +0700] "PUT /usr/register HTTP/1.0" 304 3386 "-" "Mozilla/5.0 (Windows NT 10.0; Win64; x64) AppleWebKit/537.36 (KHTML, like Gecko) Chrome/89.0.4380.0 Safari/537.36 Edg/89.0.759.0" 2850
170.22.78.167 - - [22/May/2024:02:10:43 +0700] "POST /usr/register HTTP/1.0" 404 4167 "https://martin.org/category/app/appindex.html" "Mozilla/5.0 (Windows NT 10.0; Win64; x64) AppleWebKit/537.36 (KHTML, like Gecko) Chrome/87.0.4280.141 Safari/537.36" 3197
106.49.89.176 - - [22/May/2024:02:54:31 +0700] "GET /usr HTTP/1.0" 404 1073 "-" "Mozilla/5.0 (Windows NT 10.0; Win64; x64) AppleWebKit/537.36 (KHTML, like Gecko) Chrome/87.0.4280.141 Safari/537.36" 2748
218.202.93.91 - - [22/May/2024:02:01:32 +0700] "GET /usr/register HTTP/1.0" 304 996 "-" "Mozilla/5.0 (Windows NT 10.0; Win64; x64) AppleWebKit/537.36 (KHTML, like Gecko) Chrome/87.0.4280.141 Safari/537.36" 1651
26.174.77.251 - - [22/May/2024:02:27:51 +0700] "PUT /usr HTTP/1.0" 500 1122 "https://martin.org/category/app/appindex.html" "Mozilla/5.0 (Windows NT 10.0; Win64; x64) AppleWebKit/537.36 (KHTML, like Gecko) Chrome/89.0.4380.0 Safari/537.36 Edg/89.0.759.0" 4417
170.22.78.167 - - [22/May/2024:02:26:46 +0700] "POST /usr HTTP/1.0" 403 677 "-" "Mozilla/5.0 (Linux; Android 10; ONEPLUS A6000) AppleWebKit/537.36 (KHTML, like Gecko) Chrome/77.0.3865.116 Mobile Safari/537.36 EdgA/45.12.4.5121" 677
21.182.137.165 - - [22/May/2024:02:58:32 +0700] "GET /usr/login HTTP/1.0" 403 4594 "-" "Mozilla/5.0 (Windows NT 10.0; Win64; x64; rv:84.0) Gecko/20100101 Firefox/84.0" 3903
91.214.160.215 - - [22/May/2024:02:04:04 +0700] "DELETE /usr/register HTTP/1.0" 403 539 "https://martin.org/category/app/appindex.html" "Mozilla/5.0 (Linux; Android 10; ONEPLUS A6000) AppleWebKit/537.36 (KHTML, like Gecko) Chrome/77.0.3865.116 Mobile Safari/537.36 EdgA/45.12.4.5121" 3938
200.177.71.253 - - [22/May/2024:02:34:50 +0700] "POST /usr/admin/developer HTTP/1.0" 200 3287 "https://martin.org/category/app/appindex.html" "Mozilla/5.0 (Windows NT 10.0; Win64; x64) AppleWebKit/537.36 (KHTML, like Gecko) Chrome/87.0.4280.141 Safari/537.36" 160
35.203.220.171 - - [22/May/2024:02:26:18 +0700] "PUT /usr HTTP/1.0" 404 696 "https://martin.org/category/app/appindex.html" "Mozilla/5.0 (Linux; Android 10; ONEPLUS A6000) AppleWebKit/537.36 (KHTML, like Gecko) Chrome/86.0.4240.198 Mobile Safari/537.36 OPR/61.2.3076.56749" 3804
111.179.174.61 - - [22/May/2024:02:41:07 +0700] "GET /usr/admin/developer HTTP/1.0" 303 3942 "https://martin.org/category/app/appindex.html" "Mozilla/5.0 (Windows NT 10.0; Win64; x64) AppleWebKit/537.36 (KHTML, like Gecko) Chrome/87.0.4280.88 Safari/537.36 OPR/73.0.3856.329" 1543
212.175.100.17 - - [22/May/2024:02:03:33 +0700] "PUT /usr HTTP/1.0" 502 2253 "https://martin.org/category/app/appindex.html" "Mozilla/5.0 (Android 10; Mobile; rv:84.0) Gecko/84.0 Firefox/84.0" 2758
41.36.217.76 - - [22/May/2024:02:03:54 +0700] "PUT /usr/admin HTTP/1.0" 404 149 "https://martin.org/category/app/appindex.html" "Mozilla/5.0 (Windows NT 10.0; Win64; x64) AppleWebKit/537.36 (KHTML, like Gecko) Chrome/87.0.4280.88 Safari/537.36 OPR/73.0.3856.329" 3542
212.175.100.17 - - [22/May/2024:02:02:42 +0700] "GET /usr/login HTTP/1.0" 500 1800 "-" "Mozilla/5.0 (Android 10; Mobile; rv:84.0) Gecko/84.0 Firefox/84.0" 4074
220.119.157.130 - - [22/May/2024:02:37:58 +0700] "PUT /usr/login HTTP/1.0" 200 2047 "https://martin.org/category/app/appindex.html" "Mozilla/5.0 (Windows NT 10.0; Win64; x64) AppleWebKit/537.36 (KHTML, like Gecko) Chrome/87.0.4280.141 Safari/537.36" 840
41.211.66.128 - - [22/May/2024:02:12:03 +0700] "DELETE /usr/login HTTP/1.0" 500 3035 "https://martin.org/category/app/appindex.html" "Mozilla/5.0 (Linux; Android 10; ONEPLUS A6000) AppleWebKit/537.36 (KHTML, like Gecko) Chrome/77.0.3865.116 Mobile Safari/537.36 EdgA/45.12.4.5121" 3496
41.36.217.76 - - [22/May/2024:02:30:12 +0700] "PUT /usr/register HTTP/1.0" 200 3537 "https://martin.org/category/app/appindex.html" "Mozilla/5.0 (Linux; Android 10; ONEPLUS A6000) AppleWebKit/537.36 (KHTML, like Gecko) Chrome/87.0.4280.141 Mobile Safari/537.36" 4312
218.25.1.114 - - [22/May/2024:02:52:40 +0700] "PUT /usr/login HTTP/1.0" 502 3364 "-" "Mozilla/5.0 (Linux; Android 10; ONEPLUS A6000) AppleWebKit/537.36 (KHTML, like Gecko) Chrome/77.0.3865.116 Mobile Safari/537.36 EdgA/45.12.4.5121" 4604
143.106.89.246 - - [22/May/2024:02:47:05 +0700] "GET /usr/admin/developer HTTP/1.0" 502 3620 "-" "Mozilla/5.0 (Android 10; Mobile; rv:84.0) Gecko/84.0 Firefox/84.0" 2721
26.174.77.251 - - [22/May/2024:02:16:10 +0700] "DELETE /usr/admin HTTP/1.0" 502 2058 "-" "Mozilla/5.0 (Windows NT 10.0; Win64; x64) AppleWebKit/537.36 (KHTML, like Gecko) Chrome/87.0.4280.88 Safari/537.36 OPR/73.0.3856.329" 3794
139.131.74.210 - - [22/May/2024:02:35:30 +0700] "DELETE /usr HTTP/1.0" 404 4496 "-" "Mozilla/5.0 (Windows NT 10.0; Win64; x64; rv:84.0) Gecko/20100101 Firefox/84.0" 925
26.146.108.114 - - [22/May/2024:02:02:19 +0700] "GET /usr HTTP/1.0" 500 2032 "https://martin.org/category/app/appindex.html" "Mozilla/5.0 (Android 10; Mobile; rv:84.0) Gecko/84.0 Firefox/84.0" 4668
198.183.70.108 - - [22/May/2024:02:33:04 +0700] "GET /usr/admin HTTP/1.0" 502 4846 "-" "Mozilla/5.0 (Linux; Android 10; ONEPLUS A6000) AppleWebKit/537.36 (KHTML, like Gecko) Chrome/77.0.3865.116 Mobile Safari/537.36 EdgA/45.12.4.5121" 3490
80.127.106.125 - - [22/May/2024:02:13:12 +0700] "DELETE /usr/register HTTP/1.0" 404 4874 "-" "Mozilla/5.0 (Windows NT 10.0; Win64; x64; rv:84.0) Gecko/20100101 Firefox/84.0" 3955
26.134.198.19 - - [22/May/2024:02:44:14 +0700] "PUT /usr/login HTTP/1.0" 500 1815 "-" "Mozilla/5.0 (Macintosh; Intel Mac OS X 10_9_3) AppleWebKit/537.75.14 (KHTML, like Gecko) Version/7.0.3 Safari/7046A194A" 4838
108.123.240.117 - - [22/May/2024:02:05:00 +0700] "POST /usr/login HTTP/1.0" 404 2829 "-" "Mozilla/5.0 (Macintosh; Intel Mac OS X 10_9_3) AppleWebKit/537.75.14 (KHTML, like Gecko) Version/7.0.3 Safari/7046A194A" 4395
212.175.100.17 - - [22/May/2024:02:27:39 +0700] "PUT /usr/admin/developer HTTP/1.0" 502 2785 "-" "Mozilla/5.0 (Android 10; Mobile; rv:84.0) Gecko/84.0 Firefox/84.0" 206
143.106.89.246 - - [22/May/2024:02:24:03 +0700] "GET /usr HTTP/1.0" 200 4710 "https://martin.org/category/app/appindex.html" "Mozilla/5.0 (Windows NT 10.0; Win64; x64; rv:84.0) Gecko/20100101 Firefox/84.0" 1304
3.237.6.150 - - [22/May/2024:02:36:36 +0700] "POST /usr HTTP/1.0" 404 2557 "-" "Mozilla/5.0 (Windows NT 10.0; Win64; x64) AppleWebKit/537.36 (KHTML, like Gecko) Chrome/89.0.4380.0 Safari/537.36 Edg/89.0.759.0" 4285
212.118.114.85 - - [22/May/2024:02:43:40 +0700] "GET /usr HTTP/1.0" 304 2337 "-" "Mozilla/5.0 (Macintosh; Intel Mac OS X 10_9_3) AppleWebKit/537.75.14 (KHTML, like Gecko) Version/7.0.3 Safari/7046A194A" 95
143.106.89.246 - - [22/May/2024:02:40:05 +0700] "DELETE /usr/register HTTP/1.0" 404 2753 "-" "Mozilla/5.0 (iPhone; CPU iPhone OS 12_4_9 like Mac OS X) AppleWebKit/605.1.15 (KHTML, like Gecko) Version/12.1.2 Mobile/15E148 Safari/604.1" 4889
218.25.1.114 - - [22/May/2024:02:28:58 +0700] "GET /usr/admin/developer HTTP/1.0" 500 4993 "-" "Mozilla/5.0 (Android 10; Mobile; rv:84.0) Gecko/84.0 Firefox/84.0" 1296
80.127.106.125 - - [22/May/2024:02:23:08 +0700] "DELETE /usr HTTP/1.0" 200 786 "-" "Mozilla/5.0 (Linux; Android 10; ONEPLUS A6000) AppleWebKit/537.36 (KHTML, like Gecko) Chrome/87.0.4280.141 Mobile Safari/537.36" 2676
111.179.174.61 - - [22/May/2024:02:42:51 +0700] "POST /usr HTTP/1.0" 403 900 "-" "Mozilla/5.0 (iPhone; CPU iPhone OS 12_4_9 like Mac OS X) AppleWebKit/605.1.15 (KHTML, like Gecko) Version/12.1.2 Mobile/15E148 Safari/604.1" 874
200.177.71.253 - - [22/May/2024:02:51:11 +0700] "POST /usr/register HTTP/1.0" 200 4564 "https://martin.org/category/app/appindex.html" "Mozilla/5.0 (Linux; Android 10; ONEPLUS A6000) AppleWebKit/537.36 (KHTML, like Gecko) Chrome/77.0.3865.116 Mobile Safari/537.36 EdgA/45.12.4.5121" 3006
66.63.212.113 - - [22/May/2024:02:16:17 +0700] "POST /usr/admin/developer HTTP/1.0" 200 763 "https://martin.org/category/app/appindex.html" "Mozilla/5.0 (Windows NT 10.0; Win64; x64) AppleWebKit/537.36 (KHTML, like Gecko) Chrome/87.0.4280.88 Safari/537.36 OPR/73.0.3856.329" 3825
106.49.89.176 - - [22/May/2024:02:56:41 +0700] "DELETE /usr/login HTTP/1.0" 303 552 "https://martin.org/category/app/appindex.html" "Mozilla/5.0 (iPhone; CPU iPhone OS 12_4_9 like Mac OS X) AppleWebKit/605.1.15 (KHTML, like Gecko) Version/12.1.2 Mobile/15E148 Safari/604.1" 3599
198.183.70.108 - - [22/May/2024:02:41:32 +0700] "GET /usr/login HTTP/1.0" 403 1718 "-" "Mozilla/5.0 (Android 10; Mobile; rv:84.0) Gecko/84.0 Firefox/84.0" 1707
200.177.71.253 - - [22/May/2024:02:15:39 +0700] "DELETE /usr/register HTTP/1.0" 304 1100 "https://martin.org/category/app/appindex.html" "Mozilla/5.0 (Android 10; Mobile; rv:84.0) Gecko/84.0 Firefox/84.0" 1858
41.211.66.128 - - [22/May/2024:02:28:50 +0700] "GET /usr/admin HTTP/1.0" 200 241 "-" "Mozilla/5.0 (Macintosh; Intel Mac OS X 10_9_3) AppleWebKit/537.75.14 (KHTML, like Gecko) Version/7.0.3 Safari/7046A194A" 4357
132.191.172.36 - - [22/May/2024:02:09:08 +0700] "PUT /usr/admin HTTP/1.0" 502 2187 "-" "Mozilla/5.0 (Linux; Android 10; ONEPLUS A6000) AppleWebKit/537.36 (KHTML, like Gecko) Chrome/86.0.4240.198 Mobile Safari/537.36 OPR/61.2.3076.56749" 4938
138.170.70.238 - - [22/May/2024:02:55:38 +0700] "DELETE /usr/register HTTP/1.0" 500 669 "-" "Mozilla/5.0 (Macintosh; Intel Mac OS X 10_9_3) AppleWebKit/537.75.14 (KHTML, like Gecko) Version/7.0.3 Safari/7046A194A" 2897
200.177.71.253 - - [22/May/2024:02:53:51 +0700] "GET /usr/register HTTP/1.0" 502 2127 "-" "Mozilla/5.0 (Windows NT 10.0; Win64; x64) AppleWebKit/537.36 (KHTML, like Gecko) Chrome/89.0.4380.0 Safari/537.36 Edg/89.0.759.0" 1303
132.191.172.36 - - [22/May/2024:02:15:09 +0700] "GET /usr/admin HTTP/1.0" 303 2515 "https://martin.org/category/app/appindex.html" "Mozilla/5.0 (Macintosh; Intel Mac OS X 10_9_3) AppleWebKit/537.75.14 (KHTML, like Gecko) Version/7.0.3 Safari/7046A194A" 3235
218.202.93.91 - - [22/May/2024:02:03:02 +0700] "PUT /usr HTTP/1.0" 500 2685 "https://martin.org/category/app/appindex.html" "Mozilla/5.0 (Macintosh; Intel Mac OS X 10_9_3) AppleWebKit/537.75.14 (KHTML, like Gecko) Version/7.0.3 Safari/7046A194A" 267
41.36.217.76 - - [22/May/2024:02:48:50 +0700] "PUT /usr/register HTTP/1.0" 304 3660 "-" "Mozilla/5.0 (Android 10; Mobile; rv:84.0) Gecko/84.0 Firefox/84.0" 883
143.106.89.246 - - [22/May/2024:02:01:51 +0700] "PUT /usr/login HTTP/1.0" 303 1958 "https://martin.org/category/app/appindex.html" "Mozilla/5.0 (Android 10; Mobile; rv:84.0) Gecko/84.0 Firefox/84.0" 1509
198.183.70.108 - - [22/May/2024:02:19:33 +0700] "PUT /usr HTTP/1.0" 502 4002 "-" "Mozilla/5.0 (Windows NT 10.0; Win64; x64) AppleWebKit/537.36 (KHTML, like Gecko) Chrome/87.0.4280.141 Safari/537.36" 2216
106.49.89.176 - - [22/May/2024:02:49:05 +0700] "PUT /usr/admin/developer HTTP/1.0" 502 4525 "-" "Mozilla/5.0 (Linux; Android 10; ONEPLUS A6000) AppleWebKit/537.36 (KHTML, like Gecko) Chrome/87.0.4280.141 Mobile Safari/537.36" 1868
21.182.137.165 - - [22/May/2024:02:48:41 +0700] "PUT /usr/admin/developer HTTP/1.0" 304 997 "https://martin.org/category/app/appindex.html" "Mozilla/5.0 (Windows NT 10.0; Win64; x64; rv:84.0) Gecko/20100101 Firefox/84.0" 184
21.182.137.165 - - [22/May/2024:02:12:15 +0700] "PUT /usr/admin HTTP/1.0" 502 2937 "-" "Mozilla/5.0 (iPhone; CPU iPhone OS 12_4_9 like Mac OS X) AppleWebKit/605.1.15 (KHTML, like Gecko) Version/12.1.2 Mobile/15E148 Safari/604.1" 4874
108.123.240.117 - - [22/May/2024:02:38:59 +0700] "DELETE /usr/register HTTP/1.0" 303 3817 "https://martin.org/category/app/appindex.html" "Mozilla/5.0 (Windows NT 10.0; Win64; x64) AppleWebKit/537.36 (KHTML, like Gecko) Chrome/87.0.4280.141 Safari/537.36" 2753
218.202.93.91 - - [22/May/2024:02:50:44 +0700] "PUT /usr HTTP/1.0" 500 64 "-" "Mozilla/5.0 (Windows NT 10.0; Win64; x64) AppleWebKit/537.36 (KHTML, like Gecko) Chrome/89.0.4380.0 Safari/537.36 Edg/89.0.759.0" 2511
41.230.116.70 - - [22/May/2024:02:46:22 +0700] "DELETE /usr/login HTTP/1.0" 200 3870 "-" "Mozilla/5.0 (Android 10; Mobile; rv:84.0) Gecko/84.0 Firefox/84.0" 4016
170.22.78.167 - - [22/May/2024:02:42:46 +0700] "DELETE /usr/admin HTTP/1.0" 304 1420 "https://martin.org/category/app/appindex.html" "Mozilla/5.0 (Windows NT 10.0; Win64; x64) AppleWebKit/537.36 (KHTML, like Gecko) Chrome/87.0.4280.88 Safari/537.36 OPR/73.0.3856.329" 2947
212.175.100.17 - - [22/May/2024:02:43:45 +0700] "GET /usr/login HTTP/1.0" 502 618 "-" "Mozilla/5.0 (Android 10; Mobile; rv:84.0) Gecko/84.0 Firefox/84.0" 4728
218.202.93.91 - - [22/May/2024:02:59:40 +0700] "PUT /usr HTTP/1.0" 403 776 "-" "Mozilla/5.0 (Linux; Android 10; ONEPLUS A6000) AppleWebKit/537.36 (KHTML, like Gecko) Chrome/87.0.4280.141 Mobile Safari/537.36" 868
16.25.184.140 - - [22/May/2024:02:50:39 +0700] "GET /usr/register HTTP/1.0" 403 1134 "https://martin.org/category/app/appindex.html" "Mozilla/5.0 (Linux; Android 10; ONEPLUS A6000) AppleWebKit/537.36 (KHTML, like Gecko) Chrome/77.0.3865.116 Mobile Safari/537.36 EdgA/45.12.4.5121" 2949
108.123.240.117 - - [22/May/2024:02:45:17 +0700] "GET /usr/admin/developer HTTP/1.0" 304 811 "-" "Mozilla/5.0 (Windows NT 10.0; Win64; x64; rv:84.0) Gecko/20100101 Firefox/84.0" 702
