80.127.106.125 - - [22/May/2024:03:29:59 +0700] "DELETE /usr/register HTTP/1.0" 502 3155 "-" "Mozilla/5.0 (Linux; Android 10; ONEPLUS A6000) AppleWebKit/537.36 (KHTML, like Gecko) Chrome/87.0.4280.141 Mobile Safari/537.36" 2354
41.36.217.76 - - [22/May/2024:03:35:15 +0700] "POST /usr/admin HTTP/1.0" 303 948 "https://martin.org/category/app/appindex.html" "Mozilla/5.0 (Windows NT 10.0; Win64; x64) AppleWebKit/537.36 (KHTML, like Gecko) Chrome/89.0.4380.0 Safari/537.36 Edg/89.0.759.0" 2007
111.179.174.61 - - [22/May/2024:03:54:32 +0700] "PUT /usr/admin HTTP/1.0" 304 3945 "-" "Mozilla/5.0 (Android 10; Mobile; rv:84.0) Gecko/84.0 Firefox/84.0" 4891
66.63.212.113 - - [22/May/2024:03:48:44 +0700] "PUT /usr/login HTTP/1.0" 404 1824 "https://martin.org/category/app/appindex.html" "Mozilla/5.0 (Macintosh; Intel Mac OS X 10_9_3) AppleWebKit/537.75.14 (KHTML, like Gecko) Version/7.0.3 Safari/7046A194A" 3094
108.123.240.117 - - [22/May/2024:03:43:34 +0700] "POST /usr HTTP/1.0" 200 194 "https://martin.org/category/app/appindex.html" "Mozilla/5.0 (Linux; Android 10; ONEPLUS A6000) AppleWebKit/537.36 (KHTML, like Gecko) Chrome/87.0.4280.141 Mobile Safari/537.36" 1595
84.104.191.135 - - [22/May/2024:03:48:39 +0700] "DELETE /usr HTTP/1.0" 502 2171 "https://martin.org/category/app/appindex.html" "Mozilla/5.0 (Windows NT 10.0; Win64; x64; rv:84.0) Gecko/20100101 Firefox/84.0" 582
108.123.240.117 - - [22/May/2024:03:36:05 +0700] "GET /usr HTTP/1.0" 500 4900 "-" "Mozilla/5.0 (Android 10; Mobile; rv:84.0) Gecko/84.0 Firefox/84.0" 1342
138.170.70.238 - - [22/May/2024:03:44:45 +0700] "DELETE /usr/register HTTP/1.0" 303 1423 "-" "Mozilla/5.0 (Android 10; Mobile; rv:84.0) Gecko/84.0 Firefox/84.0" 2342
41.211.66.128 - - [22/May/2024:03:22:57 +0700] "POST /usr HTTP/1.0" 403 4501 "-" "Mozilla/5.0 (iPhone; CPU iPhone OS 12_4_9 like Mac OS X) AppleWebKit/605.1.15 (KHTML, like Gecko) Version/12.1.2 Mobile/15E148 Safari/604.1" 280
41.211.66.128 - - [22/May/2024:03:41:01 +0700] "POST /usr HTTP/1.0" 500 3928 "-" "Mozilla/5.0 (Windows NT 10.0; Win64; x64) AppleWebKit/537.36 (KHTML, like Gecko) Chrome/87.0.4280.141 Safari/537.36" 3430
80.127.106.125 - - [22/May/2024:03:44:57 +0700] "PUT /usr HTTP/1.0" 500 3613 "https://martin.org/category/app/appindex.html" "Mozilla/5.0 (Windows NT 10.0; Win64; x64) AppleWebKit/537.36 (KHTML, like Gecko) Chrome/89.0.4380.0 Safari/537.36 Edg/89.0.759.0" 4879
212.118.114.85 - - [22/May/2024:03:53:10 +0700] "DELETE /usr/login HTTP/1.0" 403 609 "https://martin.org/category/app/appindex.html" "Mozilla/5.0 (Windows NT 10.0; Win64; x64) AppleWebKit/537.36 (KHTML, like Gecko) Chrome/87.0.4280.141 Safari/537.36" 2753
198.183.70.108 - - [22/May/2024:03:06:25 +0700] "PUT /usr/register HTTP/1.0" 502 3072 "-" "Mozilla/5.0 (Windows NT 10.0; Win64; x64) AppleWebKit/537.36 (KHTML, like Gecko) Chrome/87.0.4280.141 Safari/537.36" 997
111.179.174.61 - - [22/May/2024:03:45:51 +0700] "DELETE /usr HTTP/1.0" 200 4450 "https://martin.org/category/app/appindex.html" "Mozilla/5.0 (Linux; Android 10; ONEPLUS A6000) AppleWebKit/537.36 (KHTML, like Gecko) Chrome/87.0.4280.141 Mobile Safari/537.36" 377
200.177.71.253 - - [22/May/2024:03:05:32 +0700] "PUT /usr/admin HTTP/1.0" 502 3099 "-" "Mozilla/5.0 (Linux; Android 10; ONEPLUS A6000) AppleWebKit/537.36 (KHTML, like Gecko) Chrome/86.0.4240.198 Mobile Safari/537.36 OPR/61.2.3076.56749" 1716
35.203.220.171 - - [22/May/2024:03:35:54 +0700] "PUT /usr/register HTTP/1.0" 500 3748 "-" "Mozilla/5.0 (Windows NT 10.0; Win64; x64) AppleWebKit/537.36 (KHTML, like Gecko) Chrome/87.0.4280.88 Safari/537.36 OPR/73.0.3856.329" 1392
80.127.106.125 - - [22/May/2024:03:35:48 +0700] "PUT /usr/admin HTTP/1.0" 200 4567 "-" "Mozilla/5.0 (Android 10; Mobile; rv:84.0) Gecko/84.0 Firefox/84.0" 3715
212.118.114.85 - - [22/May/2024:03:49:03 +0700] "PUT /usr/login HTTP/1.0" 200 4277 "-" "Mozilla/5.0 (Windows NT 10.0; Win64; x64) AppleWebKit/537.36 (KHTML, like Gecko) Chrome/87.0.4280.141 Safari/537.36" 1045
26.174.77.251 - - [22/May/2024:03:52:44 +0700] "DELETE /usr HTTP/1.0" 502 2116 "-" "Mozilla/5.0 (Macintosh; Intel Mac OS X 10_9_3) AppleWebKit/537.75.14 (KHTML, like Gecko) Version/7.0.3 Safari/7046A194A" 2789
111.179.174.61 - - [22/May/2024:03:01:03 +0700] "DELETE /usr HTTP/1.0" 304 4492 "https://martin.org/category/app/appindex.html" "Mozilla/5.0 (Windows NT 10.0; Win64; x64) AppleWebKit/537.36 (KHTML, like Gecko) Chrome/87.0.4280.88 Safari/537.36 OPR/73.0.3856.329" 597
16.25.184.140 - - [22/May/2024:03:12:36 +0700] "GET /usr/register HTTP/1.0" 500 68 "-" "Mozilla/5.0 (Linux; Android 10; ONEPLUS A6000) AppleWebKit/537.36 (KHTML, like Gecko) Chrome/86.0.4240.198 Mobile Safari/537.36 OPR/61.2.3076.56749" 4687
26.134.198.19 - - [22/May/2024:03:12:10 +0700] "POST /usr/admin/developer HTTP/1.0" 303 191 "https://martin.org/category/app/appindex.html" "Mozilla/5.0 (Linux; Android 10; ONEPLUS A6000) AppleWebKit/537.36 (KHTML, like Gecko) Chrome/86.0.4240.198 Mobile Safari/537.36 OPR/61.2.3076.56749" 1585
21.182.137.165 - - [22/May/2024:03:55:46 +0700] "GET /usr/register HTTP/1.0" 303 3255 "-" "Mozilla/5.0 (Windows NT 10.0; Win64; x64) AppleWebKit/537.36 (KHTML, like Gecko) Chrome/87.0.4280.141 Safari/537.36" 4617
108.123.240.117 - - [22/May/2024:03:27:22 +0700] "DELETE /usr/register HTTP/1.0" 200 2080 "-" "Mozilla/5.0 (Windows NT 10.0; Win64; x64) AppleWebKit/537.36 (KHTML, like Gecko) Chrome/89.0.4380.0 Safari/537.36 Edg/89.0.759.0" 3128
212.118.114.85 - - [22/May/2024:03:13:55 +0700] "PUT /usr/admin/developer HTTP/1.0" 502 4154 "https://martin.org/category/app/appindex.html" "Mozilla/5.0 (Linux; Android 10; ONEPLUS A6000) AppleWebKit/537.36 (KHTML, like Gecko) Chrome/87.0.4280.141 Mobile Safari/537.36" 196
220.119.157.130 - - [22/May/2024:03:38:22 +0700] "DELETE /usr/register HTTP/1.0" 500 1937 "https://martin.org/category/app/appindex.html" "Mozilla/5.0 (Linux; Android 10; ONEPLUS A6000) AppleWebKit/537.36 (KHTML, like Gecko) Chrome/77.0.3865.116 Mobile Safari/537.36 EdgA/45.12.4.5121" 1687
80.127.106.125 - - [22/May/2024:03:12:59 +0700] "GET /usr/admin HTTP/1.0" 304 2573 "-" "Mozilla/5.0 (Linux; Android 10; ONEPLUS A6000) AppleWebKit/537.36 (KHTML, like Gecko) Chrome/77.0.3865.116 Mobile Safari/537.36 EdgA/45.12.4.5121" 2674
212.118.114.85 - - [22/May/2024:03:10:30 +0700] "GET /usr/admin HTTP/1.0" 304 3478 "-" "Mozilla/5.0 (Windows NT 10.0; Win64; x64) AppleWebKit/537.36 (KHTML, like Gecko) Chrome/87.0.4280.141 Safari/537.36" 2470
26.134.198.19 - - [22/May/2024:03:58:08 +0700] "GET /usr/login HTTP/1.0" 404 4046 "https://martin.org/category/app/appindex.html" "Mozilla/5.0 (Android 10; Mobile; rv:84.0) Gecko/84.0 Firefox/84.0" 57
84.104.191.135 - - [22/May/2024:03:39:57 +0700] "DELETE /usr HTTP/1.0" 404 263 "-" "Mozilla/5.0 (Windows NT 10.0; Win64; x64) AppleWebKit/537.36 (KHTML, like Gecko) Chrome/87.0.4280.141 Safari/537.36" 2326
66.63.212.113 - - [22/May/2024:03:41:34 +0700] "POST /usr HTTP/1.0" 404 650 "-" "Mozilla/5.0 (Linux; Android 10; ONEPLUS A6000) AppleWebKit/537.36 (KHTML, like Gecko) Chrome/77.0.3865.116 Mobile Safari/537.36 EdgA/45.12.4.5121" 3774
84.104.191.135 - - [22/May/2024:03:04:12 +0700] "POST /usr/admin/developer HTTP/1.0" 200 2779 "https://martin.org/category/app/appindex.html" "Mozilla/5.0 (Macintosh; Intel Mac OS X 10_9_3) AppleWebKit/537.75.14 (KHTML, like Gecko) Version/7.0.3 Safari/7046A194A" 4207
108.123.240.117 - - [22/May/2024:03:30:45 +0700] "GET /usr/register HTTP/1.0" 502 1559 "https://martin.org/category/app/appindex.html" "Mozilla/5.0 (Linux; Android 10; ONEPLUS A6000) AppleWebKit/537.36 (KHTML, like Gecko) Chrome/87.0.4280.141 Mobile Safari/537.36" 924
212.175.100.17 - - [22/May/2024:03:33:54 +0700] "POST /usr/admin/developer HTTP/1.0" 404 2317 "https://martin.org/category/app/appindex.html" "Mozilla/5.0 (Linux; Android 10; ONEPLUS A6000) AppleWebKit/537.36 (KHTML, like Gecko) Chrome/77.0.3865.116 Mobile Safari/537.36 EdgA/45.12.4.5121" 4043
200.177.71.253 - - [22/May/2024:03:17:39 +0700] "GET /usr/login HTTP/1.0" 403 697 "https://martin.org/category/app/appindex.html" "Mozilla/5.0 (Android 10; Mobile; rv:84.0) Gecko/84.0 Firefox/84.0" 4687
198.183.70.108 - - [22/May/2024:03:03:24 +0700] "POST /usr HTTP/1.0" 403 2731 "-" "Mozilla/5.0 (Linux; Android 10; ONEPLUS A6000) AppleWebKit/537.36 (KHTML, like Gecko) Chrome/77.0.3865.116 Mobile Safari/537.36 EdgA/45.12.4.5121" 1
220.119.157.130 - - [22/May/2024:03:30:13 +0700] "POST /usr/login HTTP/1.0" 500 4604 "https://martin.org/category/app/appindex.html" "Mozilla/5.0 (Android 10; Mobile; rv:84.0) Gecko/84.0 Firefox/84.0" 1172
26.146.108.114 - - [22/May/2024:03:33:35 +0700] "POST /usr/admin/developer HTTP/1.0" 303 1201 "https://martin.org/category/app/appindex.html" "Mozilla/5.0 (iPhone; CPU iPhone OS 12_4_9 like Mac OS X) AppleWebKit/605.1.15 (KHTML, like Gecko) Version/12.1.2 Mobile/15E148 Safari/604.1" 2122
3.237.6.150 - - [22/May/2024:03:17:29 +0700] "POST /usr HTTP/1.0" 500 235 "https://martin.org/category/app/appindex.html" "Mozilla/5.0 (Windows NT 10.0; Win64; x64; rv:84.0) Gecko/20100101 Firefox/84.0" 1699
143.106.89.246 - - [22/May/2024:03:33:15 +0700] "DELETE /usr/login HTTP/1.0" 200 608 "https://martin.org/category/app/appindex.html" "Mozilla/5.0 (Windows NT 10.0; Win64; x64; rv:84.0) Gecko/20100101 Firefox/84.0" 4981
200.177.71.253 - - [22/May/2024:03:30:22 +0700] "POST /usr/register HTTP/1.0" 304 831 "https://martin.org/category/app/appindex.html" "Mozilla/5.0 (Linux; Android 10; ONEPLUS A6000) AppleWebKit/537.36 (KHTML, like Gecko) Chrome/87.0.4280.141 Mobile Safari/537.36" 2223
80.127.106.125 - - [22/May/2024:03:25:26 +0700] "POST /usr/admin/developer HTTP/1.0" 404 1190 "https://martin.org/category/app/appindex.html" "Mozilla/5.0 (Windows NT 10.0; Win64; x64) AppleWebKit/537.36 (KHTML, like Gecko) Chrome/87.0.4280.88 Safari/537.36 OPR/73.0.3856.329" 3277
80.127.106.125 - - [22/May/2024:03:34:55 +0700] "POST /usr/admin/developer HTTP/1.0" 304 2013 "https://martin.org/category/app/appindex.html" "Mozilla/5.0 (Linux; Android 10; ONEPLUS A6000) AppleWebKit/537.36 (KHTML, like Gecko) Chrome/86.0.4240.198 Mobile Safari/537.36 OPR/61.2.3076.56749" 2977
220.119.157.130 - - [22/May/2024:03:28:47 +0700] "DELETE /usr/admin HTTP/1.0" 403 1800 "https://martin.org/category/app/appindex.html" "Mozilla/5.0 (Linux; Android 10; ONEPLUS A6000) AppleWebKit/537.36 (KHTML, like Gecko) Chrome/77.0.3865.116 Mobile Safari/537.36 EdgA/45.12.4.5121" 484
132.191.172.36 - - [22/May/2024:03:58:01 +0700] "PUT /usr/login HTTP/1.0" 304 2820 "https://martin.org/category/app/appindex.html" "Mozilla/5.0 (Windows NT 10.0; Win64; x64) AppleWebKit/537.36 (KHTML, like Gecko) Chrome/87.0.4280.88 Safari/537.36 OPR/73.0.3856.329" 4641
35.203.220.171 - - [22/May/2024:03:24:12 +0700] "POST /usr/admin HTTP/1.0" 502 2466 "https://martin.org/category/app/appindex.html" "Mozilla/5.0 (Linux; Android 10; ONEPLUS A6000) AppleWebKit/537.36 (KHTML, like Gecko) Chrome/87.0.4280.141 Mobile Safari/537.36" 4383
33.218.122.205 - - [22/May/2024:03:43:49 +0700] "PUT /usr/login HTTP/1.0" 403 3227 "-" "Mozilla/5.0 (Windows NT 10.0; Win64; x64) AppleWebKit/537.36 (KHTML, like Gecko) Chrome/87.0.4280.141 Safari/537.36" 1612
16.25.184.140 - - [22/May/2024:03:48:58 +0700] "PUT /usr/register HTTP/1.0" 403 4214 "-" "Mozilla/5.0 (Windows NT 10.0; Win64; x64) AppleWebKit/537.36 (KHTML, like Gecko) Chrome/87.0.4280.88 Safari/537.36 OPR/73.0.3856.329" 3510
200.177.71.253 - - [22/May/2024:03:36:40 +0700] "PUT /usr HTTP/1.0" 200 2461 "-" "Mozilla/5.0 (iPhone; CPU iPhone OS 12_4_9 like Mac OS X) AppleWebKit/605.1.15 (KHTML, like Gecko) Version/12.1.2 Mobile/15E148 Safari/604.1" 779
212.118.114.85 - - [22/May/2024:03:39:57 +0700] "DELETE /usr/register HTTP/1.0" 403 3137 "https://martin.org/category/app/appindex.html" "Mozilla/5.0 (iPhone; CPU iPhone OS 12_4_9 like Mac OS X) AppleWebKit/605.1.15 (KHTML, like Gecko) Version/12.1.2 Mobile/15E148 Safari/604.1" 4603
41.211.66.128 - - [22/May/2024:03:40:36 +0700] "DELETE /usr HTTP/1.0" 304 4612 "-" "Mozilla/5.0 (Windows NT 10.0; Win64; x64; rv:84.0) Gecko/20100101 Firefox/84.0" 1087
33.218.122.205 - - [22/May/2024:03:26:47 +0700] "DELETE /usr/login HTTP/1.0" 303 4491 "https://martin.org/category/app/appindex.html" "Mozilla/5.0 (Windows NT 10.0; Win64; x64) AppleWebKit/537.36 (KHTML, like Gecko) Chrome/89.0.4380.0 Safari/537.36 Edg/89.0.759.0" 41
16.25.184.140 - - [22/May/2024:03:05:58 +0700] "PUT /usr HTTP/1.0" 403 4808 "-" "Mozilla/5.0 (Windows NT 10.0; Win64; x64; rv:84.0) Gecko/20100101 Firefox/84.0" 625
16.25.184.140 - - [22/May/2024:03:21:11 +0700] "PUT /usr/admin/developer HTTP/1.0" 403 67 "https://martin.org/category/app/appindex.html" "Mozilla/5.0 (Linux; Android 10; ONEPLUS A6000) AppleWebKit/537.36 (KHTML, like Gecko) Chrome/77.0.3865.116 Mobile Safari/537.36 EdgA/45.12.4.5121" 2631
138.170.70.238 - - [22/May/2024:03:37:08 +0700] "POST /usr/login HTTP/1.0" 502 1501 "-" "Mozilla/5.0 (Linux; Android 10; ONEPLUS A6000) AppleWebKit/537.36 (KHTML, like Gecko) Chrome/77.0.3865.116 Mobile Safari/537.36 EdgA/45.12.4.5121" 2153
91.214.160.215 - - [22/May/2024:03:40:39 +0700] "GET /usr/admin HTTP/1.0" 404 1029 "https://martin.org/category/app/appindex.html" "Mozilla/5.0 (Macintosh; Intel Mac OS X 10_9_3) AppleWebKit/537.75.14 (KHTML, like Gecko) Version/7.0.3 Safari/7046A194A" 76
212.175.100.17 - - [22/May/2024:03:38:02 +0700] "POST /usr/admin HTTP/1.0" 304 1686 "https://martin.org/category/app/appindex.html" "Mozilla/5.0 (Android 10; Mobile; rv:84.0) Gecko/84.0 Firefox/84.0" 4455
170.22.78.167 - - [22/May/2024:03:35:59 +0700] "GET /usr HTTP/1.0" 303 3289 "https://martin.org/category/app/appindex.html" "Mozilla/5.0 (Windows NT 10.0; Win64; x64) AppleWebKit/537.36 (KHTML, like Gecko) Chrome/89.0.4380.0 Safari/537.36 Edg/89.0.759.0" 3076
84.104.191.135 - - [22/May/2024:03:08:53 +0700] "DELETE /usr/login HTTP/1.0" 304 2453 "-" "Mozilla/5.0 (Linux; Android 10; ONEPLUS A6000) AppleWebKit/537.36 (KHTML, like Gecko) Chrome/86.0.4240.198 Mobile Safari/537.36 OPR/61.2.3076.56749" 4412
26.174.77.251 - - [22/May/2024:03:42:58 +0700] "DELETE /usr/admin HTTP/1.0" 403 61 "https://martin.org/category/app/appindex.html" "Mozilla/5.0 (Windows NT 10.0; Win64; x64) AppleWebKit/537.36 (KHTML, like Gecko) Chrome/87.0.4280.141 Safari/537.36" 3983
3.237.6.150 - - [22/May/2024:03:29:31 +0700] "GET /usr/register HTTP/1.0" 304 731 "-" "Mozilla/5.0 (Linux; Android 10; ONEPLUS A6000) AppleWebKit/537.36 (KHTML, like Gecko) Chrome/87.0.4280.141 Mobile Safari/537.36" 1602
26.134.198.19 - - [22/May/2024:03:54:22 +0700] "PUT /usr/admin HTTP/1.0" 404 186 "https://martin.org/category/app/appindex.html" "Mozilla/5.0 (Linux; Android 10; ONEPLUS A6000) AppleWebKit/537.36 (KHTML, like Gecko) Chrome/77.0.3865.116 Mobile Safari/537.36 EdgA/45.12.4.5121" 530
138.170.70.238 - - [22/May/2024:03:32:58 +0700] "POST /usr/register HTTP/1.0" 304 4317 "https://martin.org/category/app/appindex.html" "Mozilla/5.0 (Windows NT 10.0; Win64; x64) AppleWebKit/537.36 (KHTML, like Gecko) Chrome/87.0.4280.88 Safari/537.36 OPR/73.0.3856.329" 959
41.36.217.76 - - [22/May/2024:03:52:37 +0700] "GET /usr/register HTTP/1.0" 304 2482 "-" "Mozilla/5.0 (Macintosh; Intel Mac OS X 10_9_3) AppleWebKit/537.75.14 (KHTML, like Gecko) Version/7.0.3 Safari/7046A194A" 1008
35.203.220.171 - - [22/May/2024:03:06:15 +0700] "POST /usr/admin/developer HTTP/1.0" 304 3197 "https://martin.org/category/app/appindex.html" "Mozilla/5.0 (Linux; Android 10; ONEPLUS A6000) AppleWebKit/537.36 (KHTML, like Gecko) Chrome/87.0.4280.141 Mobile Safari/537.36" 3632
35.203.220.171 - - [22/May/2024:03:39:48 +0700] "DELETE /usr HTTP/1.0" 502 1819 "https://martin.org/category/app/appindex.html" "Mozilla/5.0 (Linux; Android 10; ONEPLUS A6000) AppleWebKit/537.36 (KHTML, like Gecko) Chrome/87.0.4280.141 Mobile Safari/537.36" 244
16.25.184.140 - - [22/May/2024:03:40:14 +0700] "PUT /usr/login HTTP/1.0" 502 674 "-" "Mozilla/5.0 (Macintosh; Intel Mac OS X 10_9_3) AppleWebKit/537.75.14 (KHTML, like Gecko) Version/7.0.3 Safari/7046A194A" 3103
33.218.122.205 - - [22/May/2024:03:41:20 +0700] "POST /usr/admin/developer HTTP/1.0" 404 2952 "https://martin.org/category/app/appindex.html" "Mozilla/5.0 (Windows NT 10.0; Win64; x64) AppleWebKit/537.36 (KHTML, like Gecko) Chrome/87.0.4280.88 Safari/537.36 OPR/73.0.3856.329" 1462
111.179.174.61 - - [22/May/2024:03:36:30 +0700] "GET /usr/login HTTP/1.0" 502 4099 "-" "Mozilla/5.0 (Linux; Android 10; ONEPLUS A6000) AppleWebKit/537.36 (KHTML, like Gecko) Chrome/77.0.3865.116 Mobile Safari/537.36 EdgA/45.12.4.5121" 450
3.237.6.150 - - [22/May/2024:03:10:37 +0700] "GET /usr HTTP/1.0" 200 1942 "-" "Mozilla/5.0 (Linux; Android 10; ONEPLUS A6000) AppleWebKit/537.36 (KHTML, like Gecko) Chrome/77.0.3865.116 Mobile Safari/537.36 EdgA/45.12.4.5121" 489
21.182.137.165 - - [22/May/2024:03:25:38 +0700] "POST /usr/register HTTP/1.0" 502 3325 "-" "Mozilla/5.0 (Windows NT 10.0; Win64; x64) AppleWebKit/537.36 (KHTML, like Gecko) Chrome/89.0.4380.0 Safari/537.36 Edg/89.0.759.0" 3583
143.106.89.246 - - [22/May/2024:03:10:07 +0700] "DELETE /usr/admin/developer HTTP/1.0" 303 1917 "-" "Mozilla/5.0 (Windows NT 10.0; Win64; x64) AppleWebKit/537.36 (KHTML, like Gecko) Chrome/89.0.4380.0 Safari/537.36 Edg/89.0.759.0" 1015
143.106.89.246 - - [22/May/2024:03:12:06 +0700] "DELETE /usr/register HTTP/1.0" 403 741 "-" "Mozilla/5.0 (Windows NT 10.0; Win64; x64; rv:84.0) Gecko/20100101 Firefox/84.0" 1135
80.127.106.125 - - [22/May/2024:03:19:41 +0700] "DELETE /usr/login HTTP/1.0" 200 2340 "https://martin.org/category/app/appindex.html" "Mozilla/5.0 (Macintosh; Intel Mac OS X 10_9_3) AppleWebKit/537.75.14 (KHTML, like Gecko) Version/7.0.3 Safari/7046A194A" 2606
212.175.100.17 - - [22/May/2024:03:07:35 +0700] "GET /usr HTTP/1.0" 502 4043 "https://martin.org/category/app/appindex.html" "Mozilla/5.0 (Linux; Android 10; ONEPLUS A6000) AppleWebKit/537.36 (KHTML, like Gecko) Chrome/87.0.4280.141 Mobile Safari/537.36" 4948
41.230.116.70 - - [22/May/2024:03:23:50 +0700] "GET /usr HTTP/1.0" 200 1071 "-" "Mozilla/5.0 (Windows NT 10.0; Win64; x64; rv:84.0) Gecko/20100101 Firefox/84.0" 3317
26.174.77.251 - - [22/May/2024:03:33:46 +0700] "DELETE /usr/login HTTP/1.0" 403 1416 "-" "Mozilla/5.0 (Windows NT 10.0; Win64; x64) AppleWebKit/537.36 (KHTML, like Gecko) Chrome/87.0.4280.141 Safari/537.36" 496
26.174.77.251 - - [22/May/2024:03:34:29 +0700] "GET /usr HTTP/1.0" 200 3810 "https://martin.org/category/app/appindex.html" "Mozilla/5.0 (Linux; Android 10; ONEPLUS A6000) AppleWebKit/537.36 (KHTML, like Gecko) Chrome/77.0.3865.116 Mobile Safari/537.36 EdgA/45.12.4.5121" 3041
132.191.172.36 - - [22/May/2024:03:41:42 +0700] "POST /usr/admin/developer HTTP/1.0" 404 4763 "https://martin.org/category/app/appindex.html" "Mozilla/5.0 (Linux; Android 10; ONEPLUS A6000) AppleWebKit/537.36 (KHTML, like Gecko) Chrome/86.0.4240.198 Mobile Safari/537.36 OPR/61.2.3076.56749" 3467
91.214.160.215 - - [22/May/2024:03:54:12 +0700] "PUT /usr/admin/developer HTTP/1.0" 303 4073 "https://martin.org/category/app/appindex.html" "Mozilla/5.0 (Android 10; Mobile; rv:84.0) Gecko/84.0 Firefox/84.0" 502
26.174.77.251 - - [22/May/2024:03:00:43 +0700] "POST /usr/admin/developer HTTP/1.0" 304 1234 "-" "Mozilla/5.0 (Windows NT 10.0; Win64; x64) AppleWebKit/537.36 (KHTML, like Gecko) Chrome/89.0.4380.0 Safari/537.36 Edg/89.0.759.0" 2142
212.118.114.85 - - [22/May/2024:03:57:06 +0700] "GET /usr HTTP/1.0" 404 2092 "-" "Mozilla/5.0 (Linux; Android 10; ONEPLUS A6000) AppleWebKit/537.36 (KHTML, like Gecko) Chrome/86.0.4240.198 Mobile Safari/537.36 OPR/61.2.3076.56749" 1261
26.174.77.251 - - [22/May/2024:03:15:58 +0700] "POST /usr HTTP/1.0" 404 3510 "https://martin.org/category/app/appindex.html" "Mozilla/5.0 (iPhone; CPU iPhone OS 12_4_9 like Mac OS X) AppleWebKit/605.1.15 (KHTML, like Gecko) Version/12.1.2 Mobile/15E148 Safari/604.1" 1357
26.174.77.251 - - [22/May/2024:03:00:42 +0700] "PUT /usr HTTP/1.0" 200 1934 "https://martin.org/category/app/appindex.html" "Mozilla/5.0 (Linux; Android 10; ONEPLUS A6000) AppleWebKit/537.36 (KHTML, like Gecko) Chrome/77.0.3865.116 Mobile Safari/537.36 EdgA/45.12.4.5121" 3656
41.36.217.76 - - [22/May/2024:03:37:04 +0700] "POST /usr/admin/developer HTTP/1.0" 404 1717 "https://martin.org/category/app/appindex.html" "Mozilla/5.0 (Windows NT 10.0; Win64; x64) AppleWebKit/537.36 (KHTML, like Gecko) Chrome/89.0.4380.0 Safari/537.36 Edg/89.0.759.0" 3577
170.22.78.167 - - [22/May/2024:03:44:41 +0700] "POST /usr/register HTTP/1.0" 404 3203 "-" "Mozilla/5.0 (Windows NT 10.0; Win64; x64) AppleWebKit/537.36 (KHTML, like Gecko) Chrome/87.0.4280.88 Safari/537.36 OPR/73.0.3856.329" 2148
143.106.89.246 - - [22/May/2024:03:57:09 +0700] "POST /usr/admin HTTP/1.0" 500 2373 "-" "Mozilla/5.0 (Linux; Android 10; ONEPLUS A6000) AppleWebKit/537.36 (KHTML, like Gecko) Chrome/86.0.4240.198 Mobile Safari/537.36 OPR/61.2.3076.56749" 3931
218.202.93.91 - - [22/May/2024:03:08:21 +0700] "DELETE /usr/login HTTP/1.0" 404 2824 "-" "Mozilla/5.0 (Windows NT 10.0; Win64; x64) AppleWebKit/537.36 (KHTML, like Gecko) Chrome/87.0.4280.88 Safari/537.36 OPR/73.0.3856.329" 3211
16.25.184.140 - - [22/May/2024:03:45:56 +0700] "POST /usr/admin HTTP/1.0" 303 2762 "https://martin.org/category/app/appindex.html" "Mozilla/5.0 (Linux; Android 10; ONEPLUS A6000) AppleWebKit/537.36 (KHTML, like Gecko) Chrome/86.0.4240.198 Mobile Safari/537.36 OPR/61.2.3076.56749" 2766
138.170.70.238 - - [22/May/2024:03:08:43 +0700] "GET /usr/login HTTP/1.0" 303 89 "-" "Mozilla/5.0 (Windows NT 10.0; Win64; x64) AppleWebKit/537.36 (KHTML, like Gecko) Chrome/89.0.4380.0 Safari/537.36 Edg/89.0.759.0" 4133
91.214.160.215 - - [22/May/2024:03:36:59 +0700] "GET /usr/register HTTP/1.0" 404 2596 "https://martin.org/category/app/appindex.html" "Mozilla/5.0 (Windows NT 10.0; Win64; x64) AppleWebKit/537.36 (KHTML, like Gecko) Chrome/87.0.4280.88 Safari/537.36 OPR/73.0.3856.329" 4499
200.177.71.253 - - [22/May/2024:03:59:23 +0700] "GET /usr/login HTTP/1.0" 404 2713 "-" "Mozilla/5.0 (iPhone; CPU iPhone OS 12_4_9 like Mac OS X) AppleWebKit/605.1.15 (KHTML, like Gecko) Version/12.1.2 Mobile/15E148 Safari/604.1" 4933
139.131.74.210 - - [22/May/2024:03:57:06 +0700] "DELETE /usr/register HTTP/1.0" 304 1127 "-" "Mozilla/5.0 (Linux; Android 10; ONEPLUS A6000) AppleWebKit/537.36 (KHTML, like Gecko) Chrome/77.0.3865.116 Mobile Safari/537.36 EdgA/45.12.4.5121" 1295
200.177.71.253 - - [22/May/2024:03:16:05 +0700] "PUT /usr/admin/developer HTTP/1.0" 404 4752 "https://martin.org/category/app/appindex.html" "Mozilla/5.0 (Windows NT 10.0; Win64; x64; rv:84.0) Gecko/20100101 Firefox/84.0" 4279
33.218.122.205 - - [22/May/2024:03:59:51 +0700] "PUT /usr/login HTTP/1.0" 403 977 "https://martin.org/category/app/appindex.html" "Mozilla/5.0 (Linux; Android 10; ONEPLUS A6000) AppleWebKit/537.36 (KHTML, like Gecko) Chrome/86.0.4240.198 Mobile Safari/537.36 OPR/61.2.3076.56749" 3130
138.170.70.238 - - [22/May/2024:03:36:50 +0700] "POST /usr HTTP/1.0" 303 3874 "https://martin.org/category/app/appindex.html" "Mozilla/5.0 (Android 10; Mobile; rv:84.0) Gecko/84.0 Firefox/84.0" 480
21.182.137.165 - - [22/May/2024:03:35:19 +0700] "POST /usr/login HTTP/1.0" 403 215 "-" "Mozilla/5.0 (Windows NT 10.0; Win64; x64) AppleWebKit/537.36 (KHTML, like Gecko) Chrome/87.0.4280.88 Safari/537.36 OPR/73.0.3856.329" 484
26.146.108.114 - - [22/May/2024:03:01:23 +0700] "PUT /usr/register HTTP/1.0" 404 1235 "https://martin.org/category/app/appindex.html" "Mozilla/5.0 (Windows NT 10.0; Win64; x64; rv:84.0) Gecko/20100101 Firefox/84.0" 1365
35.203.220.171 - - [22/May/2024:03:25:29 +0700] "POST /usr/admin HTTP/1.0" 304 4148 "https://martin.org/category/app/appindex.html" "Mozilla/5.0 (Macintosh; Intel Mac OS X 10_9_3) AppleWebKit/537.75.14 (KHTML, like Gecko) Version/7.0.3 Safari/7046A194A" 3585
41.230.116.70 - - [22/May/2024:03:45:36 +0700] "PUT /usr/register HTTP/1.0" 303 4755 "-" "Mozilla/5.0 (Windows NT 10.0; Win64; x64) AppleWebKit/537.36 (KHTML, like Gecko) Chrome/87.0.4280.141 Safari/537.36" 3457
41.36.217.76 - - [22/May/2024:03:12:43 +0700] "GET /usr HTTP/1.0" 404 676 "-" "Mozilla/5.0 (Macintosh; Intel Mac OS X 10_9_3) AppleWebKit/537.75.14 (KHTML, like Gecko) Version/7.0.3 Safari/7046A194A" 300
143.106.89.246 - - [22/May/2024:03:20:18 +0700] "PUT /usr/login HTTP/1.0" 303 2764 "-" "Mozilla/5.0 (Linux; Android 10; ONEPLUS A6000) AppleWebKit/537.36 (KHTML, like Gecko) Chrome/77.0.3865.116 Mobile Safari/537.36 EdgA/45.12.4.5121" 511
26.174.77.251 - - [22/May/2024:03:05:28 +0700] "GET /usr HTTP/1.0" 304 2142 "-" "Mozilla/5.0 (Windows NT 10.0; Win64; x64) AppleWebKit/537.36 (KHTML, like Gecko) Chrome/87.0.4280.141 Safari/537.36" 803
84.104.191.135 - - [22/May/2024:03:56:27 +0700] "POST /usr/register HTTP/1.0" 500 2689 "https://martin.org/category/app/appindex.html" "Mozilla/5.0 (iPhone; CPU iPhone OS 12_4_9 like Mac OS X) AppleWebKit/605.1.15 (KHTML, like Gecko) Version/12.1.2 Mobile/15E148 Safari/604.1" 3464
212.118.114.85 - - [22/May/2024:03:08:37 +0700] "DELETE /usr/login HTTP/1.0" 303 3160 "-" "Mozilla/5.0 (Windows NT 10.0; Win64; x64) AppleWebKit/537.36 (KHTML, like Gecko) Chrome/87.0.4280.88 Safari/537.36 OPR/73.0.3856.329" 1940
170.22.78.167 - - [22/May/2024:03:57:20 +0700] "GET /usr/login HTTP/1.0" 404 4344 "-" "Mozilla/5.0 (Android 10; Mobile; rv:84.0) Gecko/84.0 Firefox/84.0" 4147
26.134.198.19 - - [22/May/2024:03:14:44 +0700] "DELETE /usr/admin HTTP/1.0" 404 4975 "-" "Mozilla/5.0 (Windows NT 10.0; Win64; x64) AppleWebKit/537.36 (KHTML, like Gecko) Chrome/87.0.4280.88 Safari/537.36 OPR/73.0.3856.329" 4505
35.203.220.171 - - [22/May/2024:03:32:53 +0700] "PUT /usr/admin HTTP/1.0" 304 4492 "https://martin.org/category/app/appindex.html" "Mozilla/5.0 (Linux; Android 10; ONEPLUS A6000) AppleWebKit/537.36 (KHTML, like Gecko) Chrome/87.0.4280.141 Mobile Safari/537.36" 148
132.191.172.36 - - [22/May/2024:03:58:30 +0700] "DELETE /usr/admin/developer HTTP/1.0" 403 3160 "-" "Mozilla/5.0 (Linux; Android 10; ONEPLUS A6000) AppleWebKit/537.36 (KHTML, like Gecko) Chrome/86.0.4240.198 Mobile Safari/537.36 OPR/61.2.3076.56749" 1240
41.36.217.76 - - [22/May/2024:03:13:03 +0700] "PUT /usr/admin HTTP/1.0" 303 509 "https://martin.org/category/app/appindex.html" "Mozilla/5.0 (Linux; Android 10; ONEPLUS A6000) AppleWebKit/537.36 (KHTML, like Gecko) Chrome/86.0.4240.198 Mobile Safari/537.36 OPR/61.2.3076.56749" 1424
212.118.114.85 - - [22/May/2024:03:06:31 +0700] "DELETE /usr HTTP/1.0" 404 1020 "-" "Mozilla/5.0 (Linux; Android 10; ONEPLUS A6000) AppleWebKit/537.36 (KHTML, like Gecko) Chrome/86.0.4240.198 Mobile Safari/537.36 OPR/61.2.3076.56749" 2786
26.146.108.114 - - [22/May/2024:03:14:38 +0700] "DELETE /usr/login HTTP/1.0" 502 2479 "-" "Mozilla/5.0 (Android 10; Mobile; rv:84.0) Gecko/84.0 Firefox/84.0" 173
84.104.191.135 - - [22/May/2024:03:35:13 +0700] "DELETE /usr/register HTTP/1.0" 200 3295 "https://martin.org/category/app/appindex.html" "Mozilla/5.0 (Linux; Android 10; ONEPLUS A6000) AppleWebKit/537.36 (KHTML, like Gecko) Chrome/77.0.3865.116 Mobile Safari/537.36 EdgA/45.12.4.5121" 3959
170.22.78.167 - - [22/May/2024:03:19:20 +0700] "GET /usr/register HTTP/1.0" 500 1173 "-" "Mozilla/5.0 (Windows NT 10.0; Win64; x64; rv:84.0) Gecko/20100101 Firefox/84.0" 1667
3.237.6.150 - - [22/May/2024:03:07:53 +0700] "POST /usr/register HTTP/1.0" 500 1313 "-" "Mozilla/5.0 (Windows NT 10.0; Win64; x64) AppleWebKit/537.36 (KHTML, like Gecko) Chrome/87.0.4280.88 Safari/537.36 OPR/73.0.3856.329" 772
143.106.89.246 - - [22/May/2024:03:02:21 +0700] "GET /usr/admin HTTP/1.0" 502 4563 "https://martin.org/category/app/appindex.html" "Mozilla/5.0 (Linux; Android 10; ONEPLUS A6000) AppleWebKit/537.36 (KHTML, like Gecko) Chrome/77.0.3865.116 Mobile Safari/537.36 EdgA/45.12.4.5121" 451
143.106.89.246 - - [22/May/2024:03:01:29 +0700] "PUT /usr/admin HTTP/1.0" 304 3108 "-" "Mozilla/5.0 (iPhone; CPU iPhone OS 12_4_9 like Mac OS X) AppleWebKit/605.1.15 (KHTML, like Gecko) Version/12.1.2 Mobile/15E148 Safari/604.1" 3562
26.146.108.114 - - [22/May/2024:03:25:16 +0700] "GET /usr/register HTTP/1.0" 500 1927 "https://martin.org/category/app/appindex.html" "Mozilla/5.0 (iPhone; CPU iPhone OS 12_4_9 like Mac OS X) AppleWebKit/605.1.15 (KHTML, like Gecko) Version/12.1.2 Mobile/15E148 Safari/604.1" 4604
139.131.74.210 - - [22/May/2024:03:08:58 +0700] "GET /usr HTTP/1.0" 304 1721 "-" "Mozilla/5.0 (Android 10; Mobile; rv:84.0) Gecko/84.0 Firefox/84.0" 3469
26.134.198.19 - - [22/May/2024:03:19:58 +0700] "GET /usr/register HTTP/1.0" 304 4941 "https://martin.org/category/app/appindex.html" "Mozilla/5.0 (Android 10; Mobile; rv:84.0) Gecko/84.0 Firefox/84.0" 1132
41.211.66.128 - - [22/May/2024:03:38:17 +0700] "GET /usr/admin HTTP/1.0" 304 2234 "-" "Mozilla/5.0 (Android 10; Mobile; rv:84.0) Gecko/84.0 Firefox/84.0" 2816
41.230.116.70 - - [22/May/2024:03:09:24 +0700] "PUT /usr HTTP/1.0" 500 3200 "https://martin.org/category/app/appindex.html" "Mozilla/5.0 (iPhone; CPU iPhone OS 12_4_9 like Mac OS X) AppleWebKit/605.1.15 (KHTML, like Gecko) Version/12.1.2 Mobile/15E148 Safari/604.1" 4220
80.127.106.125 - - [22/May/2024:03:10:19 +0700] "PUT /usr/register HTTP/1.0" 200 2983 "https://martin.org/category/app/appindex.html" "Mozilla/5.0 (Windows NT 10.0; Win64; x64) AppleWebKit/537.36 (KHTML, like Gecko) Chrome/89.0.4380.0 Safari/537.36 Edg/89.0.759.0" 1491
26.146.108.114 - - [22/May/2024:03:42:09 +0700] "PUT /usr/admin/developer HTTP/1.0" 502 2041 "-" "Mozilla/5.0 (Linux; Android 10; ONEPLUS A6000) AppleWebKit/537.36 (KHTML, like Gecko) Chrome/87.0.4280.141 Mobile Safari/537.36" 237
21.182.137.165 - - [22/May/2024:03:33:21 +0700] "DELETE /usr/admin/developer HTTP/1.0" 303 4861 "-" "Mozilla/5.0 (Android 10; Mobile; rv:84.0) Gecko/84.0 Firefox/84.0" 1744
200.177.71.253 - - [22/May/2024:03:41:15 +0700] "DELETE /usr HTTP/1.0" 403 3641 "-" "Mozilla/5.0 (Windows NT 10.0; Win64; x64) AppleWebKit/537.36 (KHTML, like Gecko) Chrome/89.0.4380.0 Safari/537.36 Edg/89.0.759.0" 4098
21.182.137.165 - - [22/May/2024:03:42:15 +0700] "GET /usr HTTP/1.0" 304 4238 "-" "Mozilla/5.0 (Linux; Android 10; ONEPLUS A6000) AppleWebKit/537.36 (KHTML, like Gecko) Chrome/86.0.4240.198 Mobile Safari/537.36 OPR/61.2.3076.56749" 4622
198.183.70.108 - - [22/May/2024:03:16:06 +0700] "GET /usr HTTP/1.0" 304 3494 "https://martin.org/category/app/appindex.html" "Mozilla/5.0 (Windows NT 10.0; Win64; x64) AppleWebKit/537.36 (KHTML, like Gecko) Chrome/89.0.4380.0 Safari/537.36 Edg/89.0.759.0" 3913
3.237.6.150 - - [22/May/2024:03:40:52 +0700] "POST /usr/admin/developer HTTP/1.0" 403 2440 "https://martin.org/category/app/appindex.html" "Mozilla/5.0 (Linux; Android 10; ONEPLUS A6000) AppleWebKit/537.36 (KHTML, like Gecko) Chrome/87.0.4280.141 Mobile Safari/537.36" 3840
132.191.172.36 - - [22/May/2024:03:05:31 +0700] "PUT /usr/admin/developer HTTP/1.0" 303 1530 "-" "Mozilla/5.0 (iPhone; CPU iPhone OS 12_4_9 like Mac OS X) AppleWebKit/605.1.15 (KHTML, like Gecko) Version/12.1.2 Mobile/15E148 Safari/604.1" 4590
139.131.74.210 - - [22/May/2024:03:53:42 +0700] "GET /usr/admin HTTP/1.0" 403 1618 "https://martin.org/category/app/appindex.html" "Mozilla/5.0 (Windows NT 10.0; Win64; x64) AppleWebKit/537.36 (KHTML, like Gecko) Chrome/89.0.4380.0 Safari/537.36 Edg/89.0.759.0" 4915
212.175.100.17 - - [22/May/2024:03:04:08 +0700] "DELETE /usr/admin HTTP/1.0" 404 2617 "-" "Mozilla/5.0 (Android 10; Mobile; rv:84.0) Gecko/84.0 Firefox/84.0" 259
16.25.184.140 - - [22/May/2024:03:57:52 +0700] "PUT /usr/admin/developer HTTP/1.0" 304 4069 "https://martin.org/category/app/appindex.html" "Mozilla/5.0 (Windows NT 10.0; Win64; x64) AppleWebKit/537.36 (KHTML, like Gecko) Chrome/87.0.4280.141 Safari/537.36" 3613
21.182.137.165 - - [22/May/2024:03:30:39 +0700] "DELETE /usr/admin/developer HTTP/1.0" 304 2501 "https://martin.org/category/app/appindex.html" "Mozilla/5.0 (Linux; Android 10; ONEPLUS A6000) AppleWebKit/537.36 (KHTML, like Gecko) Chrome/77.0.3865.116 Mobile Safari/537.36 EdgA/45.12.4.5121" 1127
91.214.160.215 - - [22/May/2024:03:42:21 +0700] "DELETE /usr/register HTTP/1.0" 303 3785 "-" "Mozilla/5.0 (Linux; Android 10; ONEPLUS A6000) AppleWebKit/537.36 (KHTML, like Gecko) Chrome/77.0.3865.116 Mobile Safari/537.36 EdgA/45.12.4.5121" 1437
212.175.100.17 - - [22/May/2024:03:15:04 +0700] "GET /usr/admin/developer HTTP/1.0" 403 1891 "https://martin.org/category/app/appindex.html" "Mozilla/5.0 (Windows NT 10.0; Win64; x64) AppleWebKit/537.36 (KHTML, like Gecko) Chrome/87.0.4280.141 Safari/537.36" 3975
41.230.116.70 - - [22/May/2024:03:08:17 +0700] "POST /usr/login HTTP/1.0" 404 1160 "https://martin.org/category/app/appindex.html" "Mozilla/5.0 (Windows NT 10.0; Win64; x64) AppleWebKit/537.36 (KHTML, like Gecko) Chrome/87.0.4280.88 Safari/537.36 OPR/73.0.3856.329" 3716
41.36.217.76 - - [22/May/2024:03:39:30 +0700] "PUT /usr/login HTTP/1.0" 404 4143 "-" "Mozilla/5.0 (Windows NT 10.0; Win64; x64; rv:84.0) Gecko/20100101 Firefox/84.0" 1314
139.131.74.210 - - [22/May/2024:03:27:08 +0700] "DELETE /usr HTTP/1.0" 303 2840 "-" "Mozilla/5.0 (Windows NT 10.0; Win64; x64) AppleWebKit/537.36 (KHTML, like Gecko) Chrome/87.0.4280.88 Safari/537.36 OPR/73.0.3856.329" 4651
212.175.100.17 - - [22/May/2024:03:41:19 +0700] "DELETE /usr HTTP/1.0" 500 1520 "https://martin.org/category/app/appindex.html" "Mozilla/5.0 (Windows NT 10.0; Win64; x64) AppleWebKit/537.36 (KHTML, like Gecko) Chrome/89.0.4380.0 Safari/537.36 Edg/89.0.759.0" 2597
91.214.160.215 - - [22/May/2024:03:58:47 +0700] "GET /usr/register HTTP/1.0" 303 3135 "https://martin.org/category/app/appindex.html" "Mozilla/5.0 (Macintosh; Intel Mac OS X 10_9_3) AppleWebKit/537.75.14 (KHTML, like Gecko) Version/7.0.3 Safari/7046A194A" 3250
138.170.70.238 - - [22/May/2024:03:10:59 +0700] "GET /usr/login HTTP/1.0" 403 537 "https://martin.org/category/app/appindex.html" "Mozilla/5.0 (Windows NT 10.0; Win64; x64) AppleWebKit/537.36 (KHTML, like Gecko) Chrome/87.0.4280.141 Safari/537.36" 1134
132.191.172.36 - - [22/May/2024:03:19:20 +0700] "DELETE /usr/login HTTP/1.0" 304 4290 "-" "Mozilla/5.0 (Windows NT 10.0; Win64; x64) AppleWebKit/537.36 (KHTML, like Gecko) Chrome/89.0.4380.0 Safari/537.36 Edg/89.0.759.0" 2990
26.134.198.19 - - [22/May/2024:03:27:35 +0700] "GET /usr/register HTTP/1.0" 500 3355 "-" "Mozilla/5.0 (Windows NT 10.0; Win64; x64; rv:84.0) Gecko/20100101 Firefox/84.0" 3991
111.179.174.61 - - [22/May/2024:03:30:12 +0700] "POST /usr/register HTTP/1.0" 403 2047 "-" "Mozilla/5.0 (Linux; Android 10; ONEPLUS A6000) AppleWebKit/537.36 (KHTML, like Gecko) Chrome/77.0.3865.116 Mobile Safari/537.36 EdgA/45.12.4.5121" 1278
41.230.116.70 - - [22/May/2024:03:23:59 +0700] "DELETE /usr/login HTTP/1.0" 304 1716 "https://martin.org/category/app/appindex.html" "Mozilla/5.0 (Windows NT 10.0; Win64; x64; rv:84.0) Gecko/20100101 Firefox/84.0" 3019
198.183.70.108 - - [22/May/2024:03:52:32 +0700] "GET /usr/admin/developer HTTP/1.0" 404 1009 "-" "Mozilla/5.0 (Macintosh; Intel Mac OS X 10_9_3) AppleWebKit/537.75.14 (KHTML, like Gecko) Version/7.0.3 Safari/7046A194A" 720
41.211.66.128 - - [22/May/2024:03:28:51 +0700] "GET /usr/login HTTP/1.0" 303 4259 "-" "Mozilla/5.0 (Macintosh; Intel Mac OS X 10_9_3) AppleWebKit/537.75.14 (KHTML, like Gecko) Version/7.0.3 Safari/7046A194A" 3007
21.182.137.165 - - [22/May/2024:03:06:21 +0700] "DELETE /usr/admin/developer HTTP/1.0" 500 1429 "https://martin.org/category/app/appindex.html" "Mozilla/5.0 (iPhone; CPU iPhone OS 12_4_9 like Mac OS X) AppleWebKit/605.1.15 (KHTML, like Gecko) Version/12.1.2 Mobile/15E148 Safari/604.1" 2237
26.174.77.251 - - [22/May/2024:03:10:49 +0700] "GET /usr HTTP/1.0" 500 1303 "https://martin.org/category/app/appindex.html" "Mozilla/5.0 (Windows NT 10.0; Win64; x64) AppleWebKit/537.36 (KHTML, like Gecko) Chrome/89.0.4380.0 Safari/537.36 Edg/89.0.759.0" 1618
16.25.184.140 - - [22/May/2024:03:16:41 +0700] "POST /usr/admin HTTP/1.0" 502 98 "-" "Mozilla/5.0 (Windows NT 10.0; Win64; x64) AppleWebKit/537.36 (KHTML, like Gecko) Chrome/89.0.4380.0 Safari/537.36 Edg/89.0.759.0" 3735
132.191.172.36 - - [22/May/2024:03:54:15 +0700] "PUT /usr/admin HTTP/1.0" 403 3045 "-" "Mozilla/5.0 (Macintosh; Intel Mac OS X 10_9_3) AppleWebKit/537.75.14 (KHTML, like Gecko) Version/7.0.3 Safari/7046A194A" 4331
220.119.157.130 - - [22/May/2024:03:28:36 +0700] "PUT /usr HTTP/1.0" 403 2222 "-" "Mozilla/5.0 (Linux; Android 10; ONEPLUS A6000) AppleWebKit/537.36 (KHTML, like Gecko) Chrome/86.0.4240.198 Mobile Safari/537.36 OPR/61.2.3076.56749" 3821
26.146.108.114 - - [22/May/2024:03:22:05 +0700] "PUT /usr HTTP/1.0" 303 511 "-" "Mozilla/5.0 (Windows NT 10.0; Win64; x64) AppleWebKit/537.36 (KHTML, like Gecko) Chrome/87.0.4280.88 Safari/537.36 OPR/73.0.3856.329" 4469
80.127.106.125 - - [22/May/2024:03:51:08 +0700] "GET /usr/admin/developer HTTP/1.0" 200 308 "https://martin.org/category/app/appindex.html" "Mozilla/5.0 (Linux; Android 10; ONEPLUS A6000) AppleWebKit/537.36 (KHTML, like Gecko) Chrome/87.0.4280.141 Mobile Safari/537.36" 841
3.237.6.150 - - [22/May/2024:03:09:17 +0700] "DELETE /usr/admin HTTP/1.0" 303 2616 "-" "Mozilla/5.0 (Linux; Android 10; ONEPLUS A6000) AppleWebKit/537.36 (KHTML, like Gecko) Chrome/77.0.3865.116 Mobile Safari/537.36 EdgA/45.12.4.5121" 4917
132.191.172.36 - - [22/May/2024:03:45:35 +0700] "POST /usr/admin HTTP/1.0" 500 773 "-" "Mozilla/5.0 (Windows NT 10.0; Win64; x64; rv:84.0) Gecko/20100101 Firefox/84.0" 52
212.175.100.17 - - [22/May/2024:03:49:36 +0700] "DELETE /usr/admin/developer HTTP/1.0" 500 1184 "https://martin.org/category/app/appindex.html" "Mozilla/5.0 (Windows NT 10.0; Win64; x64) AppleWebKit/537.36 (KHTML, like Gecko) Chrome/87.0.4280.88 Safari/537.36 OPR/73.0.3856.329" 2142
143.106.89.246 - - [22/May/2024:03:41:06 +0700] "POST /usr/admin HTTP/1.0" 502 3747 "https://martin.org/category/app/appindex.html" "Mozilla/5.0 (Windows NT 10.0; Win64; x64) AppleWebKit/537.36 (KHTML, like Gecko) Chrome/89.0.4380.0 Safari/537.36 Edg/89.0.759.0" 376
139.131.74.210 - - [22/May/2024:03:33:17 +0700] "POST /usr/register HTTP/1.0" 404 129 "-" "Mozilla/5.0 (Windows NT 10.0; Win64; x64) AppleWebKit/537.36 (KHTML, like Gecko) Chrome/87.0.4280.141 Safari/537.36" 1114
111.179.174.61 - - [22/May/2024:03:26:44 +0700] "POST /usr/register HTTP/1.0" 304 2902 "https://martin.org/category/app/appindex.html" "Mozilla/5.0 (Windows NT 10.0; Win64; x64) AppleWebKit/537.36 (KHTML, like Gecko) Chrome/87.0.4280.88 Safari/537.36 OPR/73.0.3856.329" 3064
218.25.1.114 - - [22/May/2024:03:50:50 +0700] "DELETE /usr/register HTTP/1.0" 304 3845 "https://martin.org/category/app/appindex.html" "Mozilla/5.0 (Linux; Android 10; ONEPLUS A6000) AppleWebKit/537.36 (KHTML, like Gecko) Chrome/86.0.4240.198 Mobile Safari/537.36 OPR/61.2.3076.56749" 3089
33.218.122.205 - - [22/May/2024:03:20:38 +0700] "POST /usr/admin HTTP/1.0" 403 1350 "https://martin.org/category/app/appindex.html" "Mozilla/5.0 (Windows NT 10.0; Win64; x64) AppleWebKit/537.36 (KHTML, like Gecko) Chrome/87.0.4280.88 Safari/537.36 OPR/73.0.3856.329" 2246
16.25.184.140 - - [22/May/2024:03:03:45 +0700] "PUT /usr HTTP/1.0" 303 1107 "https://martin.org/category/app/appindex.html" "Mozilla/5.0 (Macintosh; Intel Mac OS X 10_9_3) AppleWebKit/537.75.14 (KHTML, like Gecko) Version/7.0.3 Safari/7046A194A" 2013
212.118.114.85 - - [22/May/2024:03:58:20 +0700] "POST /usr HTTP/1.0" 403 218 "https://martin.org/category/app/appindex.html" "Mozilla/5.0 (Windows NT 10.0; Win64; x64) AppleWebKit/537.36 (KHTML, like Gecko) Chrome/87.0.4280.88 Safari/537.36 OPR/73.0.3856.329" 3425
80.127.106.125 - - [22/May/2024:03:01:01 +0700] "POST /usr/admin/developer HTTP/1.0" 502 2977 "https://martin.org/category/app/appindex.html" "Mozilla/5.0 (iPhone; CPU iPhone OS 12_4_9 like Mac OS X) AppleWebKit/605.1.15 (KHTML, like Gecko) Version/12.1.2 Mobile/15E148 Safari/604.1" 2508
41.211.66.128 - - [22/May/2024:03:30:01 +0700] "GET /usr/login HTTP/1.0" 403 4106 "-" "Mozilla/5.0 (Android 10; Mobile; rv:84.0) Gecko/84.0 Firefox/84.0" 3795
220.119.157.130 - - [22/May/2024:03:51:26 +0700] "PUT /usr/admin/developer HTTP/1.0" 403 2121 "https://martin.org/category/app/appindex.html" "Mozilla/5.0 (Android 10; Mobile; rv:84.0) Gecko/84.0 Firefox/84.0" 2424
220.119.157.130 - - [22/May/2024:04:56:57 +0700] "GET /usr/login HTTP/1.0" 403 4843 "-" "Mozilla/5.0 (Windows NT 10.0; Win64; x64) AppleWebKit/537.36 (KHTML, like Gecko) Chrome/89.0.4380.0 Safari/537.36 Edg/89.0.759.0" 1852
91.214.160.215 - - [22/May/2024:04:25:31 +0700] "PUT /usr/register HTTP/1.0" 500 3458 "https://martin.org/category/app/appindex.html" "Mozilla/5.0 (Windows NT 10.0; Win64; x64) AppleWebKit/537.36 (KHTML, like Gecko) Chrome/89.0.4380.0 Safari/537.36 Edg/89.0.759.0" 2230
106.49.89.176 - - [22/May/2024:04:15:00 +0700] "DELETE /usr/admin HTTP/1.0" 200 3999 "-" "Mozilla/5.0 (Windows NT 10.0; Win64; x64; rv:84.0) Gecko/20100101 Firefox/84.0" 839
132.191.172.36 - - [22/May/2024:04:48:12 +0700] "DELETE /usr/register HTTP/1.0" 303 307 "https://martin.org/category/app/appindex.html" "Mozilla/5.0 (Windows NT 10.0; Win64; x64; rv:84.0) Gecko/20100101 Firefox/84.0" 2252
143.106.89.246 - - [22/May/2024:04:41:57 +0700] "PUT /usr/admin/developer HTTP/1.0" 404 3568 "https://martin.org/category/app/appindex.html" "Mozilla/5.0 (Windows NT 10.0; Win64; x64) AppleWebKit/537.36 (KHTML, like Gecko) Chrome/89.0.4380.0 Safari/537.36 Edg/89.0.759.0" 1608
26.174.77.251 - - [22/May/2024:04:29:49 +0700] "DELETE /usr/admin/developer HTTP/1.0" 403 2655 "https://martin.org/category/app/appindex.html" "Mozilla/5.0 (Linux; Android 10; ONEPLUS A6000) AppleWebKit/537.36 (KHTML, like Gecko) Chrome/87.0.4280.141 Mobile Safari/537.36" 504
26.146.108.114 - - [22/May/2024:04:05:32 +0700] "POST /usr/login HTTP/1.0" 404 399 "-" "Mozilla/5.0 (Linux; Android 10; ONEPLUS A6000) AppleWebKit/537.36 (KHTML, like Gecko) Chrome/77.0.3865.116 Mobile Safari/537.36 EdgA/45.12.4.5121" 2728
200.177.71.253 - - [22/May/2024:04:03:47 +0700] "DELETE /usr/register HTTP/1.0" 403 3322 "-" "Mozilla/5.0 (iPhone; CPU iPhone OS 12_4_9 like Mac OS X) AppleWebKit/605.1.15 (KHTML, like Gecko) Version/12.1.2 Mobile/15E148 Safari/604.1" 4758
143.106.89.246 - - [22/May/2024:04:13:13 +0700] "DELETE /usr/admin HTTP/1.0" 403 573 "-" "Mozilla/5.0 (Linux; Android 10; ONEPLUS A6000) AppleWebKit/537.36 (KHTML, like Gecko) Chrome/87.0.4280.141 Mobile Safari/537.36" 1607
33.218.122.205 - - [22/May/2024:04:35:35 +0700] "POST /usr/admin HTTP/1.0" 403 3840 "-" "Mozilla/5.0 (Linux; Android 10; ONEPLUS A6000) AppleWebKit/537.36 (KHTML, like Gecko) Chrome/87.0.4280.141 Mobile Safari/537.36" 3649
26.174.77.251 - - [22/May/2024:04:58:36 +0700] "DELETE /usr/login HTTP/1.0" 403 2659 "-" "Mozilla/5.0 (Linux; Android 10; ONEPLUS A6000) AppleWebKit/537.36 (KHTML, like Gecko) Chrome/87.0.4280.141 Mobile Safari/537.36" 2910
66.63.212.113 - - [22/May/2024:04:34:28 +0700] "GET /usr HTTP/1.0" 500 1607 "https://martin.org/category/app/appindex.html" "Mozilla/5.0 (Macintosh; Intel Mac OS X 10_9_3) AppleWebKit/537.75.14 (KHTML, like Gecko) Version/7.0.3 Safari/7046A194A" 4501
200.177.71.253 - - [22/May/2024:04:45:24 +0700] "DELETE /usr/register HTTP/1.0" 304 1879 "https://martin.org/category/app/appindex.html" "Mozilla/5.0 (Linux; Android 10; ONEPLUS A6000) AppleWebKit/537.36 (KHTML, like Gecko) Chrome/87.0.4280.141 Mobile Safari/537.36" 3981
106.49.89.176 - - [22/May/2024:04:32:55 +0700] "GET /usr/admin/developer HTTP/1.0" 502 1020 "https://martin.org/category/app/appindex.html" "Mozilla/5.0 (Windows NT 10.0; Win64; x64; rv:84.0) Gecko/20100101 Firefox/84.0" 3045
41.230.116.70 - - [22/May/2024:04:39:12 +0700] "GET /usr/admin HTTP/1.0" 303 2358 "https://martin.org/category/app/appindex.html" "Mozilla/5.0 (Android 10; Mobile; rv:84.0) Gecko/84.0 Firefox/84.0" 4291
106.49.89.176 - - [22/May/2024:04:42:22 +0700] "POST /usr/login HTTP/1.0" 500 3899 "https://martin.org/category/app/appindex.html" "Mozilla/5.0 (Macintosh; Intel Mac OS X 10_9_3) AppleWebKit/537.75.14 (KHTML, like Gecko) Version/7.0.3 Safari/7046A194A" 3602
16.25.184.140 - - [22/May/2024:04:49:48 +0700] "DELETE /usr/login HTTP/1.0" 404 797 "-" "Mozilla/5.0 (Macintosh; Intel Mac OS X 10_9_3) AppleWebKit/537.75.14 (KHTML, like Gecko) Version/7.0.3 Safari/7046A194A" 3141
108.123.240.117 - - [22/May/2024:04:01:50 +0700] "POST /usr/admin HTTP/1.0" 500 150 "https://martin.org/category/app/appindex.html" "Mozilla/5.0 (Windows NT 10.0; Win64; x64) AppleWebKit/537.36 (KHTML, like Gecko) Chrome/87.0.4280.141 Safari/537.36" 3213
218.202.93.91 - - [22/May/2024:04:01:10 +0700] "DELETE /usr/login HTTP/1.0" 303 3098 "-" "Mozilla/5.0 (iPhone; CPU iPhone OS 12_4_9 like Mac OS X) AppleWebKit/605.1.15 (KHTML, like Gecko) Version/12.1.2 Mobile/15E148 Safari/604.1" 504
80.127.106.125 - - [22/May/2024:04:36:27 +0700] "DELETE /usr/admin HTTP/1.0" 403 799 "https://martin.org/category/app/appindex.html" "Mozilla/5.0 (Windows NT 10.0; Win64; x64) AppleWebKit/537.36 (KHTML, like Gecko) Chrome/87.0.4280.88 Safari/537.36 OPR/73.0.3856.329" 4764
220.119.157.130 - - [22/May/2024:04:14:20 +0700] "PUT /usr HTTP/1.0" 303 967 "https://martin.org/category/app/appindex.html" "Mozilla/5.0 (Linux; Android 10; ONEPLUS A6000) AppleWebKit/537.36 (KHTML, like Gecko) Chrome/77.0.3865.116 Mobile Safari/537.36 EdgA/45.12.4.5121" 4845
26.174.77.251 - - [22/May/2024:04:39:51 +0700] "GET /usr/login HTTP/1.0" 403 1026 "-" "Mozilla/5.0 (Windows NT 10.0; Win64; x64) AppleWebKit/537.36 (KHTML, like Gecko) Chrome/87.0.4280.141 Safari/537.36" 3990
21.182.137.165 - - [22/May/2024:04:30:28 +0700] "PUT /usr/admin HTTP/1.0" 403 131 "-" "Mozilla/5.0 (Android 10; Mobile; rv:84.0) Gecko/84.0 Firefox/84.0" 1245
220.119.157.130 - - [22/May/2024:04:13:49 +0700] "GET /usr/admin HTTP/1.0" 502 3826 "-" "Mozilla/5.0 (Linux; Android 10; ONEPLUS A6000) AppleWebKit/537.36 (KHTML, like Gecko) Chrome/87.0.4280.141 Mobile Safari/537.36" 3889
26.174.77.251 - - [22/May/2024:04:06:40 +0700] "PUT /usr/register HTTP/1.0" 404 1087 "https://martin.org/category/app/appindex.html" "Mozilla/5.0 (Windows NT 10.0; Win64; x64) AppleWebKit/537.36 (KHTML, like Gecko) Chrome/87.0.4280.141 Safari/537.36" 1768
170.22.78.167 - - [22/May/2024:04:39:30 +0700] "POST /usr/register HTTP/1.0" 200 2954 "https://martin.org/category/app/appindex.html" "Mozilla/5.0 (Windows NT 10.0; Win64; x64) AppleWebKit/537.36 (KHTML, like Gecko) Chrome/89.0.4380.0 Safari/537.36 Edg/89.0.759.0" 3298
143.106.89.246 - - [22/May/2024:04:43:26 +0700] "GET /usr/admin HTTP/1.0" 403 684 "-" "Mozilla/5.0 (Android 10; Mobile; rv:84.0) Gecko/84.0 Firefox/84.0" 1074
220.119.157.130 - - [22/May/2024:04:27:23 +0700] "GET /usr HTTP/1.0" 404 4186 "-" "Mozilla/5.0 (Linux; Android 10; ONEPLUS A6000) AppleWebKit/537.36 (KHTML, like Gecko) Chrome/86.0.4240.198 Mobile Safari/537.36 OPR/61.2.3076.56749" 1280
26.146.108.114 - - [22/May/2024:04:18:07 +0700] "POST /usr/login HTTP/1.0" 502 2393 "https://martin.org/category/app/appindex.html" "Mozilla/5.0 (Linux; Android 10; ONEPLUS A6000) AppleWebKit/537.36 (KHTML, like Gecko) Chrome/87.0.4280.141 Mobile Safari/537.36" 1111
26.146.108.114 - - [22/May/2024:04:18:31 +0700] "GET /usr/admin/developer HTTP/1.0" 502 4577 "-" "Mozilla/5.0 (Windows NT 10.0; Win64; x64) AppleWebKit/537.36 (KHTML, like Gecko) Chrome/87.0.4280.141 Safari/537.36" 4938
198.183.70.108 - - [22/May/2024:04:42:09 +0700] "GET /usr/admin/developer HTTP/1.0" 404 4498 "-" "Mozilla/5.0 (iPhone; CPU iPhone OS 12_4_9 like Mac OS X) AppleWebKit/605.1.15 (KHTML, like Gecko) Version/12.1.2 Mobile/15E148 Safari/604.1" 515
218.202.93.91 - - [22/May/2024:04:54:04 +0700] "POST /usr/login HTTP/1.0" 200 2294 "https://martin.org/category/app/appindex.html" "Mozilla/5.0 (Windows NT 10.0; Win64; x64) AppleWebKit/537.36 (KHTML, like Gecko) Chrome/89.0.4380.0 Safari/537.36 Edg/89.0.759.0" 4582
220.119.157.130 - - [22/May/2024:04:45:06 +0700] "DELETE /usr/login HTTP/1.0" 200 4208 "-" "Mozilla/5.0 (Linux; Android 10; ONEPLUS A6000) AppleWebKit/537.36 (KHTML, like Gecko) Chrome/77.0.3865.116 Mobile Safari/537.36 EdgA/45.12.4.5121" 4359
3.237.6.150 - - [22/May/2024:04:25:32 +0700] "GET /usr/login HTTP/1.0" 200 3518 "-" "Mozilla/5.0 (Android 10; Mobile; rv:84.0) Gecko/84.0 Firefox/84.0" 922
170.22.78.167 - - [22/May/2024:04:18:27 +0700] "POST /usr/admin HTTP/1.0" 500 3785 "https://martin.org/category/app/appindex.html" "Mozilla/5.0 (Macintosh; Intel Mac OS X 10_9_3) AppleWebKit/537.75.14 (KHTML, like Gecko) Version/7.0.3 Safari/7046A194A" 2331
16.25.184.140 - - [22/May/2024:04:03:49 +0700] "DELETE /usr/login HTTP/1.0" 200 1632 "https://martin.org/category/app/appindex.html" "Mozilla/5.0 (Linux; Android 10; ONEPLUS A6000) AppleWebKit/537.36 (KHTML, like Gecko) Chrome/86.0.4240.198 Mobile Safari/537.36 OPR/61.2.3076.56749" 2529
84.104.191.135 - - [22/May/2024:04:00:02 +0700] "PUT /usr/register HTTP/1.0" 500 3827 "-" "Mozilla/5.0 (Windows NT 10.0; Win64; x64; rv:84.0) Gecko/20100101 Firefox/84.0" 1044
218.202.93.91 - - [22