26.146.108.114 - - [22/May/2024:00:54:09 +0700] "GET /usr/admin/developer HTTP/1.0" 403 3596 "-" "Mozilla/5.0 (Windows NT 10.0; Win64; x64; rv:84.0) Gecko/20100101 Firefox/84.0" 314
108.123.240.117 - - [22/May/2024:00:33:40 +0700] "DELETE /usr/register HTTP/1.0" 403 3534 "https://martin.org/category/app/appindex.html" "Mozilla/5.0 (Linux; Android 10; ONEPLUS A6000) AppleWebKit/537.36 (KHTML, like Gecko) Chrome/86.0.4240.198 Mobile Safari/537.36 OPR/61.2.3076.56749" 974
212.175.100.17 - - [22/May/2024:00:40:23 +0700] "DELETE /usr/register HTTP/1.0" 303 1104 "https://martin.org/category/app/appindex.html" "Mozilla/5.0 (Android 10; Mobile; rv:84.0) Gecko/84.0 Firefox/84.0" 4247
132.191.172.36 - - [22/May/2024:00:48:15 +0700] "DELETE /usr/register HTTP/1.0" 303 1171 "-" "Mozilla/5.0 (Windows NT 10.0; Win64; x64) AppleWebKit/537.36 (KHTML, like Gecko) Chrome/89.0.4380.0 Safari/537.36 Edg/89.0.759.0" 4770
143.106.89.246 - - [22/May/2024:00:08:54 +0700] "GET /usr/admin HTTP/1.0" 404 2197 "-" "Mozilla/5.0 (Android 10; Mobile; rv:84.0) Gecko/84.0 Firefox/84.0" 1390
21.182.137.165 - - [22/May/2024:00:13:54 +0700] "POST /usr HTTP/1.0" 403 154 "https://martin.org/category/app/appindex.html" "Mozilla/5.0 (Android 10; Mobile; rv:84.0) Gecko/84.0 Firefox/84.0" 170
138.170.70.238 - - [22/May/2024:00:54:32 +0700] "GET /usr/login HTTP/1.0" 502 4921 "https://martin.org/category/app/appindex.html" "Mozilla/5.0 (Windows NT 10.0; Win64; x64) AppleWebKit/537.36 (KHTML, like Gecko) Chrome/87.0.4280.141 Safari/537.36" 2436
139.131.74.210 - - [22/May/2024:00:02:25 +0700] "POST /usr HTTP/1.0" 500 3995 "-" "Mozilla/5.0 (Windows NT 10.0; Win64; x64) AppleWebKit/537.36 (KHTML, like Gecko) Chrome/87.0.4280.88 Safari/537.36 OPR/73.0.3856.329" 3195
218.202.93.91 - - [22/May/2024:00:40:10 +0700] "PUT /usr/register HTTP/1.0" 200 2404 "https://martin.org/category/app/appindex.html" "Mozilla/5.0 (Windows NT 10.0; Win64; x64; rv:84.0) Gecko/20100101 Firefox/84.0" 2417
220.119.157.130 - - [22/May/2024:00:54:41 +0700] "DELETE /usr/admin/developer HTTP/1.0" 500 3794 "-" "Mozilla/5.0 (Macintosh; Intel Mac OS X 10_9_3) AppleWebKit/537.75.14 (KHTML, like Gecko) Version/7.0.3 Safari/7046A194A" 1298
218.202.93.91 - - [22/May/2024:00:04:32 +0700] "PUT /usr/admin/developer HTTP/1.0" 500 2114 "-" "Mozilla/5.0 (Windows NT 10.0; Win64; x64) AppleWebKit/537.36 (KHTML, like Gecko) Chrome/87.0.4280.88 Safari/537.36 OPR/73.0.3856.329" 3318
33.218.122.205 - - [22/May/2024:00:45:09 +0700] "POST /usr HTTP/1.0" 500 1365 "https://martin.org/category/app/appindex.html" "Mozilla/5.0 (Macintosh; Intel Mac OS X 10_9_3) AppleWebKit/537.75.14 (KHTML, like Gecko) Version/7.0.3 Safari/7046A194A" 83
26.134.198.19 - - [22/May/2024:00:10:24 +0700] "PUT /usr/login HTTP/1.0" 502 2330 "-" "Mozilla/5.0 (iPhone; CPU iPhone OS 12_4_9 like Mac OS X) AppleWebKit/605.1.15 (KHTML, like Gecko) Version/12.1.2 Mobile/15E148 Safari/604.1" 2801
33.218.122.205 - - [22/May/2024:00:20:52 +0700] "DELETE /usr HTTP/1.0" 403 3228 "https://martin.org/category/app/appindex.html" "Mozilla/5.0 (Linux; Android 10; ONEPLUS A6000) AppleWebKit/537.36 (KHTML, like Gecko) Chrome/86.0.4240.198 Mobile Safari/537.36 OPR/61.2.3076.56749" 3888
139.131.74.210 - - [22/May/2024:00:59:54 +0700] "DELETE /usr/register HTTP/1.0" 200 3458 "-" "Mozilla/5.0 (Linux; Android 10; ONEPLUS A6000) AppleWebKit/537.36 (KHTML, like Gecko) Chrome/77.0.3865.116 Mobile Safari/537.36 EdgA/45.12.4.5121" 1059
21.182.137.165 - - [22/May/2024:00:07:46 +0700] "PUT /usr HTTP/1.0" 304 3606 "https://martin.org/category/app/appindex.html" "Mozilla/5.0 (Linux; Android 10; ONEPLUS A6000) AppleWebKit/537.36 (KHTML, like Gecko) Chrome/86.0.4240.198 Mobile Safari/537.36 OPR/61.2.3076.56749" 2132
66.63.212.113 - - [22/May/2024:00:06:49 +0700] "DELETE /usr/admin HTTP/1.0" 500 1518 "-" "Mozilla/5.0 (Windows NT 10.0; Win64; x64) AppleWebKit/537.36 (KHTML, like Gecko) Chrome/87.0.4280.141 Safari/537.36" 4350
108.123.240.117 - - [22/May/2024:00:49:57 +0700] "PUT /usr/admin/developer HTTP/1.0" 404 229 "-" "Mozilla/5.0 (Windows NT 10.0; Win64; x64) AppleWebKit/537.36 (KHTML, like Gecko) Chrome/87.0.4280.88 Safari/537.36 OPR/73.0.3856.329" 3598
66.63.212.113 - - [22/May/2024:00:05:17 +0700] "POST /usr/admin/developer HTTP/1.0" 403 2583 "https://martin.org/category/app/appindex.html" "Mozilla/5.0 (Windows NT 10.0; Win64; x64) AppleWebKit/537.36 (KHTML, like Gecko) Chrome/87.0.4280.88 Safari/537.36 OPR/73.0.3856.329" 4450
91.214.160.215 - - [22/May/2024:00:44:37 +0700] "POST /usr/login HTTP/1.0" 404 2509 "https://martin.org/category/app/appindex.html" "Mozilla/5.0 (Android 10; Mobile; rv:84.0) Gecko/84.0 Firefox/84.0" 3067
218.202.93.91 - - [22/May/2024:00:04:24 +0700] "DELETE /usr/login HTTP/1.0" 502 334 "https://martin.org/category/app/appindex.html" "Mozilla/5.0 (Android 10; Mobile; rv:84.0) Gecko/84.0 Firefox/84.0" 2105
80.127.106.125 - - [22/May/2024:00:06:52 +0700] "POST /usr/login HTTP/1.0" 304 2824 "https://martin.org/category/app/appindex.html" "Mozilla/5.0 (Windows NT 10.0; Win64; x64; rv:84.0) Gecko/20100101 Firefox/84.0" 4910
35.203.220.171 - - [22/May/2024:00:00:48 +0700] "POST /usr/admin/developer HTTP/1.0" 502 2946 "https://martin.org/category/app/appindex.html" "Mozilla/5.0 (Windows NT 10.0; Win64; x64) AppleWebKit/537.36 (KHTML, like Gecko) Chrome/89.0.4380.0 Safari/537.36 Edg/89.0.759.0" 1897
3.237.6.150 - - [22/May/2024:00:27:05 +0700] "DELETE /usr/login HTTP/1.0" 303 2809 "-" "Mozilla/5.0 (Linux; Android 10; ONEPLUS A6000) AppleWebKit/537.36 (KHTML, like Gecko) Chrome/87.0.4280.141 Mobile Safari/537.36" 1772
108.123.240.117 - - [22/May/2024:00:29:02 +0700] "PUT /usr HTTP/1.0" 500 4919 "https://martin.org/category/app/appindex.html" "Mozilla/5.0 (Linux; Android 10; ONEPLUS A6000) AppleWebKit/537.36 (KHTML, like Gecko) Chrome/86.0.4240.198 Mobile Safari/537.36 OPR/61.2.3076.56749" 4675
220.119.157.130 - - [22/May/2024:00:01:08 +0700] "DELETE /usr/admin/developer HTTP/1.0" 502 2591 "https://martin.org/category/app/appindex.html" "Mozilla/5.0 (Macintosh; Intel Mac OS X 10_9_3) AppleWebKit/537.75.14 (KHTML, like Gecko) Version/7.0.3 Safari/7046A194A" 4078
132.191.172.36 - - [22/May/2024:00:08:29 +0700] "DELETE /usr/login HTTP/1.0" 200 2961 "-" "Mozilla/5.0 (iPhone; CPU iPhone OS 12_4_9 like Mac OS X) AppleWebKit/605.1.15 (KHTML, like Gecko) Version/12.1.2 Mobile/15E148 Safari/604.1" 1912
138.170.70.238 - - [22/May/2024:00:52:42 +0700] "DELETE /usr/admin HTTP/1.0" 500 4898 "-" "Mozilla/5.0 (Windows NT 10.0; Win64; x64) AppleWebKit/537.36 (KHTML, like Gecko) Chrome/87.0.4280.88 Safari/537.36 OPR/73.0.3856.329" 4258
41.211.66.128 - - [22/May/2024:00:04:09 +0700] "GET /usr/admin HTTP/1.0" 200 5000 "https://martin.org/category/app/appindex.html" "Mozilla/5.0 (Linux; Android 10; ONEPLUS A6000) AppleWebKit/537.36 (KHTML, like Gecko) Chrome/77.0.3865.116 Mobile Safari/537.36 EdgA/45.12.4.5121" 2915
212.118.114.85 - - [22/May/2024:00:02:58 +0700] "PUT /usr/admin HTTP/1.0" 304 4879 "https://martin.org/category/app/appindex.html" "Mozilla/5.0 (Android 10; Mobile; rv:84.0) Gecko/84.0 Firefox/84.0" 2395
108.123.240.117 - - [22/May/2024:00:52:50 +0700] "PUT /usr/admin/developer HTTP/1.0" 404 1187 "-" "Mozilla/5.0 (Linux; Android 10; ONEPLUS A6000) AppleWebKit/537.36 (KHTML, like Gecko) Chrome/77.0.3865.116 Mobile Safari/537.36 EdgA/45.12.4.5121" 2019
26.174.77.251 - - [22/May/2024:00:38:52 +0700] "POST /usr/admin/developer HTTP/1.0" 404 4018 "https://martin.org/category/app/appindex.html" "Mozilla/5.0 (Windows NT 10.0; Win64; x64) AppleWebKit/537.36 (KHTML, like Gecko) Chrome/87.0.4280.141 Safari/537.36" 4175
143.106.89.246 - - [22/May/2024:00:38:01 +0700] "DELETE /usr/admin/developer HTTP/1.0" 200 1036 "https://martin.org/category/app/appindex.html" "Mozilla/5.0 (Linux; Android 10; ONEPLUS A6000) AppleWebKit/537.36 (KHTML, like Gecko) Chrome/87.0.4280.141 Mobile Safari/537.36" 3638
198.183.70.108 - - [22/May/2024:00:56:23 +0700] "GET /usr/login HTTP/1.0" 500 986 "https://martin.org/category/app/appindex.html" "Mozilla/5.0 (Macintosh; Intel Mac OS X 10_9_3) AppleWebKit/537.75.14 (KHTML, like Gecko) Version/7.0.3 Safari/7046A194A" 1389
41.230.116.70 - - [22/May/2024:00:50:34 +0700] "DELETE /usr/admin/developer HTTP/1.0" 303 1991 "https://martin.org/category/app/appindex.html" "Mozilla/5.0 (Linux; Android 10; ONEPLUS A6000) AppleWebKit/537.36 (KHTML, like Gecko) Chrome/86.0.4240.198 Mobile Safari/537.36 OPR/61.2.3076.56749" 3315
212.118.114.85 - - [22/May/2024:00:28:28 +0700] "PUT /usr HTTP/1.0" 303 3949 "-" "Mozilla/5.0 (Windows NT 10.0; Win64; x64; rv:84.0) Gecko/20100101 Firefox/84.0" 4743
16.25.184.140 - - [22/May/2024:00:43:43 +0700] "PUT /usr HTTP/1.0" 404 3100 "-" "Mozilla/5.0 (Android 10; Mobile; rv:84.0) Gecko/84.0 Firefox/84.0" 2541
108.123.240.117 - - [22/May/2024:00:47:48 +0700] "POST /usr/admin/developer HTTP/1.0" 303 2970 "-" "Mozilla/5.0 (Windows NT 10.0; Win64; x64; rv:84.0) Gecko/20100101 Firefox/84.0" 3868
139.131.74.210 - - [22/May/2024:00:41:30 +0700] "PUT /usr/login HTTP/1.0" 304 3201 "-" "Mozilla/5.0 (Windows NT 10.0; Win64; x64) AppleWebKit/537.36 (KHTML, like Gecko) Chrome/89.0.4380.0 Safari/537.36 Edg/89.0.759.0" 3470
91.214.160.215 - - [22/May/2024:00:10:16 +0700] "POST /usr/register HTTP/1.0" 200 607 "-" "Mozilla/5.0 (Windows NT 10.0; Win64; x64) AppleWebKit/537.36 (KHTML, like Gecko) Chrome/89.0.4380.0 Safari/537.36 Edg/89.0.759.0" 3039
41.211.66.128 - - [22/May/2024:00:45:22 +0700] "DELETE /usr HTTP/1.0" 303 3392 "https://martin.org/category/app/appindex.html" "Mozilla/5.0 (Windows NT 10.0; Win64; x64; rv:84.0) Gecko/20100101 Firefox/84.0" 3069
139.131.74.210 - - [22/May/2024:00:35:00 +0700] "GET /usr/login HTTP/1.0" 500 336 "-" "Mozilla/5.0 (Windows NT 10.0; Win64; x64) AppleWebKit/537.36 (KHTML, like Gecko) Chrome/89.0.4380.0 Safari/537.36 Edg/89.0.759.0" 557
218.202.93.91 - - [22/May/2024:00:16:57 +0700] "GET /usr/login HTTP/1.0" 404 323 "https://martin.org/category/app/appindex.html" "Mozilla/5.0 (Linux; Android 10; ONEPLUS A6000) AppleWebKit/537.36 (KHTML, like Gecko) Chrome/86.0.4240.198 Mobile Safari/537.36 OPR/61.2.3076.56749" 4895
41.36.217.76 - - [22/May/2024:00:53:21 +0700] "PUT /usr/admin HTTP/1.0" 303 1236 "https://martin.org/category/app/appindex.html" "Mozilla/5.0 (Android 10; Mobile; rv:84.0) Gecko/84.0 Firefox/84.0" 4832
21.182.137.165 - - [22/May/2024:00:10:49 +0700] "PUT /usr/admin/developer HTTP/1.0" 303 2233 "https://martin.org/category/app/appindex.html" "Mozilla/5.0 (Linux; Android 10; ONEPLUS A6000) AppleWebKit/537.36 (KHTML, like Gecko) Chrome/86.0.4240.198 Mobile Safari/537.36 OPR/61.2.3076.56749" 1345
139.131.74.210 - - [22/May/2024:00:51:08 +0700] "POST /usr/admin HTTP/1.0" 303 2435 "-" "Mozilla/5.0 (Windows NT 10.0; Win64; x64) AppleWebKit/537.36 (KHTML, like Gecko) Chrome/87.0.4280.88 Safari/537.36 OPR/73.0.3856.329" 2371
80.127.106.125 - - [22/May/2024:00:31:11 +0700] "POST /usr/register HTTP/1.0" 200 2343 "https://martin.org/category/app/appindex.html" "Mozilla/5.0 (Android 10; Mobile; rv:84.0) Gecko/84.0 Firefox/84.0" 2833
41.36.217.76 - - [22/May/2024:00:12:10 +0700] "GET /usr/login HTTP/1.0" 502 3877 "https://martin.org/category/app/appindex.html" "Mozilla/5.0 (Windows NT 10.0; Win64; x64; rv:84.0) Gecko/20100101 Firefox/84.0" 2163
80.127.106.125 - - [22/May/2024:00:15:07 +0700] "POST /usr/admin/developer HTTP/1.0" 500 811 "-" "Mozilla/5.0 (Linux; Android 10; ONEPLUS A6000) AppleWebKit/537.36 (KHTML, like Gecko) Chrome/77.0.3865.116 Mobile Safari/537.36 EdgA/45.12.4.5121" 425
200.177.71.253 - - [22/May/2024:00:09:41 +0700] "POST /usr/admin HTTP/1.0" 500 2827 "-" "Mozilla/5.0 (iPhone; CPU iPhone OS 12_4_9 like Mac OS X) AppleWebKit/605.1.15 (KHTML, like Gecko) Version/12.1.2 Mobile/15E148 Safari/604.1" 414
212.118.114.85 - - [22/May/2024:00:57:55 +0700] "GET /usr HTTP/1.0" 502 1208 "https://martin.org/category/app/appindex.html" "Mozilla/5.0 (Linux; Android 10; ONEPLUS A6000) AppleWebKit/537.36 (KHTML, like Gecko) Chrome/87.0.4280.141 Mobile Safari/537.36" 3228
218.202.93.91 - - [22/May/2024:00:18:02 +0700] "POST /usr/login HTTP/1.0" 303 4841 "https://martin.org/category/app/appindex.html" "Mozilla/5.0 (Windows NT 10.0; Win64; x64) AppleWebKit/537.36 (KHTML, like Gecko) Chrome/87.0.4280.141 Safari/537.36" 572
139.131.74.210 - - [22/May/2024:00:01:43 +0700] "GET /usr/admin/developer HTTP/1.0" 502 3362 "https://martin.org/category/app/appindex.html" "Mozilla/5.0 (Windows NT 10.0; Win64; x64) AppleWebKit/537.36 (KHTML, like Gecko) Chrome/87.0.4280.88 Safari/537.36 OPR/73.0.3856.329" 1636
41.36.217.76 - - [22/May/2024:00:34:00 +0700] "DELETE /usr/register HTTP/1.0" 404 890 "https://martin.org/category/app/appindex.html" "Mozilla/5.0 (Windows NT 10.0; Win64; x64) AppleWebKit/537.36 (KHTML, like Gecko) Chrome/87.0.4280.88 Safari/537.36 OPR/73.0.3856.329" 3375
3.237.6.150 - - [22/May/2024:00:17:57 +0700] "DELETE /usr/admin HTTP/1.0" 303 4718 "-" "Mozilla/5.0 (Windows NT 10.0; Win64; x64) AppleWebKit/537.36 (KHTML, like Gecko) Chrome/87.0.4280.88 Safari/537.36 OPR/73.0.3856.329" 2619
80.127.106.125 - - [22/May/2024:00:04:17 +0700] "DELETE /usr/admin/developer HTTP/1.0" 403 4122 "https://martin.org/category/app/appindex.html" "Mozilla/5.0 (Linux; Android 10; ONEPLUS A6000) AppleWebKit/537.36 (KHTML, like Gecko) Chrome/86.0.4240.198 Mobile Safari/537.36 OPR/61.2.3076.56749" 4767
139.131.74.210 - - [22/May/2024:00:39:37 +0700] "GET /usr HTTP/1.0" 502 3760 "-" "Mozilla/5.0 (Windows NT 10.0; Win64; x64) AppleWebKit/537.36 (KHTML, like Gecko) Chrome/87.0.4280.88 Safari/537.36 OPR/73.0.3856.329" 1239
143.106.89.246 - - [22/May/2024:00:04:47 +0700] "PUT /usr/register HTTP/1.0" 500 468 "-" "Mozilla/5.0 (iPhone; CPU iPhone OS 12_4_9 like Mac OS X) AppleWebKit/605.1.15 (KHTML, like Gecko) Version/12.1.2 Mobile/15E148 Safari/604.1" 3781
139.131.74.210 - - [22/May/2024:00:57:41 +0700] "GET /usr/login HTTP/1.0" 304 3073 "-" "Mozilla/5.0 (Linux; Android 10; ONEPLUS A6000) AppleWebKit/537.36 (KHTML, like Gecko) Chrome/87.0.4280.141 Mobile Safari/537.36" 144
21.182.137.165 - - [22/May/2024:00:14:39 +0700] "PUT /usr HTTP/1.0" 403 2211 "https://martin.org/category/app/appindex.html" "Mozilla/5.0 (Windows NT 10.0; Win64; x64) AppleWebKit/537.36 (KHTML, like Gecko) Chrome/89.0.4380.0 Safari/537.36 Edg/89.0.759.0" 2972
21.182.137.165 - - [22/May/2024:00:34:07 +0700] "DELETE /usr/register HTTP/1.0" 303 4300 "-" "Mozilla/5.0 (Windows NT 10.0; Win64; x64; rv:84.0) Gecko/20100101 Firefox/84.0" 2184
212.175.100.17 - - [22/May/2024:00:29:52 +0700] "PUT /usr HTTP/1.0" 303 1396 "https://martin.org/category/app/appindex.html" "Mozilla/5.0 (Windows NT 10.0; Win64; x64) AppleWebKit/537.36 (KHTML, like Gecko) Chrome/89.0.4380.0 Safari/537.36 Edg/89.0.759.0" 157
26.174.77.251 - - [22/May/2024:00:09:32 +0700] "PUT /usr/admin HTTP/1.0" 500 1227 "-" "Mozilla/5.0 (Macintosh; Intel Mac OS X 10_9_3) AppleWebKit/537.75.14 (KHTML, like Gecko) Version/7.0.3 Safari/7046A194A" 4446
26.146.108.114 - - [22/May/2024:00:08:51 +0700] "PUT /usr/admin/developer HTTP/1.0" 502 1982 "https://martin.org/category/app/appindex.html" "Mozilla/5.0 (Linux; Android 10; ONEPLUS A6000) AppleWebKit/537.36 (KHTML, like Gecko) Chrome/77.0.3865.116 Mobile Safari/537.36 EdgA/45.12.4.5121" 2527
41.230.116.70 - - [22/May/2024:00:42:11 +0700] "POST /usr/admin/developer HTTP/1.0" 403 1167 "https://martin.org/category/app/appindex.html" "Mozilla/5.0 (Windows NT 10.0; Win64; x64) AppleWebKit/537.36 (KHTML, like Gecko) Chrome/89.0.4380.0 Safari/537.36 Edg/89.0.759.0" 3818
26.174.77.251 - - [22/May/2024:00:15:11 +0700] "PUT /usr/register HTTP/1.0" 500 1894 "-" "Mozilla/5.0 (Windows NT 10.0; Win64; x64; rv:84.0) Gecko/20100101 Firefox/84.0" 2311
41.211.66.128 - - [22/May/2024:00:49:07 +0700] "PUT /usr/register HTTP/1.0" 200 2160 "https://martin.org/category/app/appindex.html" "Mozilla/5.0 (Linux; Android 10; ONEPLUS A6000) AppleWebKit/537.36 (KHTML, like Gecko) Chrome/87.0.4280.141 Mobile Safari/537.36" 2546
212.118.114.85 - - [22/May/2024:00:25:32 +0700] "DELETE /usr HTTP/1.0" 200 4799 "https://martin.org/category/app/appindex.html" "Mozilla/5.0 (Windows NT 10.0; Win64; x64) AppleWebKit/537.36 (KHTML, like Gecko) Chrome/87.0.4280.88 Safari/537.36 OPR/73.0.3856.329" 1341
91.214.160.215 - - [22/May/2024:00:13:44 +0700] "PUT /usr/register HTTP/1.0" 404 4455 "-" "Mozilla/5.0 (iPhone; CPU iPhone OS 12_4_9 like Mac OS X) AppleWebKit/605.1.15 (KHTML, like Gecko) Version/12.1.2 Mobile/15E148 Safari/604.1" 259
139.131.74.210 - - [22/May/2024:00:09:18 +0700] "DELETE /usr/register HTTP/1.0" 502 203 "https://martin.org/category/app/appindex.html" "Mozilla/5.0 (Linux; Android 10; ONEPLUS A6000) AppleWebKit/537.36 (KHTML, like Gecko) Chrome/87.0.4280.141 Mobile Safari/537.36" 3891
16.25.184.140 - - [22/May/2024:00:06:27 +0700] "DELETE /usr HTTP/1.0" 403 3516 "https://martin.org/category/app/appindex.html" "Mozilla/5.0 (Linux; Android 10; ONEPLUS A6000) AppleWebKit/537.36 (KHTML, like Gecko) Chrome/87.0.4280.141 Mobile Safari/537.36" 4756
170.22.78.167 - - [22/May/2024:00:07:42 +0700] "PUT /usr/admin HTTP/1.0" 500 2655 "-" "Mozilla/5.0 (Macintosh; Intel Mac OS X 10_9_3) AppleWebKit/537.75.14 (KHTML, like Gecko) Version/7.0.3 Safari/7046A194A" 3702
139.131.74.210 - - [22/May/2024:00:51:37 +0700] "GET /usr/admin/developer HTTP/1.0" 502 1369 "-" "Mozilla/5.0 (iPhone; CPU iPhone OS 12_4_9 like Mac OS X) AppleWebKit/605.1.15 (KHTML, like Gecko) Version/12.1.2 Mobile/15E148 Safari/604.1" 1696
220.119.157.130 - - [22/May/2024:00:34:26 +0700] "DELETE /usr HTTP/1.0" 403 4156 "-" "Mozilla/5.0 (Android 10; Mobile; rv:84.0) Gecko/84.0 Firefox/84.0" 1774
41.211.66.128 - - [22/May/2024:00:03:10 +0700] "DELETE /usr HTTP/1.0" 404 985 "-" "Mozilla/5.0 (Linux; Android 10; ONEPLUS A6000) AppleWebKit/537.36 (KHTML, like Gecko) Chrome/77.0.3865.116 Mobile Safari/537.36 EdgA/45.12.4.5121" 1442
41.36.217.76 - - [22/May/2024:00:19:39 +0700] "DELETE /usr/login HTTP/1.0" 403 4146 "https://martin.org/category/app/appindex.html" "Mozilla/5.0 (Linux; Android 10; ONEPLUS A6000) AppleWebKit/537.36 (KHTML, like Gecko) Chrome/77.0.3865.116 Mobile Safari/537.36 EdgA/45.12.4.5121" 3638
170.22.78.167 - - [22/May/2024:00:58:57 +0700] "PUT /usr HTTP/1.0" 403 274 "https://martin.org/category/app/appindex.html" "Mozilla/5.0 (Windows NT 10.0; Win64; x64; rv:84.0) Gecko/20100101 Firefox/84.0" 4330
41.36.217.76 - - [22/May/2024:00:59:55 +0700] "PUT /usr/register HTTP/1.0" 502 2871 "https://martin.org/category/app/appindex.html" "Mozilla/5.0 (Windows NT 10.0; Win64; x64; rv:84.0) Gecko/20100101 Firefox/84.0" 2560
80.127.106.125 - - [22/May/2024:00:14:44 +0700] "PUT /usr/login HTTP/1.0" 502 2949 "https://martin.org/category/app/appindex.html" "Mozilla/5.0 (Android 10; Mobile; rv:84.0) Gecko/84.0 Firefox/84.0" 2275
26.174.77.251 - - [22/May/2024:00:48:00 +0700] "DELETE /usr/admin/developer HTTP/1.0" 303 2676 "https://martin.org/category/app/appindex.html" "Mozilla/5.0 (Android 10; Mobile; rv:84.0) Gecko/84.0 Firefox/84.0" 4501
84.104.191.135 - - [22/May/2024:00:50:24 +0700] "DELETE /usr/login HTTP/1.0" 404 275 "-" "Mozilla/5.0 (Windows NT 10.0; Win64; x64) AppleWebKit/537.36 (KHTML, like Gecko) Chrome/87.0.4280.88 Safari/537.36 OPR/73.0.3856.329" 2228
218.25.1.114 - - [22/May/2024:00:51:26 +0700] "PUT /usr HTTP/1.0" 304 2576 "-" "Mozilla/5.0 (Linux; Android 10; ONEPLUS A6000) AppleWebKit/537.36 (KHTML, like Gecko) Chrome/77.0.3865.116 Mobile Safari/537.36 EdgA/45.12.4.5121" 4502
198.183.70.108 - - [22/May/2024:00:06:58 +0700] "DELETE /usr/admin/developer HTTP/1.0" 304 4346 "-" "Mozilla/5.0 (Linux; Android 10; ONEPLUS A6000) AppleWebKit/537.36 (KHTML, like Gecko) Chrome/87.0.4280.141 Mobile Safari/537.36" 696
41.211.66.128 - - [22/May/2024:00:32:16 +0700] "POST /usr/register HTTP/1.0" 404 909 "https://martin.org/category/app/appindex.html" "Mozilla/5.0 (Macintosh; Intel Mac OS X 10_9_3) AppleWebKit/537.75.14 (KHTML, like Gecko) Version/7.0.3 Safari/7046A194A" 2021
33.218.122.205 - - [22/May/2024:00:04:40 +0700] "POST /usr HTTP/1.0" 404 2196 "https://martin.org/category/app/appindex.html" "Mozilla/5.0 (Windows NT 10.0; Win64; x64) AppleWebKit/537.36 (KHTML, like Gecko) Chrome/89.0.4380.0 Safari/537.36 Edg/89.0.759.0" 4778
35.203.220.171 - - [22/May/2024:00:16:29 +0700] "DELETE /usr HTTP/1.0" 403 1347 "https://martin.org/category/app/appindex.html" "Mozilla/5.0 (Macintosh; Intel Mac OS X 10_9_3) AppleWebKit/537.75.14 (KHTML, like Gecko) Version/7.0.3 Safari/7046A194A" 1783
139.131.74.210 - - [22/May/2024:00:09:15 +0700] "GET /usr/admin/developer HTTP/1.0" 403 4157 "-" "Mozilla/5.0 (Linux; Android 10; ONEPLUS A6000) AppleWebKit/537.36 (KHTML, like Gecko) Chrome/87.0.4280.141 Mobile Safari/537.36" 2590
41.211.66.128 - - [22/May/2024:00:24:44 +0700] "DELETE /usr/admin HTTP/1.0" 500 3072 "https://martin.org/category/app/appindex.html" "Mozilla/5.0 (Windows NT 10.0; Win64; x64) AppleWebKit/537.36 (KHTML, like Gecko) Chrome/87.0.4280.141 Safari/537.36" 645
106.49.89.176 - - [22/May/2024:00:41:32 +0700] "PUT /usr/admin/developer HTTP/1.0" 500 253 "https://martin.org/category/app/appindex.html" "Mozilla/5.0 (Linux; Android 10; ONEPLUS A6000) AppleWebKit/537.36 (KHTML, like Gecko) Chrome/77.0.3865.116 Mobile Safari/537.36 EdgA/45.12.4.5121" 2204
143.106.89.246 - - [22/May/2024:00:10:52 +0700] "GET /usr/admin/developer HTTP/1.0" 404 4782 "https://martin.org/category/app/appindex.html" "Mozilla/5.0 (Windows NT 10.0; Win64; x64; rv:84.0) Gecko/20100101 Firefox/84.0" 2011
33.218.122.205 - - [22/May/2024:00:55:46 +0700] "POST /usr/register HTTP/1.0" 304 2209 "https://martin.org/category/app/appindex.html" "Mozilla/5.0 (Linux; Android 10; ONEPLUS A6000) AppleWebKit/537.36 (KHTML, like Gecko) Chrome/77.0.3865.116 Mobile Safari/537.36 EdgA/45.12.4.5121" 2458
218.202.93.91 - - [22/May/2024:00:20:38 +0700] "PUT /usr/login HTTP/1.0" 403 4619 "https://martin.org/category/app/appindex.html" "Mozilla/5.0 (Macintosh; Intel Mac OS X 10_9_3) AppleWebKit/537.75.14 (KHTML, like Gecko) Version/7.0.3 Safari/7046A194A" 1869
143.106.89.246 - - [22/May/2024:00:39:05 +0700] "POST /usr/login HTTP/1.0" 500 947 "-" "Mozilla/5.0 (Macintosh; Intel Mac OS X 10_9_3) AppleWebKit/537.75.14 (KHTML, like Gecko) Version/7.0.3 Safari/7046A194A" 778
16.25.184.140 - - [22/May/2024:00:00:28 +0700] "GET /usr/register HTTP/1.0" 304 722 "-" "Mozilla/5.0 (Windows NT 10.0; Win64; x64; rv:84.0) Gecko/20100101 Firefox/84.0" 2148
66.63.212.113 - - [22/May/2024:00:23:08 +0700] "POST /usr/admin/developer HTTP/1.0" 200 1538 "-" "Mozilla/5.0 (Windows NT 10.0; Win64; x64) AppleWebKit/537.36 (KHTML, like Gecko) Chrome/87.0.4280.141 Safari/537.36" 2337
26.134.198.19 - - [22/May/2024:00:31:44 +0700] "GET /usr/admin/developer HTTP/1.0" 303 4553 "https://martin.org/category/app/appindex.html" "Mozilla/5.0 (Windows NT 10.0; Win64; x64) AppleWebKit/537.36 (KHTML, like Gecko) Chrome/87.0.4280.141 Safari/537.36" 2889
218.202.93.91 - - [22/May/2024:00:21:14 +0700] "DELETE /usr HTTP/1.0" 500 2918 "-" "Mozilla/5.0 (Macintosh; Intel Mac OS X 10_9_3) AppleWebKit/537.75.14 (KHTML, like Gecko) Version/7.0.3 Safari/7046A194A" 4564
66.63.212.113 - - [22/May/2024:00:59:12 +0700] "POST /usr/admin/developer HTTP/1.0" 303 2243 "-" "Mozilla/5.0 (Android 10; Mobile; rv:84.0) Gecko/84.0 Firefox/84.0" 3578
220.119.157.130 - - [22/May/2024:00:35:19 +0700] "GET /usr/login HTTP/1.0" 403 675 "https://martin.org/category/app/appindex.html" "Mozilla/5.0 (Windows NT 10.0; Win64; x64) AppleWebKit/537.36 (KHTML, like Gecko) Chrome/89.0.4380.0 Safari/537.36 Edg/89.0.759.0" 1470
198.183.70.108 - - [22/May/2024:00:17:24 +0700] "POST /usr/login HTTP/1.0" 502 1537 "-" "Mozilla/5.0 (Linux; Android 10; ONEPLUS A6000) AppleWebKit/537.36 (KHTML, like Gecko) Chrome/77.0.3865.116 Mobile Safari/537.36 EdgA/45.12.4.5121" 2133
33.218.122.205 - - [22/May/2024:00:53:34 +0700] "DELETE /usr/register HTTP/1.0" 200 2273 "-" "Mozilla/5.0 (Android 10; Mobile; rv:84.0) Gecko/84.0 Firefox/84.0" 4122
16.25.184.140 - - [22/May/2024:00:05:27 +0700] "PUT /usr/admin HTTP/1.0" 404 2516 "https://martin.org/category/app/appindex.html" "Mozilla/5.0 (Macintosh; Intel Mac OS X 10_9_3) AppleWebKit/537.75.14 (KHTML, like Gecko) Version/7.0.3 Safari/7046A194A" 4468
41.36.217.76 - - [22/May/2024:00:45:16 +0700] "POST /usr/login HTTP/1.0" 404 841 "https://martin.org/category/app/appindex.html" "Mozilla/5.0 (Linux; Android 10; ONEPLUS A6000) AppleWebKit/537.36 (KHTML, like Gecko) Chrome/86.0.4240.198 Mobile Safari/537.36 OPR/61.2.3076.56749" 3824
33.218.122.205 - - [22/May/2024:00:57:58 +0700] "POST /usr/admin/developer HTTP/1.0" 404 4427 "-" "Mozilla/5.0 (iPhone; CPU iPhone OS 12_4_9 like Mac OS X) AppleWebKit/605.1.15 (KHTML, like Gecko) Version/12.1.2 Mobile/15E148 Safari/604.1" 2370
26.174.77.251 - - [22/May/2024:00:48:11 +0700] "PUT /usr/login HTTP/1.0" 303 1018 "-" "Mozilla/5.0 (Linux; Android 10; ONEPLUS A6000) AppleWebKit/537.36 (KHTML, like Gecko) Chrome/77.0.3865.116 Mobile Safari/537.36 EdgA/45.12.4.5121" 4087
138.170.70.238 - - [22/May/2024:00:31:53 +0700] "POST /usr/register HTTP/1.0" 304 3569 "https://martin.org/category/app/appindex.html" "Mozilla/5.0 (Windows NT 10.0; Win64; x64) AppleWebKit/537.36 (KHTML, like Gecko) Chrome/87.0.4280.88 Safari/537.36 OPR/73.0.3856.329" 773
138.170.70.238 - - [22/May/2024:00:02:50 +0700] "POST /usr/admin HTTP/1.0" 502 1801 "-" "Mozilla/5.0 (Linux; Android 10; ONEPLUS A6000) AppleWebKit/537.36 (KHTML, like Gecko) Chrome/86.0.4240.198 Mobile Safari/537.36 OPR/61.2.3076.56749" 4634
170.22.78.167 - - [22/May/2024:00:11:18 +0700] "PUT /usr/admin/developer HTTP/1.0" 403 2798 "-" "Mozilla/5.0 (Macintosh; Intel Mac OS X 10_9_3) AppleWebKit/537.75.14 (KHTML, like Gecko) Version/7.0.3 Safari/7046A194A" 2021
143.106.89.246 - - [22/May/2024:00:32:00 +0700] "POST /usr HTTP/1.0" 303 985 "https://martin.org/category/app/appindex.html" "Mozilla/5.0 (Windows NT 10.0; Win64; x64) AppleWebKit/537.36 (KHTML, like Gecko) Chrome/87.0.4280.88 Safari/537.36 OPR/73.0.3856.329" 2376
66.63.212.113 - - [22/May/2024:00:04:10 +0700] "POST /usr/login HTTP/1.0" 403 2685 "https://martin.org/category/app/appindex.html" "Mozilla/5.0 (Linux; Android 10; ONEPLUS A6000) AppleWebKit/537.36 (KHTML, like Gecko) Chrome/86.0.4240.198 Mobile Safari/537.36 OPR/61.2.3076.56749" 472
26.134.198.19 - - [22/May/2024:00:10:22 +0700] "PUT /usr/register HTTP/1.0" 403 3452 "-" "Mozilla/5.0 (Windows NT 10.0; Win64; x64) AppleWebKit/537.36 (KHTML, like Gecko) Chrome/87.0.4280.141 Safari/537.36" 3400
220.119.157.130 - - [22/May/2024:00:13:18 +0700] "POST /usr/register HTTP/1.0" 200 2554 "-" "Mozilla/5.0 (Windows NT 10.0; Win64; x64) AppleWebKit/537.36 (KHTML, like Gecko) Chrome/87.0.4280.88 Safari/537.36 OPR/73.0.3856.329" 3158
138.170.70.238 - - [22/May/2024:00:04:58 +0700] "PUT /usr/login HTTP/1.0" 304 2957 "-" "Mozilla/5.0 (Linux; Android 10; ONEPLUS A6000) AppleWebKit/537.36 (KHTML, like Gecko) Chrome/87.0.4280.141 Mobile Safari/537.36" 4591
91.214.160.215 - - [22/May/2024:00:59:23 +0700] "GET /usr/admin/developer HTTP/1.0" 404 886 "https://martin.org/category/app/appindex.html" "Mozilla/5.0 (Linux; Android 10; ONEPLUS A6000) AppleWebKit/537.36 (KHTML, like Gecko) Chrome/86.0.4240.198 Mobile Safari/537.36 OPR/61.2.3076.56749" 810
212.118.114.85 - - [22/May/2024:00:48:19 +0700] "GET /usr/admin/developer HTTP/1.0" 404 1298 "https://martin.org/category/app/appindex.html" "Mozilla/5.0 (Linux; Android 10; ONEPLUS A6000) AppleWebKit/537.36 (KHTML, like Gecko) Chrome/86.0.4240.198 Mobile Safari/537.36 OPR/61.2.3076.56749" 975
111.179.174.61 - - [22/May/2024:00:50:45 +0700] "DELETE /usr/login HTTP/1.0" 500 4237 "-" "Mozilla/5.0 (Android 10; Mobile; rv:84.0) Gecko/84.0 Firefox/84.0" 1536
218.25.1.114 - - [22/May/2024:00:35:04 +0700] "POST /usr/login HTTP/1.0" 404 2589 "-" "Mozilla/5.0 (Linux; Android 10; ONEPLUS A6000) AppleWebKit/537.36 (KHTML, like Gecko) Chrome/86.0.4240.198 Mobile Safari/537.36 OPR/61.2.3076.56749" 869
111.179.174.61 - - [22/May/2024:00:32:52 +0700] "GET /usr HTTP/1.0" 502 4867 "https://martin.org/category/app/appindex.html" "Mozilla/5.0 (iPhone; CPU iPhone OS 12_4_9 like Mac OS X) AppleWebKit/605.1.15 (KHTML, like Gecko) Version/12.1.2 Mobile/15E148 Safari/604.1" 3094
26.146.108.114 - - [22/May/2024:00:43:35 +0700] "GET /usr/register HTTP/1.0" 303 1574 "https://martin.org/category/app/appindex.html" "Mozilla/5.0 (Linux; Android 10; ONEPLUS A6000) AppleWebKit/537.36 (KHTML, like Gecko) Chrome/86.0.4240.198 Mobile Safari/537.36 OPR/61.2.3076.56749" 257
41.36.217.76 - - [22/May/2024:00:45:39 +0700] "GET /usr/register HTTP/1.0" 502 290 "https://martin.org/category/app/appindex.html" "Mozilla/5.0 (Linux; Android 10; ONEPLUS A6000) AppleWebKit/537.36 (KHTML, like Gecko) Chrome/87.0.4280.141 Mobile Safari/537.36" 4139
132.191.172.36 - - [22/May/2024:00:31:28 +0700] "GET /usr/admin HTTP/1.0" 303 4160 "https://martin.org/category/app/appindex.html" "Mozilla/5.0 (Windows NT 10.0; Win64; x64) AppleWebKit/537.36 (KHTML, like Gecko) Chrome/87.0.4280.141 Safari/537.36" 106
138.170.70.238 - - [22/May/2024:00:11:50 +0700] "DELETE /usr/register HTTP/1.0" 404 2105 "https://martin.org/category/app/appindex.html" "Mozilla/5.0 (Linux; Android 10; ONEPLUS A6000) AppleWebKit/537.36 (KHTML, like Gecko) Chrome/77.0.3865.116 Mobile Safari/537.36 EdgA/45.12.4.5121" 1271
84.104.191.135 - - [22/May/2024:00:55:04 +0700] "DELETE /usr/admin HTTP/1.0" 404 2139 "-" "Mozilla/5.0 (Windows NT 10.0; Win64; x64) AppleWebKit/537.36 (KHTML, like Gecko) Chrome/89.0.4380.0 Safari/537.36 Edg/89.0.759.0" 915
218.25.1.114 - - [22/May/2024:00:13:24 +0700] "DELETE /usr/login HTTP/1.0" 403 1532 "https://martin.org/category/app/appindex.html" "Mozilla/5.0 (Linux; Android 10; ONEPLUS A6000) AppleWebKit/537.36 (KHTML, like Gecko) Chrome/87.0.4280.141 Mobile Safari/537.36" 2604
66.63.212.113 - - [22/May/2024:00:36:39 +0700] "GET /usr/register HTTP/1.0" 502 3287 "https://martin.org/category/app/appindex.html" "Mozilla/5.0 (Windows NT 10.0; Win64; x64) AppleWebKit/537.36 (KHTML, like Gecko) Chrome/87.0.4280.88 Safari/537.36 OPR/73.0.3856.329" 2310
212.175.100.17 - - [22/May/2024:00:44:58 +0700] "PUT /usr/register HTTP/1.0" 200 566 "-" "Mozilla/5.0 (iPhone; CPU iPhone OS 12_4_9 like Mac OS X) AppleWebKit/605.1.15 (KHTML, like Gecko) Version/12.1.2 Mobile/15E148 Safari/604.1" 570
218.25.1.114 - - [22/May/2024:00:48:01 +0700] "DELETE /usr/login HTTP/1.0" 404 3915 "-" "Mozilla/5.0 (Linux; Android 10; ONEPLUS A6000) AppleWebKit/537.36 (KHTML, like Gecko) Chrome/86.0.4240.198 Mobile Safari/537.36 OPR/61.2.3076.56749" 132
132.191.172.36 - - [22/May/2024:00:21:33 +0700] "PUT /usr/admin/developer HTTP/1.0" 500 1695 "-" "Mozilla/5.0 (Windows NT 10.0; Win64; x64) AppleWebKit/537.36 (KHTML, like Gecko) Chrome/89.0.4380.0 Safari/537.36 Edg/89.0.759.0" 3538
26.146.108.114 - - [22/May/2024:00:48:33 +0700] "DELETE /usr/admin/developer HTTP/1.0" 303 462 "https://martin.org/category/app/appindex.html" "Mozilla/5.0 (Windows NT 10.0; Win64; x64) AppleWebKit/537.36 (KHTML, like Gecko) Chrome/87.0.4280.88 Safari/537.36 OPR/73.0.3856.329" 1039
41.230.116.70 - - [22/May/2024:00:44:55 +0700] "POST /usr/register HTTP/1.0" 500 2704 "-" "Mozilla/5.0 (Linux; Android 10; ONEPLUS A6000) AppleWebKit/537.36 (KHTML, like Gecko) Chrome/86.0.4240.198 Mobile Safari/537.36 OPR/61.2.3076.56749" 4712
218.202.93.91 - - [22/May/2024:00:20:33 +0700] "DELETE /usr/register HTTP/1.0" 304 1149 "-" "Mozilla/5.0 (Windows NT 10.0; Win64; x64) AppleWebKit/537.36 (KHTML, like Gecko) Chrome/87.0.4280.141 Safari/537.36" 823
198.183.70.108 - - [22/May/2024:00:49:08 +0700] "GET /usr/admin/developer HTTP/1.0" 200 2270 "-" "Mozilla/5.0 (Linux; Android 10; ONEPLUS A6000) AppleWebKit/537.36 (KHTML, like Gecko) Chrome/86.0.4240.198 Mobile Safari/537.36 OPR/61.2.3076.56749" 2444
26.134.198.19 - - [22/May/2024:00:31:22 +0700] "POST /usr/admin/developer HTTP/1.0" 403 3549 "-" "Mozilla/5.0 (Linux; Android 10; ONEPLUS A6000) AppleWebKit/537.36 (KHTML, like Gecko) Chrome/87.0.4280.141 Mobile Safari/537.36" 2965
41.211.66.128 - - [22/May/2024:00:13:40 +0700] "PUT /usr/register HTTP/1.0" 502 4952 "https://martin.org/category/app/appindex.html" "Mozilla/5.0 (Macintosh; Intel Mac OS X 10_9_3) AppleWebKit/537.75.14 (KHTML, like Gecko) Version/7.0.3 Safari/7046A194A" 2696
139.131.74.210 - - [22/May/2024:00:03:40 +0700] "DELETE /usr/admin/developer HTTP/1.0" 500 4706 "-" "Mozilla/5.0 (Windows NT 10.0; Win64; x64) AppleWebKit/537.36 (KHTML, like Gecko) Chrome/87.0.4280.141 Safari/537.36" 2551
26.134.198.19 - - [22/May/2024:00:41:51 +0700] "PUT /usr HTTP/1.0" 404 1920 "-" "Mozilla/5.0 (Windows NT 10.0; Win64; x64) AppleWebKit/537.36 (KHTML, like Gecko) Chrome/89.0.4380.0 Safari/537.36 Edg/89.0.759.0" 2215
200.177.71.253 - - [22/May/2024:00:42:18 +0700] "DELETE /usr/admin/developer HTTP/1.0" 500 3212 "-" "Mozilla/5.0 (Linux; Android 10; ONEPLUS A6000) AppleWebKit/537.36 (KHTML, like Gecko) Chrome/86.0.4240.198 Mobile Safari/537.36 OPR/61.2.3076.56749" 1901
108.123.240.117 - - [22/May/2024:00:58:15 +0700] "GET /usr HTTP/1.0" 304 4847 "-" "Mozilla/5.0 (Windows NT 10.0; Win64; x64) AppleWebKit/537.36 (KHTML, like Gecko) Chrome/87.0.4280.141 Safari/537.36" 2215
91.214.160.215 - - [22/May/2024:00:50:01 +0700] "PUT /usr/login HTTP/1.0" 303 4998 "-" "Mozilla/5.0 (Windows NT 10.0; Win64; x64) AppleWebKit/537.36 (KHTML, like Gecko) Chrome/89.0.4380.0 Safari/537.36 Edg/89.0.759.0" 96
198.183.70.108 - - [22/May/2024:00:28:55 +0700] "DELETE /usr/admin HTTP/1.0" 500 2180 "-" "Mozilla/5.0 (Windows NT 10.0; Win64; x64) AppleWebKit/537.36 (KHTML, like Gecko) Chrome/87.0.4280.141 Safari/537.36" 1492
41.36.217.76 - - [22/May/2024:00:45:23 +0700] "PUT /usr/login HTTP/1.0" 303 827 "-" "Mozilla/5.0 (Android 10; Mobile; rv:84.0) Gecko/84.0 Firefox/84.0" 4111
218.202.93.91 - - [22/May/2024:00:42:06 +0700] "GET /usr HTTP/1.0" 502 335 "https://martin.org/category/app/appindex.html" "Mozilla/5.0 (Macintosh; Intel Mac OS X 10_9_3) AppleWebKit/537.75.14 (KHTML, like Gecko) Version/7.0.3 Safari/7046A194A" 62
212.175.100.17 - - [22/May/2024:00:16:48 +0700] "DELETE /usr/login HTTP/1.0" 303 259 "-" "Mozilla/5.0 (Windows NT 10.0; Win64; x64) AppleWebKit/537.36 (KHTML, like Gecko) Chrome/87.0.4280.141 Safari/537.36" 1023
16.25.184.140 - - [22/May/2024:00:15:25 +0700] "GET /usr/login HTTP/1.0" 304 2422 "https://martin.org/category/app/appindex.html" "Mozilla/5.0 (Linux; Android 10; ONEPLUS A6000) AppleWebKit/537.36 (KHTML, like Gecko) Chrome/87.0.4280.141 Mobile Safari/537.36" 1634
111.179.174.61 - - [22/May/2024:00:39:25 +0700] "DELETE /usr HTTP/1.0" 303 154 "-" "Mozilla/5.0 (Android 10; Mobile; rv:84.0) Gecko/84.0 Firefox/84.0" 4986
41.230.116.70 - - [22/May/2024:00:27:27 +0700] "DELETE /usr/admin HTTP/1.0" 502 2672 "https://martin.org/category/app/appindex.html" "Mozilla/5.0 (Android 10; Mobile; rv:84.0) Gecko/84.0 Firefox/84.0" 4531
200.177.71.253 - - [22/May/2024:00:44:50 +0700] "PUT /usr/admin/developer HTTP/1.0" 404 1495 "https://martin.org/category/app/appindex.html" "Mozilla/5.0 (Windows NT 10.0; Win64; x64) AppleWebKit/537.36 (KHTML, like Gecko) Chrome/87.0.4280.88 Safari/537.36 OPR/73.0.3856.329" 2453
138.170.70.238 - - [22/May/2024:00:47:19 +0700] "PUT /usr HTTP/1.0" 200 4447 "https://martin.org/category/app/appindex.html" "Mozilla/5.0 (Windows NT 10.0; Win64; x64) AppleWebKit/537.36 (KHTML, like Gecko) Chrome/89.0.4380.0 Safari/537.36 Edg/89.0.759.0" 877
106.49.89.176 - - [22/May/2024:00:36:39 +0700] "GET /usr/register HTTP/1.0" 403 3018 "https://martin.org/category/app/appindex.html" "Mozilla/5.0 (Linux; Android 10; ONEPLUS A6000) AppleWebKit/537.36 (KHTML, like Gecko) Chrome/77.0.3865.116 Mobile Safari/537.36 EdgA/45.12.4.5121" 4533
41.36.217.76 - - [22/May/2024:00:46:45 +0700] "GET /usr/admin HTTP/1.0" 500 1528 "https://martin.org/category/app/appindex.html" "Mozilla/5.0 (Linux; Android 10; ONEPLUS A6000) AppleWebKit/537.36 (KHTML, like Gecko) Chrome/77.0.3865.116 Mobile Safari/537.36 EdgA/45.12.4.5121" 1414
218.25.1.114 - - [22/May/2024:00:03:14 +0700] "GET /usr/register HTTP/1.0" 404 3711 "-" "Mozilla/5.0 (Macintosh; Intel Mac OS X 10_9_3) AppleWebKit/537.75.14 (KHTML, like Gecko) Version/7.0.3 Safari/7046A194A" 2401
41.230.116.70 - - [22/May/2024:00:36:42 +0700] "GET /usr/admin/developer HTTP/1.0" 404 4762 "https://martin.org/category/app/appindex.html" "Mozilla/5.0 (Android 10; Mobile; rv:84.0) Gecko/84.0 Firefox/84.0" 957
218.202.93.91 - - [22/May/2024:00:28:12 +0700] "DELETE /usr/admin HTTP/1.0" 502 2680 "-" "Mozilla/5.0 (Android 10; Mobile; rv:84.0) Gecko/84.0 Firefox/84.0" 971
143.106.89.246 - - [22/May/2024:00:33:02 +0700] "GET /usr/admin HTTP/1.0" 403 1165 "-" "Mozilla/5.0 (Macintosh; Intel Mac OS X 10_9_3) AppleWebKit/537.75.14 (KHTML, like Gecko) Version/7.0.3 Safari/7046A194A" 2529
200.177.71.253 - - [22/May/2024:00:28:50 +0700] "GET /usr/login HTTP/1.0" 303 725 "https://martin.org/category/app/appindex.html" "Mozilla/5.0 (Macintosh; Intel Mac OS X 10_9_3) AppleWebKit/537.75.14 (KHTML, like Gecko) Version/7.0.3 Safari/7046A194A" 2685
26.134.198.19 - - [22/May/2024:00:38:28 +0700] "PUT /usr/register HTTP/1.0" 304 1169 "-" "Mozilla/5.0 (Windows NT 10.0; Win64; x64; rv:84.0) Gecko/20100101 Firefox/84.0" 1244
41.36.217.76 - - [22/May/2024:00:39:20 +0700] "GET /usr/login HTTP/1.0" 303 3287 "https://martin.org/category/app/appindex.html" "Mozilla/5.0 (iPhone; CPU iPhone OS 12_4_9 like Mac OS X) AppleWebKit/605.1.15 (KHTML, like Gecko) Version/12.1.2 Mobile/15E148 Safari/604.1" 1428
218.202.93.91 - - [22/May/2024:00:22:10 +0700] "GET /usr/admin/developer HTTP/1.0" 500 2209 "https://martin.org/category/app/appindex.html" "Mozilla/5.0 (Linux; Android 10; ONEPLUS A6000) AppleWebKit/537.36 (KHTML, like Gecko) Chrome/87.0.4280.141 Mobile Safari/537.36" 1922
218.25.1.114 - - [22/May/2024:00:34:18 +0700] "DELETE /usr HTTP/1.0" 502 3942 "-" "Mozilla/5.0 (Macintosh; Intel Mac OS X 10_9_3) AppleWebKit/537.75.14 (KHTML, like Gecko) Version/7.0.3 Safari/7046A194A" 1232
41.230.116.70 - - [22/May/2024:00:41:52 +0700] "POST /usr/register HTTP/1.0" 404 4430 "https://martin.org/category/app/appindex.html" "Mozilla/5.0 (Windows NT 10.0; Win64; x64) AppleWebKit/537.36 (KHTML, like Gecko) Chrome/89.0.4380.0 Safari/537.36 Edg/89.0.759.0" 743
91.214.160.215 - - [22/May/2024:00:27:47 +0700] "GET /usr/register HTTP/1.0" 500 326 "-" "Mozilla/5.0 (Linux; Android 10; ONEPLUS A6000) AppleWebKit/537.36 (KHTML, like Gecko) Chrome/86.0.4240.198 Mobile Safari/537.36 OPR/61.2.3076.56749" 998
106.49.89.176 - - [22/May/2024:00:34:15 +0700] "PUT /usr/admin HTTP/1.0" 403 305 "https://martin.org/category/app/appindex.html" "Mozilla/5.0 (Windows NT 10.0; Win64; x64) AppleWebKit/537.36 (KHTML, like Gecko) Chrome/87.0.4280.141 Safari/537.36" 3936
108.123.240.117 - - [22/May/2024:00:00:08 +0700] "GET /usr/admin/developer HTTP/1.0" 304 2571 "https://martin.org/category/app/appindex.html" "Mozilla/5.0 (iPhone; CPU iPhone OS 12_4_9 like Mac OS X) AppleWebKit/605.1.15 (KHTML, like Gecko) Version/12.1.2 Mobile/15E148 Safari/604.1" 1419
198.183.70.108 - - [22/May/2024:00:32:14 +0700] "POST /usr/admin/developer HTTP/1.0" 404 1609 "-" "Mozilla/5.0 (Linux; Android 10; ONEPLUS A6000) AppleWebKit/537.36 (KHTML, like Gecko) Chrome/87.0.4280.141 Mobile Safari/537.36" 161
41.36.217.76 - - [22/May/2024:00:01:06 +0700] "GET /usr/login HTTP/1.0" 502 1142 "https://martin.org/category/app/appindex.html" "Mozilla/5.0 (Linux; Android 10; ONEPLUS A6000) AppleWebKit/537.36 (KHTML, like Gecko) Chrome/87.0.4280.141 Mobile Safari/537.36" 3377
139.131.74.210 - - [22/May/2024:00:11:16 +0700] "PUT /usr HTTP/1.0" 303 4021 "https://martin.org/category/app/appindex.html" "Mozilla/5.0 (Windows NT 10.0; Win64; x64) AppleWebKit/537.36 (KHTML, like Gecko) Chrome/87.0.4280.141 Safari/537.36" 1431
132.191.172.36 - - [22/May/2024:00:29:57 +0700] "GET /usr/admin/developer HTTP/1.0" 500 3427 "https://martin.org/category/app/appindex.html" "Mozilla/5.0 (Android 10; Mobile; rv:84.0) Gecko/84.0 Firefox/84.0" 1071
41.211.66.128 - - [22/May/2024:00:32:19 +0700] "GET /usr/admin/developer HTTP/1.0" 502 2446 "https://martin.org/category/app/appindex.html" "Mozilla/5.0 (Windows NT 10.0; Win64; x64; rv:84.0) Gecko/20100101 Firefox/84.0" 2101
170.22.78.167 - - [22/May/2024:00:27:14 +0700] "PUT /usr/register HTTP/1.0" 200 186 "-" "Mozilla/5.0 (Linux; Android 10; ONEPLUS A6000) AppleWebKit/537.36 (KHTML, like Gecko) Chrome/86.0.4240.198 Mobile Safari/537.36 OPR/61.2.3076.56749" 4604
111.179.174.61 - - [22/May/2024:00:49:06 +0700] "POST /usr/login HTTP/1.0" 200 3758 "-" "Mozilla/5.0 (Windows NT 10.0; Win64; x64) AppleWebKit/537.36 (KHTML, like Gecko) Chrome/87.0.4280.88 Safari/537.36 OPR/73.0.3856.329" 1032
198.183.70.108 - - [22/May/2024:00:29:05 +0700] "GET /usr/admin HTTP/1.0" 500 2439 "https://martin.org/category/app/appindex.html" "Mozilla/5.0 (Windows NT 10.0; Win64; x64) AppleWebKit/537.36 (KHTML, like Gecko) Chrome/89.0.4380.0 Safari/537.36 Edg/89.0.759.0" 4999
26.174.77.251 - - [22/May/2024:00:20:47 +0700] "PUT /usr HTTP/1.0" 200 743 "-" "Mozilla/5.0 (Linux; Android 10; ONEPLUS A6000) AppleWebKit/537.36 (KHTML, like Gecko) Chrome/77.0.3865.116 Mobile Safari/537.36 EdgA/45.12.4.5121" 1139
41.211.66.128 - - [22/May/2024:00:08:30 +0700] "DELETE /usr/register HTTP/1.0" 500 4775 "-" "Mozilla/5.0 (Linux; Android 10; ONEPLUS A6000) AppleWebKit/537.36 (KHTML, like Gecko) Chrome/87.0.4280.141 Mobile Safari/537.36" 2197
218.202.93.91 - - [22/May/2024:00:08:30 +0700] "PUT /usr/register HTTP/1.0" 502 2443 "https://martin.org/category/app/appindex.html" "Mozilla/5.0 (Macintosh; Intel Mac OS X 10_9_3) AppleWebKit/537.75.14 (KHTML, like Gecko) Version/7.0.3 Safari/7046A194A" 1150
212.118.114.85 - - [22/May/2024:00:59:49 +0700] "POST /usr/register HTTP/1.0" 303 893 "https://martin.org/category/app/appindex.html" "Mozilla/5.0 (Linux; Android 10; ONEPLUS A6000) AppleWebKit/537.36 (KHTML, like Gecko) Chrome/77.0.3865.116 Mobile Safari/537.36 EdgA/45.12.4.5121" 207
132.191.172.36 - - [22/May/2024:00:28:34 +0700] "POST /usr/login HTTP/1.0" 303 343 "https://martin.org/category/app/appindex.html" "Mozilla/5.0 (Macintosh; Intel Mac OS X 10_9_3) AppleWebKit/537.75.14 (KHTML, like Gecko) Version/7.0.3 Safari/7046A194A" 2079
84.104.191.135 - - [22/May/2024:00:11:10 +0700] "PUT /usr HTTP/1.0" 200 3025 "-" "Mozilla/5.0 (Windows NT 10.0; Win64; x64; rv:84.0) Gecko/20100101 Firefox/84.0" 4020
91.214.160.215 - - [22/May/2024:00:38:07 +0700] "POST /usr HTTP/1.0" 502 4050 "-" "Mozilla/5.0 (Windows NT 10.0; Win64; x64) AppleWebKit/537.36 (KHTML, like Gecko) Chrome/89.0.4380.0 Safari/537.36 Edg/89.0.759.0" 1122
35.203.220.171 - - [22/May/2024:00:35:06 +0700] "GET /usr/admin/developer HTTP/1.0" 502 4340 "-" "Mozilla/5.0 (Android 10; Mobile; rv:84.0) Gecko/84.0 Firefox/84.0" 462
132.191.172.36 - - [22/May/2024:00:35:45 +0700] "POST /usr HTTP/1.0" 502 4956 "-" "Mozilla/5.0 (Windows NT 10.0; Win64; x64) AppleWebKit/537.36 (KHTML, like Gecko) Chrome/87.0.4280.141 Safari/537.36" 2510
91.214.160.215 - - [22/May/2024:00:57:50 +0700] "DELETE /usr HTTP/1.0" 303 1714 "https://martin.org/category/app/appindex.html" "Mozilla/5.0 (iPhone; CPU iPhone OS 12_4_9 like Mac OS X) AppleWebKit/605.1.15 (KHTML, like Gecko) Version/12.1.2 Mobile/15E148 Safari/604.1" 3969
212.175.100.17 - - [22/May/2024:00:05:18 +0700] "PUT /usr/login HTTP/1.0" 303 4663 "-" "Mozilla/5.0 (Windows NT 10.0; Win64; x64) AppleWebKit/537.36 (KHTML, like Gecko) Chrome/89.0.4380.0 Safari/537.36 Edg/89.0.759.0" 183
220.119.157.130 - - [22/May/2024:00:05:12 +0700] "PUT /usr/admin/developer HTTP/1.0" 304 3809 "-" "Mozilla/5.0 (Windows NT 10.0; Win64; x64; rv:84.0) Gecko/20100101 Firefox/84.0" 3740
143.106.89.246 - - [22/May/2024:00:56:42 +0700] "DELETE /usr/register HTTP/1.0" 500 1364 "https://martin.org/category/app/appindex.html" "Mozilla/5.0 (Android 10; Mobile; rv:84.0) Gecko/84.0 Firefox/84.0" 789
218.202.93.91 - - [22/May/2024:00:00:37 +0700] "DELETE /usr/admin/developer HTTP/1.0" 304 4561 "https://martin.org/category/app/appindex.html" "Mozilla/5.0 (Windows NT 10.0; Win64; x64) AppleWebKit/537.36 (KHTML, like Gecko) Chrome/87.0.4280.141 Safari/537.36" 4579
41.211.66.128 - - [22/May/2024:00:57:49 +0700] "GET /usr HTTP/1.0" 403 3124 "-" "Mozilla/5.0 (iPhone; CPU iPhone OS 12_4_9 like Mac OS X) AppleWebKit/605.1.15 (KHTML, like Gecko) Version/12.1.2 Mobile/15E148 Safari/604.1" 4987
138.170.70.238 - - [22/May/2024:00:24:36 +0700] "GET /usr/register HTTP/1.0" 500 4205 "-" "Mozilla/5.0 (Linux; Android 10; ONEPLUS A6000) AppleWebKit/537.36 (KHTML, like Gecko) Chrome/86.0.4240.198 Mobile Safari/537.36 OPR/61.2.3076.56749" 3891
66.63.212.113 - - [22/May/2024:00:52:46 +0700] "DELETE /usr/admin HTTP/1.0" 304 714 "https://martin.org/category/app/appindex.html" "Mozilla/5.0 (Linux; Android 10; ONEPLUS A6000) AppleWebKit/537.36 (KHTML, like Gecko) Chrome/87.0.4280.141 Mobile Safari/537.36" 2235
220.119.157.130 - - [22/May/2024:00:14:10 +0700] "PUT /usr/admin HTTP/1.0" 304 4516 "https://martin.org/category/app/appindex.html" "Mozilla/5.0 (Windows NT 10.0; Win64; x64) AppleWebKit/537.36 (KHTML, like Gecko) Chrome/87.0.4280.141 Safari/537.36" 1615
132.191.172.36 - - [22/May/2024:00:19:48 +0700] "DELETE /usr/admin/developer HTTP/1.0" 404 1976 "-" "Mozilla/5.0 (Linux; Android 10; ONEPLUS A6000) AppleWebKit/537.36 (KHTML, like Gecko) Chrome/77.0.3865.116 Mobile Safari/537.36 EdgA/45.12.4.5121" 1281
132.191.172.36 - - [22/May/2024:00:41:32 +0700] "DELETE /usr/admin/developer HTTP/1.0" 200 4595 "https://martin.org/category/app/appindex.html" "Mozilla/5.0 (iPhone; CPU iPhone OS 12_4_9 like Mac OS X) AppleWebKit/605.1.15 (KHTML, like Gecko) Version/12.1.2 Mobile/15E148 Safari/604.1" 1123
3.237.6.150 - - [22/May/2024:00:05:44 +0700] "PUT /usr/admin/developer HTTP/1.0" 200 4773 "-" "Mozilla/5.0 (Linux; Android 10; ONEPLUS A6000) AppleWebKit/537.36 (KHTML, like Gecko) Chrome/86.0.4240.198 Mobile Safari/537.36 OPR/61.2.3076.56749" 4654
91.214.160.215 - - [22/May/2024:00:24:17 +0700] "GET /usr HTTP/1.0" 304 2924 "-" "Mozilla/5.0 (Macintosh; Intel Mac OS X 10_9_3) AppleWebKit/537.75.14 (KHTML, like Gecko) Version/7.0.3 Safari/7046A194A" 2625
84.104.191.135 - - [22/May/2024:00:25:39 +0700] "DELETE /usr/login HTTP/1.0" 303 3092 "-" "Mozilla/5.0 (Linux; Android 10; ONEPLUS A6000) AppleWebKit/537.36 (KHTML, like Gecko) Chrome/86.0.4240.198 Mobile Safari/537.36 OPR/61.2.3076.56749" 54
106.49.89.176 - - [22/May/2024:00:51:47 +0700] "POST /usr/admin/developer HTTP/1.0" 403 700 "https://martin.org/category/app/appindex.html" "Mozilla/5.0 (Linux; Android 10; ONEPLUS A6000) AppleWebKit/537.36 (KHTML, like Gecko) Chrome/87.0.4280.141 Mobile Safari/537.36" 538
35.203.220.171 - - [22/May/2024:00:40:50 +0700] "GET /usr/register HTTP/1.0" 304 1922 "-" "Mozilla/5.0 (Macintosh; Intel Mac OS X 10_9_3) AppleWebKit/537.75.14 (KHTML, like Gecko) Version/7.0.3 Safari/7046A194A" 2960
66.63.212.113 - - [22/May/2024:00:38:59 +0700] "GET /usr HTTP/1.0" 303 2504 "https://martin.org/category/app/appindex.html" "Mozilla/5.0 (Windows NT 10.0; Win64; x64) AppleWebKit/537.36 (KHTML, like Gecko) Chrome/87.0.4280.141 Safari/537.36" 359
132.191.172.36 - - [22/May/2024:00:54:50 +0700] "POST /usr/admin/developer HTTP/1.0" 500 4884 "https://martin.org/category/app/appindex.html" "Mozilla/5.0 (Linux; Android 10; ONEPLUS A6000) AppleWebKit/537.36 (KHTML, like Gecko) Chrome/77.0.3865.116 Mobile Safari/537.36 EdgA/45.12.4.5121" 29
143.106.89.246 - - [22/May/2024:00:03:40 +0700] "PUT /usr/admin/developer HTTP/1.0" 500 3639 "-" "Mozilla/5.0 (Windows NT 10.0; Win64; x64) AppleWebKit/537.36 (KHTML, like Gecko) Chrome/87.0.4280.88 Safari/537.36 OPR/73.0.3856.329" 4867
80.127.106.125 - - [22/May/2024:00:48:12 +0700] "GET /usr/login HTTP/1.0" 404 3754 "-" "Mozilla/5.0 (Windows NT 10.0; Win64; x64) AppleWebKit/537.36 (KHTML, like Gecko) Chrome/87.0.4280.141 Safari/537.36" 3618
198.183.70.108 - - [22/May/2024:00:48:47 +0700] "GET /usr/admin HTTP/1.0" 500 2917 "-" "Mozilla/5.0 (Linux; Android 10; ONEPLUS A6000) AppleWebKit/537.36 (KHTML, like Gecko) Chrome/77.0.3865.116 Mobile Safari/537.36 EdgA/45.12.4.5121" 2594
200.177.71.253 - - [22/May/2024:00:05:40 +0700] "PUT /usr/register HTTP/1.0" 304 239 "https://martin.org/category/app/appindex.html" "Mozilla/5.0 (iPhone; CPU iPhone OS 12_4_9 like Mac OS X) AppleWebKit/605.1.15 (KHTML, like Gecko) Version/12.1.2 Mobile/15E148 Safari/604.1" 313
143.106.89.246 - - [22/May/2024:00:22:37 +0700] "GET /usr/admin/developer HTTP/1.0" 200 3203 "-" "Mozilla/5.0 (Android 10; Mobile; rv:84.0) Gecko/84.0 Firefox/84.0" 2709
139.131.74.210 - - [22/May/2024:00:31:59 +0700] "POST /usr/admin HTTP/1.0" 500 3788 "-" "Mozilla/5.0 (Windows NT 10.0; Win64; x64) AppleWebKit/537.36 (KHTML, like Gecko) Chrome/87.0.4280.88 Safari/537.36 OPR/73.0.3856.329" 1885
41.211.66.128 - - [22/May/2024:00:29:14 +0700] "PUT /usr/admin HTTP/1.0" 303 3460 "https://martin.org/category/app/appindex.html" "Mozilla/5.0 (Linux; Android 10; ONEPLUS A6000) AppleWebKit/537.36 (KHTML, like Gecko) Chrome/86.0.4240.198 Mobile Safari/537.36 OPR/61.2.3076.56749" 2941
132.191.172.36 - - [22/May/2024:00:30:41 +0700] "GET /usr/admin/developer HTTP/1.0" 404 4141 "https://martin.org/category/app/appindex.html" "Mozilla/5.0 (Windows NT 10.0; Win64; x64) AppleWebKit/537.36 (KHTML, like Gecko) Chrome/89.0.4380.0 Safari/537.36 Edg/89.0.759.0" 1307
170.22.78.167 - - [22/May/2024:00:41:39 +0700] "GET /usr HTTP/1.0" 303 2244 "https://martin.org/category/app/appindex.html" "Mozilla/5.0 (Macintosh; Intel Mac OS X 10_9_3) AppleWebKit/537.75.14 (KHTML, like Gecko) Version/7.0.3 Safari/7046A194A" 285
111.179.174.61 - - [22/May/2024:00:00:20 +0700] "DELETE /usr HTTP/1.0" 502 1202 "https://martin.org/category/app/appindex.html" "Mozilla/5.0 (Windows NT 10.0; Win64; x64; rv:84.0) Gecko/20100101 Firefox/84.0" 1397
132.191.172.36 - - [22/May/2024:00:32:54 +0700] "POST /usr/login HTTP/1.0" 304 4915 "https://martin.org/category/app/appindex.html" "Mozilla/5.0 (iPhone; CPU iPhone OS 12_4_9 like Mac OS X) AppleWebKit/605.1.15 (KHTML, like Gecko) Version/12.1.2 Mobile/15E148 Safari/604.1" 1359
