41.230.116.70 - - [22/May/2024:01:36:01 +0700] "POST /usr/login HTTP/1.0" 200 221 "https://martin.org/category/app/appindex.html" "Mozilla/5.0 (Linux; Android 10; ONEPLUS A6000) AppleWebKit/537.36 (KHTML, like Gecko) Chrome/86.0.4240.198 Mobile Safari/537.36 OPR/61.2.3076.56749" 2763
21.182.137.165 - - [22/May/2024:01:22:25 +0700] "POST /usr/login HTTP/1.0" 500 4151 "-" "Mozilla/5.0 (iPhone; CPU iPhone OS 12_4_9 like Mac OS X) AppleWebKit/605.1.15 (KHTML, like Gecko) Version/12.1.2 Mobile/15E148 Safari/604.1" 2801
35.203.220.171 - - [22/May/2024:01:14:11 +0700] "POST /usr HTTP/1.0" 500 2679 "-" "Mozilla/5.0 (Macintosh; Intel Mac OS X 10_9_3) AppleWebKit/537.75.14 (KHTML, like Gecko) Version/7.0.3 Safari/7046A194A" 1525
80.127.106.125 - - [22/May/2024:01:59:28 +0700] "DELETE /usr/admin/developer HTTP/1.0" 304 3287 "-" "Mozilla/5.0 (Linux; Android 10; ONEPLUS A6000) AppleWebKit/537.36 (KHTML, like Gecko) Chrome/86.0.4240.198 Mobile Safari/537.36 OPR/61.2.3076.56749" 1881
170.22.78.167 - - [22/May/2024:01:47:22 +0700] "DELETE /usr/admin/developer HTTP/1.0" 404 2794 "-" "Mozilla/5.0 (Windows NT 10.0; Win64; x64) AppleWebKit/537.36 (KHTML, like Gecko) Chrome/87.0.4280.141 Safari/537.36" 897
41.230.116.70 - - [22/May/2024:01:31:53 +0700] "GET /usr/register HTTP/1.0" 403 1841 "-" "Mozilla/5.0 (Windows NT 10.0; Win64; x64) AppleWebKit/537.36 (KHTML, like Gecko) Chrome/87.0.4280.141 Safari/537.36" 4170
139.131.74.210 - - [22/May/2024:01:47:41 +0700] "PUT /usr/register HTTP/1.0" 502 1532 "https://martin.org/category/app/appindex.html" "Mozilla/5.0 (Windows NT 10.0; Win64; x64) AppleWebKit/537.36 (KHTML, like Gecko) Chrome/87.0.4280.88 Safari/537.36 OPR/73.0.3856.329" 1078
220.119.157.130 - - [22/May/2024:01:46:44 +0700] "GET /usr HTTP/1.0" 304 2879 "-" "Mozilla/5.0 (Linux; Android 10; ONEPLUS A6000) AppleWebKit/537.36 (KHTML, like Gecko) Chrome/86.0.4240.198 Mobile Safari/537.36 OPR/61.2.3076.56749" 219
212.175.100.17 - - [22/May/2024:01:40:34 +0700] "POST /usr/register HTTP/1.0" 303 1654 "https://martin.org/category/app/appindex.html" "Mozilla/5.0 (Macintosh; Intel Mac OS X 10_9_3) AppleWebKit/537.75.14 (KHTML, like Gecko) Version/7.0.3 Safari/7046A194A" 4361
66.63.212.113 - - [22/May/2024:01:04:07 +0700] "POST /usr HTTP/1.0" 200 2740 "https://martin.org/category/app/appindex.html" "Mozilla/5.0 (Linux; Android 10; ONEPLUS A6000) AppleWebKit/537.36 (KHTML, like Gecko) Chrome/87.0.4280.141 Mobile Safari/537.36" 4255
170.22.78.167 - - [22/May/2024:01:57:08 +0700] "POST /usr/admin/developer HTTP/1.0" 403 3288 "-" "Mozilla/5.0 (Windows NT 10.0; Win64; x64; rv:84.0) Gecko/20100101 Firefox/84.0" 4870
106.49.89.176 - - [22/May/2024:01:49:58 +0700] "DELETE /usr/login HTTP/1.0" 500 3060 "-" "Mozilla/5.0 (Windows NT 10.0; Win64; x64; rv:84.0) Gecko/20100101 Firefox/84.0" 1473
106.49.89.176 - - [22/May/2024:01:10:39 +0700] "GET /usr/admin HTTP/1.0" 404 2690 "https://martin.org/category/app/appindex.html" "Mozilla/5.0 (Windows NT 10.0; Win64; x64) AppleWebKit/537.36 (KHTML, like Gecko) Chrome/89.0.4380.0 Safari/537.36 Edg/89.0.759.0" 1211
143.106.89.246 - - [22/May/2024:01:12:44 +0700] "GET /usr/admin HTTP/1.0" 403 2171 "-" "Mozilla/5.0 (Android 10; Mobile; rv:84.0) Gecko/84.0 Firefox/84.0" 212
218.25.1.114 - - [22/May/2024:01:11:02 +0700] "PUT /usr/admin HTTP/1.0" 500 3162 "https://martin.org/category/app/appindex.html" "Mozilla/5.0 (Android 10; Mobile; rv:84.0) Gecko/84.0 Firefox/84.0" 1390
198.183.70.108 - - [22/May/2024:01:51:37 +0700] "GET /usr/admin/developer HTTP/1.0" 500 2760 "-" "Mozilla/5.0 (Windows NT 10.0; Win64; x64; rv:84.0) Gecko/20100101 Firefox/84.0" 3249
91.214.160.215 - - [22/May/2024:01:34:44 +0700] "PUT /usr HTTP/1.0" 403 2438 "-" "Mozilla/5.0 (Android 10; Mobile; rv:84.0) Gecko/84.0 Firefox/84.0" 844
170.22.78.167 - - [22/May/2024:01:51:39 +0700] "GET /usr HTTP/1.0" 304 2301 "-" "Mozilla/5.0 (Macintosh; Intel Mac OS X 10_9_3) AppleWebKit/537.75.14 (KHTML, like Gecko) Version/7.0.3 Safari/7046A194A" 2109
80.127.106.125 - - [22/May/2024:01:12:50 +0700] "PUT /usr HTTP/1.0" 404 3074 "https://martin.org/category/app/appindex.html" "Mozilla/5.0 (Macintosh; Intel Mac OS X 10_9_3) AppleWebKit/537.75.14 (KHTML, like Gecko) Version/7.0.3 Safari/7046A194A" 1086
218.25.1.114 - - [22/May/2024:01:25:17 +0700] "DELETE /usr/admin/developer HTTP/1.0" 303 1735 "-" "Mozilla/5.0 (iPhone; CPU iPhone OS 12_4_9 like Mac OS X) AppleWebKit/605.1.15 (KHTML, like Gecko) Version/12.1.2 Mobile/15E148 Safari/604.1" 3716
33.218.122.205 - - [22/May/2024:01:35:40 +0700] "PUT /usr/admin/developer HTTP/1.0" 303 1156 "-" "Mozilla/5.0 (Windows NT 10.0; Win64; x64) AppleWebKit/537.36 (KHTML, like Gecko) Chrome/87.0.4280.88 Safari/537.36 OPR/73.0.3856.329" 4586
139.131.74.210 - - [22/May/2024:01:09:33 +0700] "DELETE /usr HTTP/1.0" 502 64 "https://martin.org/category/app/appindex.html" "Mozilla/5.0 (Android 10; Mobile; rv:84.0) Gecko/84.0 Firefox/84.0" 4734
41.36.217.76 - - [22/May/2024:01:17:35 +0700] "PUT /usr/register HTTP/1.0" 502 764 "https://martin.org/category/app/appindex.html" "Mozilla/5.0 (Windows NT 10.0; Win64; x64; rv:84.0) Gecko/20100101 Firefox/84.0" 3635
41.36.217.76 - - [22/May/2024:01:13:26 +0700] "POST /usr/register HTTP/1.0" 500 4901 "https://martin.org/category/app/appindex.html" "Mozilla/5.0 (Windows NT 10.0; Win64; x64) AppleWebKit/537.36 (KHTML, like Gecko) Chrome/87.0.4280.88 Safari/537.36 OPR/73.0.3856.329" 2434
35.203.220.171 - - [22/May/2024:01:52:35 +0700] "DELETE /usr/admin/developer HTTP/1.0" 304 3416 "-" "Mozilla/5.0 (Linux; Android 10; ONEPLUS A6000) AppleWebKit/537.36 (KHTML, like Gecko) Chrome/86.0.4240.198 Mobile Safari/537.36 OPR/61.2.3076.56749" 4095
66.63.212.113 - - [22/May/2024:01:18:57 +0700] "PUT /usr/admin HTTP/1.0" 304 974 "-" "Mozilla/5.0 (Android 10; Mobile; rv:84.0) Gecko/84.0 Firefox/84.0" 3425
200.177.71.253 - - [22/May/2024:01:04:16 +0700] "PUT /usr/register HTTP/1.0" 304 4091 "-" "Mozilla/5.0 (Windows NT 10.0; Win64; x64) AppleWebKit/537.36 (KHTML, like Gecko) Chrome/89.0.4380.0 Safari/537.36 Edg/89.0.759.0" 33
111.179.174.61 - - [22/May/2024:01:50:38 +0700] "POST /usr HTTP/1.0" 502 1213 "-" "Mozilla/5.0 (Windows NT 10.0; Win64; x64; rv:84.0) Gecko/20100101 Firefox/84.0" 1124
198.183.70.108 - - [22/May/2024:01:24:31 +0700] "DELETE /usr HTTP/1.0" 500 1018 "-" "Mozilla/5.0 (Linux; Android 10; ONEPLUS A6000) AppleWebKit/537.36 (KHTML, like Gecko) Chrome/77.0.3865.116 Mobile Safari/537.36 EdgA/45.12.4.5121" 1176
3.237.6.150 - - [22/May/2024:01:42:25 +0700] "GET /usr/admin HTTP/1.0" 200 2594 "https://martin.org/category/app/appindex.html" "Mozilla/5.0 (Windows NT 10.0; Win64; x64) AppleWebKit/537.36 (KHTML, like Gecko) Chrome/87.0.4280.141 Safari/537.36" 1598
200.177.71.253 - - [22/May/2024:01:30:10 +0700] "GET /usr/admin HTTP/1.0" 303 4934 "https://martin.org/category/app/appindex.html" "Mozilla/5.0 (Windows NT 10.0; Win64; x64) AppleWebKit/537.36 (KHTML, like Gecko) Chrome/87.0.4280.141 Safari/537.36" 4607
143.106.89.246 - - [22/May/2024:01:18:16 +0700] "DELETE /usr HTTP/1.0" 303 685 "https://martin.org/category/app/appindex.html" "Mozilla/5.0 (Windows NT 10.0; Win64; x64) AppleWebKit/537.36 (KHTML, like Gecko) Chrome/87.0.4280.88 Safari/537.36 OPR/73.0.3856.329" 3973
41.211.66.128 - - [22/May/2024:01:13:22 +0700] "POST /usr/admin HTTP/1.0" 404 1841 "-" "Mozilla/5.0 (iPhone; CPU iPhone OS 12_4_9 like Mac OS X) AppleWebKit/605.1.15 (KHTML, like Gecko) Version/12.1.2 Mobile/15E148 Safari/604.1" 3386
106.49.89.176 - - [22/May/2024:01:02:24 +0700] "GET /usr/admin HTTP/1.0" 303 4183 "-" "Mozilla/5.0 (Macintosh; Intel Mac OS X 10_9_3) AppleWebKit/537.75.14 (KHTML, like Gecko) Version/7.0.3 Safari/7046A194A" 85
106.49.89.176 - - [22/May/2024:01:17:32 +0700] "POST /usr HTTP/1.0" 304 2672 "-" "Mozilla/5.0 (Windows NT 10.0; Win64; x64) AppleWebKit/537.36 (KHTML, like Gecko) Chrome/87.0.4280.88 Safari/537.36 OPR/73.0.3856.329" 3254
41.211.66.128 - - [22/May/2024:01:57:49 +0700] "POST /usr/admin/developer HTTP/1.0" 500 4580 "-" "Mozilla/5.0 (Linux; Android 10; ONEPLUS A6000) AppleWebKit/537.36 (KHTML, like Gecko) Chrome/86.0.4240.198 Mobile Safari/537.36 OPR/61.2.3076.56749" 3622
91.214.160.215 - - [22/May/2024:01:21:05 +0700] "GET /usr/admin/developer HTTP/1.0" 403 3303 "https://martin.org/category/app/appindex.html" "Mozilla/5.0 (Macintosh; Intel Mac OS X 10_9_3) AppleWebKit/537.75.14 (KHTML, like Gecko) Version/7.0.3 Safari/7046A194A" 4647
198.183.70.108 - - [22/May/2024:01:00:22 +0700] "GET /usr/admin/developer HTTP/1.0" 200 4900 "https://martin.org/category/app/appindex.html" "Mozilla/5.0 (Windows NT 10.0; Win64; x64) AppleWebKit/537.36 (KHTML, like Gecko) Chrome/87.0.4280.88 Safari/537.36 OPR/73.0.3856.329" 2257
91.214.160.215 - - [22/May/2024:01:46:10 +0700] "PUT /usr/login HTTP/1.0" 303 2263 "-" "Mozilla/5.0 (Windows NT 10.0; Win64; x64; rv:84.0) Gecko/20100101 Firefox/84.0" 4067
21.182.137.165 - - [22/May/2024:01:44:05 +0700] "DELETE /usr/admin/developer HTTP/1.0" 304 1930 "-" "Mozilla/5.0 (Linux; Android 10; ONEPLUS A6000) AppleWebKit/537.36 (KHTML, like Gecko) Chrome/87.0.4280.141 Mobile Safari/537.36" 359
41.36.217.76 - - [22/May/2024:01:50:40 +0700] "GET /usr/register HTTP/1.0" 403 4021 "-" "Mozilla/5.0 (Linux; Android 10; ONEPLUS A6000) AppleWebKit/537.36 (KHTML, like Gecko) Chrome/86.0.4240.198 Mobile Safari/537.36 OPR/61.2.3076.56749" 1580
21.182.137.165 - - [22/May/2024:01:42:46 +0700] "DELETE /usr HTTP/1.0" 404 1124 "-" "Mozilla/5.0 (Linux; Android 10; ONEPLUS A6000) AppleWebKit/537.36 (KHTML, like Gecko) Chrome/86.0.4240.198 Mobile Safari/537.36 OPR/61.2.3076.56749" 2532
143.106.89.246 - - [22/May/2024:01:50:17 +0700] "DELETE /usr/register HTTP/1.0" 500 2977 "-" "Mozilla/5.0 (Windows NT 10.0; Win64; x64; rv:84.0) Gecko/20100101 Firefox/84.0" 1462
26.146.108.114 - - [22/May/2024:01:45:43 +0700] "DELETE /usr HTTP/1.0" 304 571 "https://martin.org/category/app/appindex.html" "Mozilla/5.0 (Linux; Android 10; ONEPLUS A6000) AppleWebKit/537.36 (KHTML, like Gecko) Chrome/77.0.3865.116 Mobile Safari/537.36 EdgA/45.12.4.5121" 3905
26.174.77.251 - - [22/May/2024:01:04:04 +0700] "POST /usr HTTP/1.0" 304 823 "https://martin.org/category/app/appindex.html" "Mozilla/5.0 (Linux; Android 10; ONEPLUS A6000) AppleWebKit/537.36 (KHTML, like Gecko) Chrome/77.0.3865.116 Mobile Safari/537.36 EdgA/45.12.4.5121" 1638
170.22.78.167 - - [22/May/2024:01:28:33 +0700] "DELETE /usr HTTP/1.0" 403 179 "-" "Mozilla/5.0 (Linux; Android 10; ONEPLUS A6000) AppleWebKit/537.36 (KHTML, like Gecko) Chrome/86.0.4240.198 Mobile Safari/537.36 OPR/61.2.3076.56749" 2808
218.25.1.114 - - [22/May/2024:01:41:37 +0700] "GET /usr/admin HTTP/1.0" 404 4112 "-" "Mozilla/5.0 (Linux; Android 10; ONEPLUS A6000) AppleWebKit/537.36 (KHTML, like Gecko) Chrome/87.0.4280.141 Mobile Safari/537.36" 2877
108.123.240.117 - - [22/May/2024:01:53:20 +0700] "POST /usr/login HTTP/1.0" 403 4903 "https://martin.org/category/app/appindex.html" "Mozilla/5.0 (iPhone; CPU iPhone OS 12_4_9 like Mac OS X) AppleWebKit/605.1.15 (KHTML, like Gecko) Version/12.1.2 Mobile/15E148 Safari/604.1" 559
139.131.74.210 - - [22/May/2024:01:22:35 +0700] "POST /usr HTTP/1.0" 404 2493 "-" "Mozilla/5.0 (Windows NT 10.0; Win64; x64) AppleWebKit/537.36 (KHTML, like Gecko) Chrome/87.0.4280.88 Safari/537.36 OPR/73.0.3856.329" 1769
35.203.220.171 - - [22/May/2024:01:24:11 +0700] "POST /usr/register HTTP/1.0" 502 2829 "-" "Mozilla/5.0 (Linux; Android 10; ONEPLUS A6000) AppleWebKit/537.36 (KHTML, like Gecko) Chrome/77.0.3865.116 Mobile Safari/537.36 EdgA/45.12.4.5121" 1376
80.127.106.125 - - [22/May/2024:01:24:58 +0700] "DELETE /usr/admin HTTP/1.0" 304 3241 "https://martin.org/category/app/appindex.html" "Mozilla/5.0 (iPhone; CPU iPhone OS 12_4_9 like Mac OS X) AppleWebKit/605.1.15 (KHTML, like Gecko) Version/12.1.2 Mobile/15E148 Safari/604.1" 2918
26.174.77.251 - - [22/May/2024:01:44:10 +0700] "PUT /usr HTTP/1.0" 303 348 "https://martin.org/category/app/appindex.html" "Mozilla/5.0 (Windows NT 10.0; Win64; x64) AppleWebKit/537.36 (KHTML, like Gecko) Chrome/87.0.4280.141 Safari/537.36" 3990
16.25.184.140 - - [22/May/2024:01:56:30 +0700] "PUT /usr/register HTTP/1.0" 500 1387 "https://martin.org/category/app/appindex.html" "Mozilla/5.0 (Linux; Android 10; ONEPLUS A6000) AppleWebKit/537.36 (KHTML, like Gecko) Chrome/77.0.3865.116 Mobile Safari/537.36 EdgA/45.12.4.5121" 2326
33.218.122.205 - - [22/May/2024:01:16:58 +0700] "PUT /usr/admin/developer HTTP/1.0" 403 1622 "https://martin.org/category/app/appindex.html" "Mozilla/5.0 (Macintosh; Intel Mac OS X 10_9_3) AppleWebKit/537.75.14 (KHTML, like Gecko) Version/7.0.3 Safari/7046A194A" 1345
41.230.116.70 - - [22/May/2024:01:10:46 +0700] "DELETE /usr/admin/developer HTTP/1.0" 304 2193 "-" "Mozilla/5.0 (Linux; Android 10; ONEPLUS A6000) AppleWebKit/537.36 (KHTML, like Gecko) Chrome/86.0.4240.198 Mobile Safari/537.36 OPR/61.2.3076.56749" 4510
143.106.89.246 - - [22/May/2024:01:52:10 +0700] "PUT /usr/admin/developer HTTP/1.0" 403 762 "-" "Mozilla/5.0 (Linux; Android 10; ONEPLUS A6000) AppleWebKit/537.36 (KHTML, like Gecko) Chrome/77.0.3865.116 Mobile Safari/537.36 EdgA/45.12.4.5121" 4980
91.214.160.215 - - [22/May/2024:01:32:22 +0700] "PUT /usr/login HTTP/1.0" 303 845 "https://martin.org/category/app/appindex.html" "Mozilla/5.0 (Linux; Android 10; ONEPLUS A6000) AppleWebKit/537.36 (KHTML, like Gecko) Chrome/86.0.4240.198 Mobile Safari/537.36 OPR/61.2.3076.56749" 3282
212.175.100.17 - - [22/May/2024:01:43:03 +0700] "POST /usr/register HTTP/1.0" 403 4054 "https://martin.org/category/app/appindex.html" "Mozilla/5.0 (Linux; Android 10; ONEPLUS A6000) AppleWebKit/537.36 (KHTML, like Gecko) Chrome/87.0.4280.141 Mobile Safari/537.36" 1475
35.203.220.171 - - [22/May/2024:01:04:46 +0700] "GET /usr/admin/developer HTTP/1.0" 403 2739 "-" "Mozilla/5.0 (Windows NT 10.0; Win64; x64) AppleWebKit/537.36 (KHTML, like Gecko) Chrome/87.0.4280.88 Safari/537.36 OPR/73.0.3856.329" 28
41.211.66.128 - - [22/May/2024:01:37:10 +0700] "GET /usr/login HTTP/1.0" 304 1989 "-" "Mozilla/5.0 (Android 10; Mobile; rv:84.0) Gecko/84.0 Firefox/84.0" 2000
80.127.106.125 - - [22/May/2024:01:09:56 +0700] "POST /usr/register HTTP/1.0" 200 1465 "-" "Mozilla/5.0 (iPhone; CPU iPhone OS 12_4_9 like Mac OS X) AppleWebKit/605.1.15 (KHTML, like Gecko) Version/12.1.2 Mobile/15E148 Safari/604.1" 3268
3.237.6.150 - - [22/May/2024:01:57:18 +0700] "DELETE /usr HTTP/1.0" 502 2182 "https://martin.org/category/app/appindex.html" "Mozilla/5.0 (Linux; Android 10; ONEPLUS A6000) AppleWebKit/537.36 (KHTML, like Gecko) Chrome/77.0.3865.116 Mobile Safari/537.36 EdgA/45.12.4.5121" 4529
218.202.93.91 - - [22/May/2024:01:32:14 +0700] "POST /usr/admin HTTP/1.0" 404 1856 "-" "Mozilla/5.0 (Windows NT 10.0; Win64; x64; rv:84.0) Gecko/20100101 Firefox/84.0" 538
220.119.157.130 - - [22/May/2024:01:21:22 +0700] "DELETE /usr/login HTTP/1.0" 304 582 "-" "Mozilla/5.0 (Windows NT 10.0; Win64; x64) AppleWebKit/537.36 (KHTML, like Gecko) Chrome/87.0.4280.88 Safari/537.36 OPR/73.0.3856.329" 2200
41.211.66.128 - - [22/May/2024:01:06:13 +0700] "GET /usr/register HTTP/1.0" 304 2801 "https://martin.org/category/app/appindex.html" "Mozilla/5.0 (Windows NT 10.0; Win64; x64) AppleWebKit/537.36 (KHTML, like Gecko) Chrome/89.0.4380.0 Safari/537.36 Edg/89.0.759.0" 338
138.170.70.238 - - [22/May/2024:01:30:49 +0700] "DELETE /usr/admin HTTP/1.0" 500 217 "-" "Mozilla/5.0 (Windows NT 10.0; Win64; x64) AppleWebKit/537.36 (KHTML, like Gecko) Chrome/87.0.4280.141 Safari/537.36" 4337
108.123.240.117 - - [22/May/2024:01:19:08 +0700] "PUT /usr/login HTTP/1.0" 200 835 "-" "Mozilla/5.0 (Windows NT 10.0; Win64; x64) AppleWebKit/537.36 (KHTML, like Gecko) Chrome/87.0.4280.141 Safari/537.36" 71
143.106.89.246 - - [22/May/2024:01:22:27 +0700] "PUT /usr/admin/developer HTTP/1.0" 200 1200 "https://martin.org/category/app/appindex.html" "Mozilla/5.0 (Windows NT 10.0; Win64; x64) AppleWebKit/537.36 (KHTML, like Gecko) Chrome/87.0.4280.141 Safari/537.36" 4693
198.183.70.108 - - [22/May/2024:01:04:29 +0700] "DELETE /usr HTTP/1.0" 500 168 "https://martin.org/category/app/appindex.html" "Mozilla/5.0 (Android 10; Mobile; rv:84.0) Gecko/84.0 Firefox/84.0" 1023
26.146.108.114 - - [22/May/2024:01:39:00 +0700] "DELETE /usr/login HTTP/1.0" 404 3432 "https://martin.org/category/app/appindex.html" "Mozilla/5.0 (Windows NT 10.0; Win64; x64) AppleWebKit/537.36 (KHTML, like Gecko) Chrome/89.0.4380.0 Safari/537.36 Edg/89.0.759.0" 1658
218.202.93.91 - - [22/May/2024:01:29:55 +0700] "PUT /usr/register HTTP/1.0" 304 1438 "https://martin.org/category/app/appindex.html" "Mozilla/5.0 (Windows NT 10.0; Win64; x64) AppleWebKit/537.36 (KHTML, like Gecko) Chrome/89.0.4380.0 Safari/537.36 Edg/89.0.759.0" 175
220.119.157.130 - - [22/May/2024:01:59:51 +0700] "POST /usr/admin/developer HTTP/1.0" 502 3777 "-" "Mozilla/5.0 (Windows NT 10.0; Win64; x64) AppleWebKit/537.36 (KHTML, like Gecko) Chrome/87.0.4280.141 Safari/537.36" 4995
220.119.157.130 - - [22/May/2024:01:11:15 +0700] "POST /usr HTTP/1.0" 304 3880 "https://martin.org/category/app/appindex.html" "Mozilla/5.0 (Linux; Android 10; ONEPLUS A6000) AppleWebKit/537.36 (KHTML, like Gecko) Chrome/87.0.4280.141 Mobile Safari/537.36" 3395
21.182.137.165 - - [22/May/2024:01:18:04 +0700] "GET /usr/admin/developer HTTP/1.0" 200 1718 "https://martin.org/category/app/appindex.html" "Mozilla/5.0 (iPhone; CPU iPhone OS 12_4_9 like Mac OS X) AppleWebKit/605.1.15 (KHTML, like Gecko) Version/12.1.2 Mobile/15E148 Safari/604.1" 3884
21.182.137.165 - - [22/May/2024:01:44:29 +0700] "PUT /usr/admin HTTP/1.0" 303 3989 "https://martin.org/category/app/appindex.html" "Mozilla/5.0 (Android 10; Mobile; rv:84.0) Gecko/84.0 Firefox/84.0" 4359
106.49.89.176 - - [22/May/2024:01:23:45 +0700] "DELETE /usr/admin HTTP/1.0" 500 3208 "-" "Mozilla/5.0 (Linux; Android 10; ONEPLUS A6000) AppleWebKit/537.36 (KHTML, like Gecko) Chrome/77.0.3865.116 Mobile Safari/537.36 EdgA/45.12.4.5121" 690
91.214.160.215 - - [22/May/2024:01:33:16 +0700] "GET /usr/register HTTP/1.0" 500 4988 "https://martin.org/category/app/appindex.html" "Mozilla/5.0 (Linux; Android 10; ONEPLUS A6000) AppleWebKit/537.36 (KHTML, like Gecko) Chrome/77.0.3865.116 Mobile Safari/537.36 EdgA/45.12.4.5121" 2943
35.203.220.171 - - [22/May/2024:01:56:55 +0700] "PUT /usr HTTP/1.0" 500 4533 "-" "Mozilla/5.0 (iPhone; CPU iPhone OS 12_4_9 like Mac OS X) AppleWebKit/605.1.15 (KHTML, like Gecko) Version/12.1.2 Mobile/15E148 Safari/604.1" 1474
212.118.114.85 - - [22/May/2024:01:51:11 +0700] "PUT /usr/admin/developer HTTP/1.0" 502 93 "https://martin.org/category/app/appindex.html" "Mozilla/5.0 (iPhone; CPU iPhone OS 12_4_9 like Mac OS X) AppleWebKit/605.1.15 (KHTML, like Gecko) Version/12.1.2 Mobile/15E148 Safari/604.1" 4522
106.49.89.176 - - [22/May/2024:01:48:01 +0700] "GET /usr/admin HTTP/1.0" 404 3584 "https://martin.org/category/app/appindex.html" "Mozilla/5.0 (Windows NT 10.0; Win64; x64; rv:84.0) Gecko/20100101 Firefox/84.0" 89
33.218.122.205 - - [22/May/2024:01:12:47 +0700] "POST /usr/admin HTTP/1.0" 403 3372 "-" "Mozilla/5.0 (Windows NT 10.0; Win64; x64) AppleWebKit/537.36 (KHTML, like Gecko) Chrome/87.0.4280.88 Safari/537.36 OPR/73.0.3856.329" 3356
132.191.172.36 - - [22/May/2024:01:23:08 +0700] "GET /usr HTTP/1.0" 200 142 "-" "Mozilla/5.0 (Android 10; Mobile; rv:84.0) Gecko/84.0 Firefox/84.0" 4226
41.230.116.70 - - [22/May/2024:01:23:26 +0700] "PUT /usr/register HTTP/1.0" 303 3358 "-" "Mozilla/5.0 (Windows NT 10.0; Win64; x64) AppleWebKit/537.36 (KHTML, like Gecko) Chrome/87.0.4280.141 Safari/537.36" 4485
220.119.157.130 - - [22/May/2024:01:39:43 +0700] "GET /usr HTTP/1.0" 502 3111 "https://martin.org/category/app/appindex.html" "Mozilla/5.0 (Linux; Android 10; ONEPLUS A6000) AppleWebKit/537.36 (KHTML, like Gecko) Chrome/77.0.3865.116 Mobile Safari/537.36 EdgA/45.12.4.5121" 3796
3.237.6.150 - - [22/May/2024:01:40:03 +0700] "POST /usr HTTP/1.0" 404 1226 "-" "Mozilla/5.0 (Macintosh; Intel Mac OS X 10_9_3) AppleWebKit/537.75.14 (KHTML, like Gecko) Version/7.0.3 Safari/7046A194A" 941
41.36.217.76 - - [22/May/2024:01:52:02 +0700] "DELETE /usr/admin HTTP/1.0" 304 1467 "-" "Mozilla/5.0 (Windows NT 10.0; Win64; x64; rv:84.0) Gecko/20100101 Firefox/84.0" 4753
16.25.184.140 - - [22/May/2024:01:47:33 +0700] "PUT /usr/login HTTP/1.0" 500 2166 "https://martin.org/category/app/appindex.html" "Mozilla/5.0 (Windows NT 10.0; Win64; x64) AppleWebKit/537.36 (KHTML, like Gecko) Chrome/87.0.4280.88 Safari/537.36 OPR/73.0.3856.329" 3739
41.211.66.128 - - [22/May/2024:01:31:21 +0700] "POST /usr/register HTTP/1.0" 404 3020 "https://martin.org/category/app/appindex.html" "Mozilla/5.0 (iPhone; CPU iPhone OS 12_4_9 like Mac OS X) AppleWebKit/605.1.15 (KHTML, like Gecko) Version/12.1.2 Mobile/15E148 Safari/604.1" 4926
218.25.1.114 - - [22/May/2024:01:33:59 +0700] "GET /usr/admin/developer HTTP/1.0" 502 3612 "https://martin.org/category/app/appindex.html" "Mozilla/5.0 (Windows NT 10.0; Win64; x64) AppleWebKit/537.36 (KHTML, like Gecko) Chrome/87.0.4280.88 Safari/537.36 OPR/73.0.3856.329" 3928
80.127.106.125 - - [22/May/2024:01:23:20 +0700] "DELETE /usr/admin/developer HTTP/1.0" 200 1600 "https://martin.org/category/app/appindex.html" "Mozilla/5.0 (Macintosh; Intel Mac OS X 10_9_3) AppleWebKit/537.75.14 (KHTML, like Gecko) Version/7.0.3 Safari/7046A194A" 2652
16.25.184.140 - - [22/May/2024:01:21:42 +0700] "PUT /usr/login HTTP/1.0" 303 2998 "https://martin.org/category/app/appindex.html" "Mozilla/5.0 (Macintosh; Intel Mac OS X 10_9_3) AppleWebKit/537.75.14 (KHTML, like Gecko) Version/7.0.3 Safari/7046A194A" 3742
41.211.66.128 - - [22/May/2024:01:01:55 +0700] "PUT /usr HTTP/1.0" 502 3730 "-" "Mozilla/5.0 (Windows NT 10.0; Win64; x64) AppleWebKit/537.36 (KHTML, like Gecko) Chrome/89.0.4380.0 Safari/537.36 Edg/89.0.759.0" 827
212.175.100.17 - - [22/May/2024:01:27:37 +0700] "POST /usr/admin/developer HTTP/1.0" 304 3261 "-" "Mozilla/5.0 (Android 10; Mobile; rv:84.0) Gecko/84.0 Firefox/84.0" 3985
26.174.77.251 - - [22/May/2024:01:43:30 +0700] "DELETE /usr/admin HTTP/1.0" 303 280 "-" "Mozilla/5.0 (Windows NT 10.0; Win64; x64) AppleWebKit/537.36 (KHTML, like Gecko) Chrome/87.0.4280.141 Safari/537.36" 1968
26.146.108.114 - - [22/May/2024:01:53:16 +0700] "POST /usr/admin/developer HTTP/1.0" 404 2678 "https://martin.org/category/app/appindex.html" "Mozilla/5.0 (Windows NT 10.0; Win64; x64; rv:84.0) Gecko/20100101 Firefox/84.0" 1385
170.22.78.167 - - [22/May/2024:01:51:27 +0700] "GET /usr/admin HTTP/1.0" 200 3451 "-" "Mozilla/5.0 (Android 10; Mobile; rv:84.0) Gecko/84.0 Firefox/84.0" 2306
200.177.71.253 - - [22/May/2024:01:40:40 +0700] "PUT /usr/admin/developer HTTP/1.0" 403 4014 "-" "Mozilla/5.0 (Macintosh; Intel Mac OS X 10_9_3) AppleWebKit/537.75.14 (KHTML, like Gecko) Version/7.0.3 Safari/7046A194A" 215
21.182.137.165 - - [22/May/2024:01:36:15 +0700] "PUT /usr/admin HTTP/1.0" 404 2874 "-" "Mozilla/5.0 (Windows NT 10.0; Win64; x64) AppleWebKit/537.36 (KHTML, like Gecko) Chrome/87.0.4280.88 Safari/537.36 OPR/73.0.3856.329" 4842
108.123.240.117 - - [22/May/2024:01:56:09 +0700] "DELETE /usr/admin HTTP/1.0" 500 4347 "https://martin.org/category/app/appindex.html" "Mozilla/5.0 (iPhone; CPU iPhone OS 12_4_9 like Mac OS X) AppleWebKit/605.1.15 (KHTML, like Gecko) Version/12.1.2 Mobile/15E148 Safari/604.1" 107
66.63.212.113 - - [22/May/2024:01:55:30 +0700] "PUT /usr/login HTTP/1.0" 404 2959 "-" "Mozilla/5.0 (Windows NT 10.0; Win64; x64) AppleWebKit/537.36 (KHTML, like Gecko) Chrome/87.0.4280.88 Safari/537.36 OPR/73.0.3856.329" 2265
84.104.191.135 - - [22/May/2024:01:05:32 +0700] "DELETE /usr/admin/developer HTTP/1.0" 303 1654 "-" "Mozilla/5.0 (Windows NT 10.0; Win64; x64) AppleWebKit/537.36 (KHTML, like Gecko) Chrome/87.0.4280.88 Safari/537.36 OPR/73.0.3856.329" 2929
26.134.198.19 - - [22/May/2024:01:01:18 +0700] "DELETE /usr HTTP/1.0" 304 2469 "https://martin.org/category/app/appindex.html" "Mozilla/5.0 (Macintosh; Intel Mac OS X 10_9_3) AppleWebKit/537.75.14 (KHTML, like Gecko) Version/7.0.3 Safari/7046A194A" 3769
111.179.174.61 - - [22/May/2024:01:34:15 +0700] "DELETE /usr/admin/developer HTTP/1.0" 303 2702 "-" "Mozilla/5.0 (Android 10; Mobile; rv:84.0) Gecko/84.0 Firefox/84.0" 1483
41.36.217.76 - - [22/May/2024:01:49:48 +0700] "POST /usr/register HTTP/1.0" 200 91 "-" "Mozilla/5.0 (Linux; Android 10; ONEPLUS A6000) AppleWebKit/537.36 (KHTML, like Gecko) Chrome/77.0.3865.116 Mobile Safari/537.36 EdgA/45.12.4.5121" 3378
66.63.212.113 - - [22/May/2024:01:49:20 +0700] "PUT /usr/register HTTP/1.0" 502 1733 "-" "Mozilla/5.0 (Windows NT 10.0; Win64; x64) AppleWebKit/537.36 (KHTML, like Gecko) Chrome/87.0.4280.88 Safari/537.36 OPR/73.0.3856.329" 2192
26.134.198.19 - - [22/May/2024:01:54:25 +0700] "POST /usr HTTP/1.0" 303 2817 "https://martin.org/category/app/appindex.html" "Mozilla/5.0 (iPhone; CPU iPhone OS 12_4_9 like Mac OS X) AppleWebKit/605.1.15 (KHTML, like Gecko) Version/12.1.2 Mobile/15E148 Safari/604.1" 1901
138.170.70.238 - - [22/May/2024:01:10:16 +0700] "GET /usr/login HTTP/1.0" 403 1116 "https://martin.org/category/app/appindex.html" "Mozilla/5.0 (iPhone; CPU iPhone OS 12_4_9 like Mac OS X) AppleWebKit/605.1.15 (KHTML, like Gecko) Version/12.1.2 Mobile/15E148 Safari/604.1" 4557
84.104.191.135 - - [22/May/2024:01:27:15 +0700] "PUT /usr HTTP/1.0" 403 4660 "-" "Mozilla/5.0 (Linux; Android 10; ONEPLUS A6000) AppleWebKit/537.36 (KHTML, like Gecko) Chrome/86.0.4240.198 Mobile Safari/537.36 OPR/61.2.3076.56749" 3930
200.177.71.253 - - [22/May/2024:01:52:05 +0700] "POST /usr HTTP/1.0" 502 3503 "https://martin.org/category/app/appindex.html" "Mozilla/5.0 (Windows NT 10.0; Win64; x64) AppleWebKit/537.36 (KHTML, like Gecko) Chrome/87.0.4280.141 Safari/537.36" 393
16.25.184.140 - - [22/May/2024:01:55:20 +0700] "POST /usr/login HTTP/1.0" 303 4570 "-" "Mozilla/5.0 (Windows NT 10.0; Win64; x64) AppleWebKit/537.36 (KHTML, like Gecko) Chrome/87.0.4280.88 Safari/537.36 OPR/73.0.3856.329" 4229
218.202.93.91 - - [22/May/2024:01:23:53 +0700] "GET /usr HTTP/1.0" 403 4418 "-" "Mozilla/5.0 (Windows NT 10.0; Win64; x64) AppleWebKit/537.36 (KHTML, like Gecko) Chrome/87.0.4280.141 Safari/537.36" 4748
132.191.172.36 - - [22/May/2024:01:31:33 +0700] "POST /usr/admin HTTP/1.0" 500 4701 "https://martin.org/category/app/appindex.html" "Mozilla/5.0 (Windows NT 10.0; Win64; x64; rv:84.0) Gecko/20100101 Firefox/84.0" 2750
21.182.137.165 - - [22/May/2024:01:05:35 +0700] "DELETE /usr/register HTTP/1.0" 502 1179 "https://martin.org/category/app/appindex.html" "Mozilla/5.0 (Linux; Android 10; ONEPLUS A6000) AppleWebKit/537.36 (KHTML, like Gecko) Chrome/86.0.4240.198 Mobile Safari/537.36 OPR/61.2.3076.56749" 4250
33.218.122.205 - - [22/May/2024:01:55:39 +0700] "POST /usr HTTP/1.0" 404 4183 "https://martin.org/category/app/appindex.html" "Mozilla/5.0 (Android 10; Mobile; rv:84.0) Gecko/84.0 Firefox/84.0" 2950
66.63.212.113 - - [22/May/2024:01:25:24 +0700] "GET /usr HTTP/1.0" 500 1705 "-" "Mozilla/5.0 (iPhone; CPU iPhone OS 12_4_9 like Mac OS X) AppleWebKit/605.1.15 (KHTML, like Gecko) Version/12.1.2 Mobile/15E148 Safari/604.1" 3653
26.146.108.114 - - [22/May/2024:01:38:15 +0700] "PUT /usr/login HTTP/1.0" 502 2748 "-" "Mozilla/5.0 (Windows NT 10.0; Win64; x64) AppleWebKit/537.36 (KHTML, like Gecko) Chrome/87.0.4280.88 Safari/537.36 OPR/73.0.3856.329" 2266
35.203.220.171 - - [22/May/2024:01:06:49 +0700] "DELETE /usr/admin/developer HTTP/1.0" 304 109 "https://martin.org/category/app/appindex.html" "Mozilla/5.0 (Windows NT 10.0; Win64; x64) AppleWebKit/537.36 (KHTML, like Gecko) Chrome/87.0.4280.141 Safari/537.36" 1900
212.175.100.17 - - [22/May/2024:01:51:01 +0700] "PUT /usr/login HTTP/1.0" 304 2518 "https://martin.org/category/app/appindex.html" "Mozilla/5.0 (Windows NT 10.0; Win64; x64) AppleWebKit/537.36 (KHTML, like Gecko) Chrome/89.0.4380.0 Safari/537.36 Edg/89.0.759.0" 4021
80.127.106.125 - - [22/May/2024:01:11:38 +0700] "POST /usr HTTP/1.0" 200 4991 "-" "Mozilla/5.0 (iPhone; CPU iPhone OS 12_4_9 like Mac OS X) AppleWebKit/605.1.15 (KHTML, like Gecko) Version/12.1.2 Mobile/15E148 Safari/604.1" 454
84.104.191.135 - - [22/May/2024:01:56:12 +0700] "POST /usr HTTP/1.0" 502 2541 "-" "Mozilla/5.0 (Android 10; Mobile; rv:84.0) Gecko/84.0 Firefox/84.0" 3166
16.25.184.140 - - [22/May/2024:01:08:56 +0700] "DELETE /usr/login HTTP/1.0" 500 699 "-" "Mozilla/5.0 (Windows NT 10.0; Win64; x64) AppleWebKit/537.36 (KHTML, like Gecko) Chrome/87.0.4280.141 Safari/537.36" 3772
41.36.217.76 - - [22/May/2024:01:41:05 +0700] "PUT /usr/register HTTP/1.0" 200 377 "-" "Mozilla/5.0 (Linux; Android 10; ONEPLUS A6000) AppleWebKit/537.36 (KHTML, like Gecko) Chrome/87.0.4280.141 Mobile Safari/537.36" 1713
220.119.157.130 - - [22/May/2024:01:25:50 +0700] "PUT /usr/admin HTTP/1.0" 502 1140 "-" "Mozilla/5.0 (Linux; Android 10; ONEPLUS A6000) AppleWebKit/537.36 (KHTML, like Gecko) Chrome/86.0.4240.198 Mobile Safari/537.36 OPR/61.2.3076.56749" 2735
218.25.1.114 - - [22/May/2024:01:00:39 +0700] "GET /usr/admin/developer HTTP/1.0" 403 1174 "-" "Mozilla/5.0 (Windows NT 10.0; Win64; x64) AppleWebKit/537.36 (KHTML, like Gecko) Chrome/87.0.4280.141 Safari/537.36" 2429
26.174.77.251 - - [22/May/2024:01:57:08 +0700] "GET /usr/admin/developer HTTP/1.0" 403 2261 "https://martin.org/category/app/appindex.html" "Mozilla/5.0 (Windows NT 10.0; Win64; x64) AppleWebKit/537.36 (KHTML, like Gecko) Chrome/89.0.4380.0 Safari/537.36 Edg/89.0.759.0" 3921
108.123.240.117 - - [22/May/2024:01:28:47 +0700] "POST /usr/register HTTP/1.0" 502 3644 "https://martin.org/category/app/appindex.html" "Mozilla/5.0 (Macintosh; Intel Mac OS X 10_9_3) AppleWebKit/537.75.14 (KHTML, like Gecko) Version/7.0.3 Safari/7046A194A" 36
3.237.6.150 - - [22/May/2024:01:32:18 +0700] "PUT /usr HTTP/1.0" 502 4743 "https://martin.org/category/app/appindex.html" "Mozilla/5.0 (Macintosh; Intel Mac OS X 10_9_3) AppleWebKit/537.75.14 (KHTML, like Gecko) Version/7.0.3 Safari/7046A194A" 2494
170.22.78.167 - - [22/May/2024:01:07:39 +0700] "DELETE /usr/register HTTP/1.0" 200 2073 "https://martin.org/category/app/appindex.html" "Mozilla/5.0 (Windows NT 10.0; Win64; x64) AppleWebKit/537.36 (KHTML, like Gecko) Chrome/89.0.4380.0 Safari/537.36 Edg/89.0.759.0" 831
21.182.137.165 - - [22/May/2024:01:20:52 +0700] "GET /usr HTTP/1.0" 404 4379 "https://martin.org/category/app/appindex.html" "Mozilla/5.0 (Macintosh; Intel Mac OS X 10_9_3) AppleWebKit/537.75.14 (KHTML, like Gecko) Version/7.0.3 Safari/7046A194A" 2381
3.237.6.150 - - [22/May/2024:01:42:09 +0700] "PUT /usr/admin/developer HTTP/1.0" 500 186 "-" "Mozilla/5.0 (Windows NT 10.0; Win64; x64) AppleWebKit/537.36 (KHTML, like Gecko) Chrome/89.0.4380.0 Safari/537.36 Edg/89.0.759.0" 1010
41.211.66.128 - - [22/May/2024:01:38:02 +0700] "POST /usr HTTP/1.0" 200 397 "https://martin.org/category/app/appindex.html" "Mozilla/5.0 (Linux; Android 10; ONEPLUS A6000) AppleWebKit/537.36 (KHTML, like Gecko) Chrome/86.0.4240.198 Mobile Safari/537.36 OPR/61.2.3076.56749" 1936
218.202.93.91 - - [22/May/2024:02:16:06 +0700] "DELETE /usr/admin HTTP/1.0" 502 1894 "-" "Mozilla/5.0 (Linux; Android 10; ONEPLUS A6000) AppleWebKit/537.36 (KHTML, like Gecko) Chrome/77.0.3865.116 Mobile Safari/537.36 EdgA/45.12.4.5121" 1717
66.63.212.113 - - [22/May/2024:02:19:45 +0700] "DELETE /usr/admin/developer HTTP/1.0" 200 3551 "-" "Mozilla/5.0 (Windows NT 10.0; Win64; x64) AppleWebKit/537.36 (KHTML, like Gecko) Chrome/87.0.4280.141 Safari/537.36" 45
198.183.70.108 - - [22/May/2024:02:23:53 +0700] "POST /usr/login HTTP/1.0" 304 1687 "-" "Mozilla/5.0 (iPhone; CPU iPhone OS 12_4_9 like Mac OS X) AppleWebKit/605.1.15 (KHTML, like Gecko) Version/12.1.2 Mobile/15E148 Safari/604.1" 3615
111.179.174.61 - - [22/May/2024:02:31:20 +0700] "PUT /usr/admin/developer HTTP/1.0" 304 4693 "-" "Mozilla/5.0 (Windows NT 10.0; Win64; x64) AppleWebKit/537.36 (KHTML, like Gecko) Chrome/89.0.4380.0 Safari/537.36 Edg/89.0.759.0" 2322
108.123.240.117 - - [22/May/2024:02:41:42 +0700] "PUT /usr/admin HTTP/1.0" 304 996 "-" "Mozilla/5.0 (Windows NT 10.0; Win64; x64) AppleWebKit/537.36 (KHTML, like Gecko) Chrome/89.0.4380.0 Safari/537.36 Edg/89.0.759.0" 1358
41.211.66.128 - - [22/May/2024:02:39:41 +0700] "DELETE /usr/login HTTP/1.0" 403 1750 "https://martin.org/category/app/appindex.html" "Mozilla/5.0 (Linux; Android 10; ONEPLUS A6000) AppleWebKit/537.36 (KHTML, like Gecko) Chrome/86.0.4240.198 Mobile Safari/537.36 OPR/61.2.3076.56749" 4129
41.36.217.76 - - [22/May/2024:02:38:58 +0700] "PUT /usr/admin/developer HTTP/1.0" 200 1368 "https://martin.org/category/app/appindex.html" "Mozilla/5.0 (Windows NT 10.0; Win64; x64) AppleWebKit/537.36 (KHTML, like Gecko) Chrome/87.0.4280.88 Safari/537.36 OPR/73.0.3856.329" 1772
26.174.77.251 - - [22/May/2024:02:17:18 +0700] "DELETE /usr HTTP/1.0" 404 3845 "-" "Mozilla/5.0 (iPhone; CPU iPhone OS 12_4_9 like Mac OS X) AppleWebKit/605.1.15 (KHTML, like Gecko) Version/12.1.2 Mobile/15E148 Safari/604.1" 4556
41.230.116.70 - - [22/May/2024:02:11:12 +0700] "PUT /usr/login HTTP/1.0" 404 4059 "https://martin.org/category/app/appindex.html" "Mozilla/5.0 (Windows NT 10.0; Win64; x64) AppleWebKit/537.36 (KHTML, like Gecko) Chrome/87.0.4280.88 Safari/537.36 OPR/73.0.3856.329" 2179
218.202.93.91 - - [22/May/2024:02:43:14 +0700] "GET /usr/register HTTP/1.0" 403 3920 "-" "Mozilla/5.0 (Windows NT 10.0; Win64; x64; rv:84.0) Gecko/20100101 Firefox/84.0" 807
91.214.160.215 - - [22/May/2024:02:27:51 +0700] "POST /usr/admin/developer HTTP/1.0" 502 1635 "https://martin.org/category/app/appindex.html" "Mozilla/5.0 (Linux; Android 10; ONEPLUS A6000) AppleWebKit/537.36 (KHTML, like Gecko) Chrome/87.0.4280.141 Mobile Safari/537.36" 334
170.22.78.167 - - [22/May/2024:02:03:14 +0700] "PUT /usr/admin HTTP/1.0" 404 2148 "-" "Mozilla/5.0 (Android 10; Mobile; rv:84.0) Gecko/84.0 Firefox/84.0" 4812
138.170.70.238 - - [22/May/2024:02:18:21 +0700] "GET /usr HTTP/1.0" 403 3175 "-" "Mozilla/5.0 (Android 10; Mobile; rv:84.0) Gecko/84.0 Firefox/84.0" 90
198.183.70.108 - - [22/May/2024:02:47:54 +0700] "GET /usr/login HTTP/1.0" 303 2581 "https://martin.org/category/app/appindex.html" "Mozilla/5.0 (Android 10; Mobile; rv:84.0) Gecko/84.0 Firefox/84.0" 2353
26.174.77.251 - - [22/May/2024:02:21:01 +0700] "PUT /usr/admin/developer HTTP/1.0" 404 1974 "-" "Mozilla/5.0 (iPhone; CPU iPhone OS 12_4_9 like Mac OS X) AppleWebKit/605.1.15 (KHTML, like Gecko) Version/12.1.2 Mobile/15E148 Safari/604.1" 2500
106.49.89.176 - - [22/May/2024:02:19:27 +0700] "POST /usr/admin HTTP/1.0" 404 3166 "https://martin.org/category/app/appindex.html" "Mozilla/5.0 (Windows NT 10.0; Win64; x64) AppleWebKit/537.36 (KHTML, like Gecko) Chrome/89.0.4380.0 Safari/537.36 Edg/89.0.759.0" 1794
200.177.71.253 - - [22/May/2024:02:22:17 +0700] "GET /usr/register HTTP/1.0" 303 3859 "https://martin.org/category/app/appindex.html" "Mozilla/5.0 (iPhone; CPU iPhone OS 12_4_9 like Mac OS X) AppleWebKit/605.1.15 (KHTML, like Gecko) Version/12.1.2 Mobile/15E148 Safari/604.1" 1506
138.170.70.238 - - [22/May/2024:02:09:47 +0700] "PUT /usr HTTP/1.0" 500 3567 "https://martin.org/category/app/appindex.html" "Mozilla/5.0 (Windows NT 10.0; Win64; x64) AppleWebKit/537.36 (KHTML, like Gecko) Chrome/89.0.4380.0 Safari/537.36 Edg/89.0.759.0" 2717
66.63.212.113 - - [22/May/2024:02:50:06 +0700] "DELETE /usr HTTP/1.0" 404 1007 "https://martin.org/category/app/appindex.html" "Mozilla/5.0 (Linux; Android 10; ONEPLUS A6000) AppleWebKit/537.36 (KHTML, like Gecko) Chrome/86.0.4240.198 Mobile Safari/537.36 OPR/61.2.3076.56749" 4095
198.183.70.108 - - [22/May/2024:02:55:59 +0700] "DELETE /usr/register HTTP/1.0" 502 2754 "-" "Mozilla/5.0 (iPhone; CPU iPhone OS 12_4_9 like Mac OS X) AppleWebKit/605.1.15 (KHTML, like Gecko) Version/12.1.2 Mobile/15E148 Safari/604.1" 2110
80.127.106.125 - - [22/May/2024:02:19:54 +0700] "PUT /usr/login HTTP/1.0" 303 1514 "-" "Mozilla/5.0 (Android 10; Mobile; rv:84.0) Gecko/84.0 Firefox/84.0" 4698
84.104.191.135 - - [22/May/2024:02:27:35 +0700] "DELETE /usr/admin HTTP/1.0" 304 2906 "https://martin.org/category/app/appindex.html" "Mozilla/5.0 (Windows NT 10.0; Win64; x64) AppleWebKit/537.36 (KHTML, like Gecko) Chrome/87.0.4280.141 Safari/537.36" 3138
198.183.70.108 - - [22/May/2024:02:25:28 +0700] "DELETE /usr/admin HTTP/1.0" 500 1294 "https://martin.org/category/app/appindex.html" "Mozilla/5.0 (Windows NT 10.0; Win64; x64) AppleWebKit/537.36 (KHTML, like Gecko) Chrome/87.0.4280.88 Safari/537.36 OPR/73.0.3856.329" 1943
3.237.6.150 - - [22/May/2024:02:23:47 +0700] "DELETE /usr HTTP/1.0" 500 4527 "https://martin.org/category/app/appindex.html" "Mozilla/5.0 (Windows NT 10.0; Win64; x64) AppleWebKit/537.36 (KHTML, like Gecko) Chrome/87.0.4280.88 Safari/537.36 OPR/73.0.3856.329" 1965
143.106.89.246 - - [22/May/2024:02:01:41 +0700] "GET /usr/register HTTP/1.0" 304 2313 "-" "Mozilla/5.0 (Linux; Android 10; ONEPLUS A6000) AppleWebKit/537.36 (KHTML, like Gecko) Chrome/87.0.4280.141 Mobile Safari/537.36" 3231
91.214.160.215 - - [22/May/2024:02:48:02 +0700] "PUT /usr/login HTTP/1.0" 500 3085 "https://martin.org/category/app/appindex.html" "Mozilla/5.0 (Linux; Android 10; ONEPLUS A6000) AppleWebKit/537.36 (KHTML, like Gecko) Chrome/86.0.4240.198 Mobile Safari/537.36 OPR/61.2.3076.56749" 2466
33.218.122.205 - - [22/May/2024:02:24:19 +0700] "DELETE /usr/register HTTP/1.0" 304 2652 "-" "Mozilla/5.0 (Windows NT 10.0; Win64; x64) AppleWebKit/537.36 (KHTML, like Gecko) Chrome/87.0.4280.88 Safari/537.36 OPR/73.0.3856.329" 4702
26.174.77.251 - - [22/May/2024:02:37:46 +0700] "PUT /usr/admin HTTP/1.0" 502 1310 "https://martin.org/category/app/appindex.html" "Mozilla/5.0 (iPhone; CPU iPhone OS 12_4_9 like Mac OS X) AppleWebKit/605.1.15 (KHTML, like Gecko) Version/12.1.2 Mobile/15E148 Safari/604.1" 4010
198.183.70.108 - - [22/May/2024:02:27:10 +0700] "POST /usr/login HTTP/1.0" 303 2356 "https://martin.org/category/app/appindex.html" "Mozilla/5.0 (Linux; Android 10; ONEPLUS A6000) AppleWebKit/537.36 (KHTML, like Gecko) Chrome/86.0.4240.198 Mobile Safari/537.36 OPR/61.2.3076.56749" 3428
111.179.174.61 - - [22/May/2024:02:24:14 +0700] "DELETE /usr/register HTTP/1.0" 502 2140 "-" "Mozilla/5.0 (Windows NT 10.0; Win64; x64; rv:84.0) Gecko/20100101 Firefox/84.0" 699
16.25.184.140 - - [22/May/2024:02:54:36 +0700] "GET /usr/admin/developer HTTP/1.0" 502 4474 "-" "Mozilla/5.0 (Linux; Android 10; ONEPLUS A6000) AppleWebKit/537.36 (KHTML, like Gecko) Chrome/77.0.3865.116 Mobile Safari/537.36 EdgA/45.12.4.5121" 4297
84.104.191.135 - - [22/May/2024:02:23:15 +0700] "DELETE /usr HTTP/1.0" 200 3751 "-" "Mozilla/5.0 (Windows NT 10.0; Win64; x64; rv:84.0) Gecko/20100101 Firefox/84.0" 2432
170.22.78.167 - - [22/May/2024:02:52:51 +0700] "DELETE /usr/login HTTP/1.0" 303 2191 "-" "Mozilla/5.0 (Windows NT 10.0; Win64; x64) AppleWebKit/537.36 (KHTML, like Gecko) Chrome/89.0.4380.0 Safari/537.36 Edg/89.0.759.0" 2376
41.36.217.76 - - [22/May/2024:02:03:24 +0700] "GET /usr/register HTTP/1.0" 200 2390 "https://martin.org/category/app/appindex.html" "Mozilla/5.0 (Windows NT 10.0; Win64; x64) AppleWebKit/537.36 (KHTML, like Gecko) Chrome/89.0.4380.0 Safari/537.36 Edg/89.0.759.0" 1135
108.123.240.117 - - [22/May/2024:02:39:00 +0700] "DELETE /usr HTTP/1.0" 200 4046 "https://martin.org/category/app/appindex.html" "Mozilla/5.0 (iPhone; CPU iPhone OS 12_4_9 like Mac OS X) AppleWebKit/605.1.15 (KHTML, like Gecko) Version/12.1.2 Mobile/15E148 Safari/604.1" 248
218.202.93.91 - - [22/May/2024:02:16:15 +0700] "POST /usr/login HTTP/1.0" 404 4396 "https://martin.org/category/app/appindex.html" "Mozilla/5.0 (Windows NT 10.0; Win64; x64) AppleWebKit/537.36 (KHTML, like Gecko) Chrome/87.0.4280.141 Safari/537.36" 2357
84.104.191.135 - - [22/May/2024:02:53:04 +0700] "POST /usr/login HTTP/1.0" 500 3666 "-" "Mozilla/5.0 (Linux; Android 10; ONEPLUS A6000) AppleWebKit/537.36 (KHTML, like Gecko) Chrome/87.0.4280.141 Mobile Safari/537.36" 3548
84.104.191.135 - - [22/May/2024:02:47:16 +0700] "POST /usr/login HTTP/1.0" 200 3836 "https://martin.org/category/app/appindex.html" "Mozilla/5.0 (Linux; Android 10; ONEPLUS A6000) AppleWebKit/537.36 (KHTML, like Gecko) Chrome/86.0.4240.198 Mobile Safari/537.36 OPR/61.2.3076.56749" 2238
218.25.1.114 - - [22/May/2024:02:42:07 +0700] "GET /usr HTTP/1.0" 403 4014 "-" "Mozilla/5.0 (Linux; Android 10; ONEPLUS A6000) AppleWebKit/537.36 (KHTML, like Gecko) Chrome/86.0.4240.198 Mobile Safari/537.36 OPR/61.2.3076.56749" 3071
91.214.160.215 - - [22/May/2024:02:31:13 +0700] "PUT /usr/admin HTTP/1.0" 200 1650 "https://martin.org/category/app/appindex.html" "Mozilla/5.0 (iPhone; CPU iPhone OS 12_4_9 like Mac OS X) AppleWebKit/605.1.15 (KHTML, like Gecko) Version/12.1.2 Mobile/15E148 Safari/604.1" 4531
80.127.106.125 - - [22/May/2024:02:25:03 +0700] "POST /usr/register HTTP/1.0" 404 89 "https://martin.org/category/app/appindex.html" "Mozilla/5.0 (Windows NT 10.0; Win64; x64; rv:84.0) Gecko/20100101 Firefox/84.0" 3583
41.211.66.128 - - [22/May/2024:02:22:29 +0700] "POST /usr/register HTTP/1.0" 500 3779 "-" "Mozilla/5.0 (Linux; Android 10; ONEPLUS A6000) AppleWebKit/537.36 (KHTML, like Gecko) Chrome/86.0.4240.198 Mobile Safari/537.36 OPR/61.2.3076.56749" 3527
218.25.1.114 - - [22/May/2024:02:37:58 +0700] "GET /usr/login HTTP/1.0" 304 4154 "-" "Mozilla/5.0 (Windows NT 10.0; Win64; x64) AppleWebKit/537.36 (KHTML, like Gecko) Chrome/87.0.4280.88 Safari/537.36 OPR/73.0.3856.329" 3710
33.218.122.205 - - [22/May/2024:02:25:53 +0700] "POST /usr HTTP/1.0" 404 3020 "-" "Mozilla/5.0 (Windows NT 10.0; Win64; x64) AppleWebKit/537.36 (KHTML, like Gecko) Chrome/87.0.4280.141 Safari/537.36" 3886
91.214.160.215 - - [22/May/2024:02:56:01 +0700] "DELETE /usr/login HTTP/1.0" 303 4875 "https://martin.org/category/app/appindex.html" "Mozilla/5.0 (Windows NT 10.0; Win64; x64) AppleWebKit/537.36 (KHTML, like Gecko) Chrome/89.0.4380.0 Safari/537.36 Edg/89.0.759.0" 2102
26.134.198.19 - - [22/May/2024:02:04:09 +0700] "DELETE /usr HTTP/1.0" 502 4859 "https://martin.org/category/app/appindex.html" "Mozilla/5.0 (Windows NT 10.0; Win64; x64) AppleWebKit/537.36 (KHTML, like Gecko) Chrome/87.0.4280.141 Safari/537.36" 4669
26.134.198.19 - - [22/May/2024:02:47:17 +0700] "PUT /usr/register HTTP/1.0" 200 4362 "-" "Mozilla/5.0 (Android 10; Mobile; rv:84.0) Gecko/84.0 Firefox/84.0" 2623
138.170.70.238 - - [22/May/2024:02:32:37 +0700] "PUT /usr/admin/developer HTTP/1.0" 304 846 "-" "Mozilla/5.0 (Linux; Android 10; ONEPLUS A6000) AppleWebKit/537.36 (KHTML, like Gecko) Chrome/87.0.4280.141 Mobile Safari/537.36" 3452
139.131.74.210 - - [22/May/2024:02:59:22 +0700] "POST /usr/admin/developer HTTP/1.0" 304 2492 "-" "Mozilla/5.0 (Linux; Android 10; ONEPLUS A6000) AppleWebKit/537.36 (KHTML, like Gecko) Chrome/77.0.3865.116 Mobile Safari/537.36 EdgA/45.12.4.5121" 4508
143.106.89.246 - - [22/May/2024:02:02:39 +0700] "GET /usr/register HTTP/1.0" 303 773 "https://martin.org/category/app/appindex.html" "Mozilla/5.0 (Windows NT 10.0; Win64; x64) AppleWebKit/537.36 (KHTML, like Gecko) Chrome/87.0.4280.141 Safari/537.36" 2237
41.230.116.70 - - [22/May/2024:02:46:24 +0700] "POST /usr HTTP/1.0" 404 414 "-" "Mozilla/5.0 (Windows NT 10.0; Win64; x64) AppleWebKit/537.36 (KHTML, like Gecko) Chrome/89.0.4380.0 Safari/537.36 Edg/89.0.759.0" 2553
200.177.71.253 - - [22/May/2024:02:40:40 +0700] "GET /usr/admin/developer HTTP/1.0" 404 2551 "-" "Mozilla/5.0 (Macintosh; Intel Mac OS X 10_9_3) AppleWebKit/537.75.14 (KHTML, like Gecko) Version/7.0.3 Safari/7046A194A" 1938
21.182.137.165 - - [22/May/2024:02:43:12 +0700] "POST /usr/register HTTP/1.0" 403 1447 "https://martin.org/category/app/appindex.html" "Mozilla/5.0 (Android 10; Mobile; rv:84.0) Gecko/84.0 Firefox/84.0" 3513
66.63.212.113 - - [22/May/2024:02:03:24 +0700] "GET /usr/admin/developer HTTP/1.0" 200 940 "https://martin.org/category/app/appindex.html" "Mozilla/5.0 (Android 10; Mobile; rv:84.0) Gecko/84.0 Firefox/84.0" 4058
212.118.114.85 - - [22/May/2024:02:02:04 +0700] "DELETE /usr/admin HTTP/1.0" 502 4178 "https://martin.org/category/app/appindex.html" "Mozilla/5.0 (Windows NT 10.0; Win64; x64) AppleWebKit/537.36 (KHTML, like Gecko) Chrome/89.0.4380.0 Safari/537.36 Edg/89.0.759.0" 2695
26.146.108.114 - - [22/May/2024:02:36:05 +0700] "GET /usr/admin HTTP/1.0" 200 3016 "-" "Mozilla/5.0 (Macintosh; Intel Mac OS X 10_9_3) AppleWebKit/537.75.14 (KHTML, like Gecko) Version/7.0.3 Safari/7046A194A" 4982
41.36.217.76 - - [22/May/2024:02:57:56 +0700] "DELETE /usr/admin HTTP/1.0" 200 1050 "-" "Mozilla/5.0 (Linux; Android 10; ONEPLUS A6000) AppleWebKit/537.36 (KHTML, like Gecko) Chrome/77.0.3865.116 Mobile Safari/537.36 EdgA/45.12.4.5121" 1192
108.123.240.117 - - [22/May/2024:02:23:29 +0700] "PUT /usr/admin/developer HTTP/1.0" 304 4526 "https://martin.org/category/app/appindex.html" "Mozilla/5.0 (Linux; Android 10; ONEPLUS A6000) AppleWebKit/537.36 (KHTML, like Gecko) Chrome/77.0.3865.116 Mobile Safari/537.36 EdgA/45.12.4.5121" 4589
66.63.212.113 - - [22/May/2024:02:23:25 +0700] "GET /usr/login HTTP/1.0" 304 373 "https://martin.org/category/app/appindex.html" "Mozilla/5.0 (Linux; Android 10; ONEPLUS A6000) AppleWebKit/537.36 (KHTML, like Gecko) Chrome/87.0.4280.141 Mobile Safari/537.36" 3125
218.25.1.114 - - [22/May/2024:02:58:37 +0700] "POST /usr/admin HTTP/1.0" 403 1830 "https://martin.org/category/app/appindex.html" "Mozilla/5.0 (Windows NT 10.0; Win64; x64) AppleWebKit/537.36 (KHTML, like Gecko) Chrome/87.0.4280.88 Safari/537.36 OPR/73.0.3856.329" 1981
218.202.93.91 - - [22/May/2024:02:55:05 +0700] "PUT /usr/admin/developer HTTP/1.0" 403 288 "-" "Mozilla/5.0 (Windows NT 10.0; Win64; x64; rv:84.0) Gecko/20100101 Firefox/84.0" 2825
212.118.114.85 - - [22/May/2024:02:21:46 +0700] "GET /usr HTTP/1.0" 404 4144 "-" "Mozilla/5.0 (Linux; Android 10; ONEPLUS A6000) AppleWebKit/537.36 (KHTML, like Gecko) Chrome/86.0.4240.198 Mobile Safari/537.36 OPR/61.2.3076.56749" 2279
212.175.100.17 - - [22/May/2024:02:36:17 +0700] "GET /usr/admin/developer HTTP/1.0" 304 1238 "-" "Mozilla/5.0 (iPhone; CPU iPhone OS 12_4_9 like Mac OS X) AppleWebKit/605.1.15 (KHTML, like Gecko) Version/12.1.2 Mobile/15E148 Safari/604.1" 4049
41.230.116.70 - - [22/May/2024:02:44:36 +0700] "POST /usr/register HTTP/1.0" 304 1513 "-" "Mozilla/5.0 (Linux; Android 10; ONEPLUS A6000) AppleWebKit/537.36 (KHTML, like Gecko) Chrome/86.0.4240.198 Mobile Safari/537.36 OPR/61.2.3076.56749" 4348
220.119.157.130 - - [22/May/2024:02:19:39 +0700] "POST /usr/register HTTP/1.0" 200 2000 "https://martin.org/category/app/appindex.html" "Mozilla/5.0 (Windows NT 10.0; Win64; x64) AppleWebKit/537.36 (KHTML, like Gecko) Chrome/89.0.4380.0 Safari/537.36 Edg/89.0.759.0" 3236
80.127.106.125 - - [22/May/2024:02:00:14 +0700] "GET /usr/admin/developer HTTP/1.0" 502 2434 "-" "Mozilla/5.0 (Windows NT 10.0; Win64; x64) AppleWebKit/537.36 (KHTML, like Gecko) Chrome/89.0.4380.0 Safari/537.36 Edg/89.0.759.0" 2746
143.106.89.246 - - [22/May/2024:02:43:45 +0700] "DELETE /usr/register HTTP/1.0" 403 2781 "https://martin.org/category/app/appindex.html" "Mozilla/5.0 (Linux; Android 10; ONEPLUS A6000) AppleWebKit/537.36 (KHTML, like Gecko) Chrome/77.0.3865.116 Mobile Safari/537.36 EdgA/45.12.4.5121" 2503
143.106.89.246 - - [22/May/2024:02:16:34 +0700] "POST /usr/login HTTP/1.0" 500 3506 "https://martin.org/category/app/appindex.html" "Mozilla/5.0 (Android 10; Mobile; rv:84.0) Gecko/84.0 Firefox/84.0" 678
198.183.70.108 - - [22/May/2024:02:38:41 +0700] "POST /usr/login HTTP/1.0" 403 695 "-" "Mozilla/5.0 (Windows NT 10.0; Win64; x64) AppleWebKit/537.36 (KHTML, like Gecko) Chrome/87.0.4280.88 Safari/537.36 OPR/73.0.3856.329" 529
200.177.71.253 - - [22/May/2024:02:50:04 +0700] "POST /usr/admin/developer HTTP/1.0" 502 2740 "-" "Mozilla/5.0 (Windows NT 10.0; Win64; x64; rv:84.0) Gecko/20100101 Firefox/84.0" 3954
218.25.1.114 - - [22/May/2024:02:12:38 +0700] "DELETE /usr HTTP/1.0" 500 611 "https://martin.org/category/app/appindex.html" "Mozilla/5.0 (Windows NT 10.0; Win64; x64) AppleWebKit/537.36 (KHTML, like Gecko) Chrome/87.0.4280.141 Safari/537.36" 3308
212.118.114.85 - - [22/May/2024:02:39:04 +0700] "DELETE /usr/admin/developer HTTP/1.0" 404 2013 "https://martin.org/category/app/appindex.html" "Mozilla/5.0 (Linux; Android 10; ONEPLUS A6000) AppleWebKit/537.36 (KHTML, like Gecko) Chrome/77.0.3865.116 Mobile Safari/537.36 EdgA/45.12.4.5121" 3141
84.104.191.135 - - [22/May/2024:02:33:06 +0700] "GET /usr/admin HTTP/1.0" 200 2764 "https://martin.org/category/app/appindex.html" "Mozilla/5.0 (Android 10; Mobile; rv:84.0) Gecko/84.0 Firefox/84.0" 2270
198.183.70.108 - - [22/May/2024:02:18:30 +0700] "DELETE /usr/login HTTP/1.0" 502 1200 "https://martin.org/category/app/appindex.html" "Mozilla/5.0 (Linux; Android 10; ONEPLUS A6000) AppleWebKit/537.36 (KHTML, like Gecko) Chrome/77.0.3865.116 Mobile Safari/537.36 EdgA/45.12.4.5121" 2245
212.175.100.17 - - [22/May/2024:02:00:48 +0700] "POST /usr HTTP/1.0" 200 3395 "-" "Mozilla/5.0 (iPhone; CPU iPhone OS 12_4_9 like Mac OS X) AppleWebKit/605.1.15 (KHTML, like Gecko) Version/12.1.2 Mobile/15E148 Safari/604.1" 2976
41.230.116.70 - - [22/May/2024:02:18:30 +0700] "POST /usr/login HTTP/1.0" 200 3736 "-" "Mozilla/5.0 (Windows NT 10.0; Win64; x64; rv:84.0) Gecko/20100101 Firefox/84.0" 4667
3.237.6.150 - - [22/May/2024:02:21:10 +0700] "PUT /usr/login HTTP/1.0" 500 2862 "-" "Mozilla/5.0 (Linux; Android 10; ONEPLUS A6000) AppleWebKit/537.36 (KHTML, like Gecko) Chrome/87.0.4280.141 Mobile Safari/537.36" 3911
111.179.174.61 - - [22/May/2024:02:09:42 +0700] "POST /usr/register HTTP/1.0" 304 3610 "https://martin.org/category/app/appindex.html" "Mozilla/5.0 (Linux; Android 10; ONEPLUS A6000) AppleWebKit/537.36 (KHTML, like Gecko) Chrome/87.0.4280.141 Mobile Safari/537.36" 4055
170.22.78.167 - - [22/May/2024:02:07:05 +0700] "PUT /usr HTTP/1.0" 403 1369 "-" "Mozilla/5.0 (Linux; Android 10; ONEPLUS A6000) AppleWebKit/537.36 (KHTML, like Gecko) Chrome/86.0.4240.198 Mobile Safari/537.36 OPR/61.2.3076.56749" 3137
26.134.198.19 - - [22/May/2024:02:10:28 +0700] "PUT /usr HTTP/1.0" 404 654 "https://martin.org/category/app/appindex.html" "Mozilla/5.0 (Windows NT 10.0; Win64; x64) AppleWebKit/537.36 (KHTML, like Gecko) Chrome/89.0.4380.0 Safari/537.36 Edg/89.0.759.0" 715
